2026-06-07 19:56:52,587 - INFO - Namespace(device_id=None, dataset='Cdataset', BERT_emb=False, LLM_emb=False, saved_path='../result\\GAT\\Cdataset_graph_ae_Morgan_5000_0.4_128\\0', seed=0, nfold=5, epoch=5000, learning_rate=0.01, weight_decay=0, patience=100, feature_type='Morgan', concatenate_type='graph_ae', hidden_feats=128, dropout=0.4, num_heads=2, clip_grad=1.0, leak_safe_mode=False, drug_in_feats=1024, disease_in_feats=768, exp_name='GAT', dr_fingerprint=True, dis_prot_assoc=True)
2026-06-07 19:56:52,588 - INFO - 
======================================================================
2026-06-07 19:56:52,591 - INFO - GAT MODEL — Drug-Disease Association Prediction
2026-06-07 19:56:52,592 - INFO - ======================================================================
2026-06-07 19:56:52,592 - INFO - 
[LEAKAGE WARNING] Similarity matrices (dr_sim, di_sim) are computed
over ALL nodes before the train/test split.  When these matrices are
derived from the DDA label matrix (Gaussian/Jaccard kernel), test
association information leaks into graph construction.
Set --leak_safe_mode to True to recompute per-fold (slower).
For chemical/sequence similarities (Morgan, ChemBERTa, BERT) this
risk is lower because they are label-independent.

2026-06-07 19:56:52,593 - INFO - Training on CPU
2026-06-07 19:56:53,157 - INFO - 
------------------------------------------------------------
2026-06-07 19:56:53,158 - INFO - 5-Fold CV  |  Fold 1
2026-06-07 19:56:53,158 - INFO - ------------------------------------------------------------
2026-06-07 19:56:53,387 - INFO - Graph: Graph(num_nodes={'disease': 409, 'drug': 663},
      num_edges={('disease', 'di_di', 'disease'): 6507, ('disease', 'di_dr', 'drug'): 2532, ('drug', 'dr_di', 'disease'): 2532, ('drug', 'dr_dr', 'drug'): 10582},
      metagraph=[('disease', 'disease', 'di_di'), ('disease', 'drug', 'di_dr'), ('drug', 'disease', 'dr_di'), ('drug', 'drug', 'dr_dr')])
2026-06-07 19:56:53,607 - INFO - Train pairs: 195239  |  Val pairs: 21694  |  Test pairs: 54234
2026-06-07 19:56:53,643 - INFO - Model parameters: 1,069,827
2026-06-07 19:56:57,351 - INFO - BCE pos_weight: 106.127
2026-06-07 19:57:55,978 - INFO - Epoch   50  Loss: 0.6556  TrainAUC: 0.9362  ValAUC: 0.9350  TestAUC: 0.9161  TestAUPR: 0.2233  (patience 0/100)
2026-06-07 19:58:55,230 - INFO - Epoch  100  Loss: 0.3565  TrainAUC: 0.9803  ValAUC: 0.9583  TestAUC: 0.9431  TestAUPR: 0.3821  (patience 4/100)
2026-06-07 19:59:54,018 - INFO - Epoch  150  Loss: 0.2181  TrainAUC: 0.9919  ValAUC: 0.9609  TestAUC: 0.9480  TestAUPR: 0.4723  (patience 13/100)
2026-06-07 20:00:52,129 - INFO - Epoch  200  Loss: 0.1582  TrainAUC: 0.9955  ValAUC: 0.9604  TestAUC: 0.9502  TestAUPR: 0.5300  (patience 63/100)
2026-06-07 20:01:49,468 - INFO - Epoch  250  Loss: 0.1145  TrainAUC: 0.9970  ValAUC: 0.9618  TestAUC: 0.9523  TestAUPR: 0.5505  (patience 113/100)
2026-06-07 20:02:46,864 - INFO - Epoch  300  Loss: 0.1037  TrainAUC: 0.9974  ValAUC: 0.9613  TestAUC: 0.9496  TestAUPR: 0.5685  (patience 163/100)
2026-06-07 20:03:43,891 - INFO - Epoch  350  Loss: 0.0987  TrainAUC: 0.9977  ValAUC: 0.9596  TestAUC: 0.9517  TestAUPR: 0.5825  (patience 213/100)
2026-06-07 20:04:41,275 - INFO - Epoch  400  Loss: 0.0891  TrainAUC: 0.9981  ValAUC: 0.9589  TestAUC: 0.9516  TestAUPR: 0.5954  (patience 263/100)
2026-06-07 20:05:38,648 - INFO - Epoch  450  Loss: 0.0780  TrainAUC: 0.9984  ValAUC: 0.9573  TestAUC: 0.9522  TestAUPR: 0.5940  (patience 313/100)
2026-06-07 20:06:35,919 - INFO - Epoch  500  Loss: 0.0800  TrainAUC: 0.9985  ValAUC: 0.9548  TestAUC: 0.9519  TestAUPR: 0.6084  (patience 363/100)
2026-06-07 20:07:34,910 - INFO - Epoch  550  Loss: 0.0732  TrainAUC: 0.9987  ValAUC: 0.9583  TestAUC: 0.9501  TestAUPR: 0.6013  (patience 413/100)
2026-06-07 20:08:31,477 - INFO - Epoch  600  Loss: 0.0633  TrainAUC: 0.9989  ValAUC: 0.9555  TestAUC: 0.9507  TestAUPR: 0.6065  (patience 463/100)
2026-06-07 20:09:32,229 - INFO - Epoch  650  Loss: 0.0671  TrainAUC: 0.9988  ValAUC: 0.9587  TestAUC: 0.9510  TestAUPR: 0.6179  (patience 513/100)
2026-06-07 20:10:28,416 - INFO - Epoch  700  Loss: 0.0604  TrainAUC: 0.9989  ValAUC: 0.9558  TestAUC: 0.9499  TestAUPR: 0.6108  (patience 563/100)
2026-06-07 20:11:23,678 - INFO - Epoch  750  Loss: 0.0704  TrainAUC: 0.9988  ValAUC: 0.9552  TestAUC: 0.9504  TestAUPR: 0.6221  (patience 613/100)
2026-06-07 20:12:18,872 - INFO - Epoch  800  Loss: 0.0675  TrainAUC: 0.9989  ValAUC: 0.9536  TestAUC: 0.9510  TestAUPR: 0.6082  (patience 663/100)
2026-06-07 20:13:13,914 - INFO - Epoch  850  Loss: 0.0565  TrainAUC: 0.9991  ValAUC: 0.9569  TestAUC: 0.9503  TestAUPR: 0.6240  (patience 713/100)
2026-06-07 20:14:09,150 - INFO - Epoch  900  Loss: 0.0594  TrainAUC: 0.9991  ValAUC: 0.9553  TestAUC: 0.9494  TestAUPR: 0.6211  (patience 763/100)
2026-06-07 20:15:06,157 - INFO - Epoch  950  Loss: 0.0557  TrainAUC: 0.9991  ValAUC: 0.9524  TestAUC: 0.9486  TestAUPR: 0.6273  (patience 813/100)
2026-06-07 20:16:03,208 - INFO - Epoch 1000  Loss: 0.0505  TrainAUC: 0.9992  ValAUC: 0.9533  TestAUC: 0.9486  TestAUPR: 0.6176  (patience 863/100)
2026-06-07 20:16:59,206 - INFO - Epoch 1050  Loss: 0.0655  TrainAUC: 0.9991  ValAUC: 0.9558  TestAUC: 0.9491  TestAUPR: 0.6160  (patience 913/100)
2026-06-07 20:17:55,498 - INFO - Epoch 1100  Loss: 0.0587  TrainAUC: 0.9991  ValAUC: 0.9542  TestAUC: 0.9477  TestAUPR: 0.6247  (patience 963/100)
2026-06-07 20:19:11,002 - INFO - Epoch 1150  Loss: 0.0573  TrainAUC: 0.9992  ValAUC: 0.9518  TestAUC: 0.9484  TestAUPR: 0.6251  (patience 1013/100)
2026-06-07 20:20:29,770 - INFO - Epoch 1200  Loss: 0.0522  TrainAUC: 0.9993  ValAUC: 0.9537  TestAUC: 0.9488  TestAUPR: 0.6226  (patience 1063/100)
2026-06-07 20:21:53,677 - INFO - Epoch 1250  Loss: 0.0497  TrainAUC: 0.9994  ValAUC: 0.9552  TestAUC: 0.9473  TestAUPR: 0.6264  (patience 1113/100)
2026-06-07 20:23:17,786 - INFO - Epoch 1300  Loss: 0.0493  TrainAUC: 0.9993  ValAUC: 0.9541  TestAUC: 0.9470  TestAUPR: 0.6310  (patience 1163/100)
2026-06-07 20:24:39,736 - INFO - Epoch 1350  Loss: 0.0419  TrainAUC: 0.9994  ValAUC: 0.9523  TestAUC: 0.9462  TestAUPR: 0.6330  (patience 1213/100)
2026-06-07 20:26:01,734 - INFO - Epoch 1400  Loss: 0.0486  TrainAUC: 0.9993  ValAUC: 0.9543  TestAUC: 0.9469  TestAUPR: 0.6295  (patience 1263/100)
2026-06-07 20:27:21,204 - INFO - Epoch 1450  Loss: 0.0455  TrainAUC: 0.9994  ValAUC: 0.9525  TestAUC: 0.9450  TestAUPR: 0.6286  (patience 1313/100)
2026-06-07 20:28:37,377 - INFO - Epoch 1500  Loss: 0.0446  TrainAUC: 0.9995  ValAUC: 0.9555  TestAUC: 0.9471  TestAUPR: 0.6302  (patience 1363/100)
2026-06-07 20:29:55,523 - INFO - Epoch 1550  Loss: 0.0467  TrainAUC: 0.9994  ValAUC: 0.9534  TestAUC: 0.9462  TestAUPR: 0.6350  (patience 1413/100)
2026-06-07 20:31:12,950 - INFO - Epoch 1600  Loss: 0.0403  TrainAUC: 0.9995  ValAUC: 0.9518  TestAUC: 0.9454  TestAUPR: 0.6321  (patience 1463/100)
2026-06-07 20:32:31,257 - INFO - Epoch 1650  Loss: 0.0533  TrainAUC: 0.9993  ValAUC: 0.9527  TestAUC: 0.9468  TestAUPR: 0.6358  (patience 1513/100)
2026-06-07 20:33:55,041 - INFO - Epoch 1700  Loss: 0.0430  TrainAUC: 0.9995  ValAUC: 0.9545  TestAUC: 0.9463  TestAUPR: 0.6408  (patience 1563/100)
2026-06-07 20:35:18,894 - INFO - Epoch 1750  Loss: 0.0435  TrainAUC: 0.9995  ValAUC: 0.9547  TestAUC: 0.9452  TestAUPR: 0.6241  (patience 1613/100)
2026-06-07 20:36:38,629 - INFO - Epoch 1800  Loss: 0.0407  TrainAUC: 0.9995  ValAUC: 0.9558  TestAUC: 0.9460  TestAUPR: 0.6355  (patience 1663/100)
2026-06-07 20:38:00,148 - INFO - Epoch 1850  Loss: 0.0443  TrainAUC: 0.9995  ValAUC: 0.9520  TestAUC: 0.9450  TestAUPR: 0.6290  (patience 1713/100)
2026-06-07 20:39:22,551 - INFO - Epoch 1900  Loss: 0.0406  TrainAUC: 0.9995  ValAUC: 0.9544  TestAUC: 0.9430  TestAUPR: 0.6162  (patience 1763/100)
2026-06-07 20:40:44,954 - INFO - Epoch 1950  Loss: 0.0408  TrainAUC: 0.9995  ValAUC: 0.9524  TestAUC: 0.9456  TestAUPR: 0.6321  (patience 1813/100)
2026-06-07 20:42:08,880 - INFO - Epoch 2000  Loss: 0.0459  TrainAUC: 0.9995  ValAUC: 0.9481  TestAUC: 0.9442  TestAUPR: 0.6204  (patience 1863/100)
2026-06-07 20:43:36,289 - INFO - Epoch 2050  Loss: 0.0439  TrainAUC: 0.9995  ValAUC: 0.9527  TestAUC: 0.9469  TestAUPR: 0.6366  (patience 1913/100)
2026-06-07 20:44:57,595 - INFO - Epoch 2100  Loss: 0.0376  TrainAUC: 0.9996  ValAUC: 0.9524  TestAUC: 0.9459  TestAUPR: 0.6433  (patience 1963/100)
2026-06-07 20:46:20,000 - INFO - Epoch 2150  Loss: 0.0405  TrainAUC: 0.9996  ValAUC: 0.9525  TestAUC: 0.9442  TestAUPR: 0.6378  (patience 2013/100)
2026-06-07 20:47:41,793 - INFO - Epoch 2200  Loss: 0.0355  TrainAUC: 0.9996  ValAUC: 0.9481  TestAUC: 0.9446  TestAUPR: 0.6355  (patience 2063/100)
2026-06-07 20:49:03,052 - INFO - Epoch 2250  Loss: 0.0410  TrainAUC: 0.9995  ValAUC: 0.9514  TestAUC: 0.9471  TestAUPR: 0.6354  (patience 2113/100)
2026-06-07 20:50:23,250 - INFO - Epoch 2300  Loss: 0.0374  TrainAUC: 0.9996  ValAUC: 0.9489  TestAUC: 0.9445  TestAUPR: 0.6200  (patience 2163/100)
2026-06-07 20:51:51,265 - INFO - Epoch 2350  Loss: 0.0408  TrainAUC: 0.9995  ValAUC: 0.9543  TestAUC: 0.9452  TestAUPR: 0.6295  (patience 2213/100)
2026-06-07 20:53:20,121 - INFO - Epoch 2400  Loss: 0.0359  TrainAUC: 0.9996  ValAUC: 0.9488  TestAUC: 0.9444  TestAUPR: 0.6496  (patience 2263/100)
2026-06-07 20:54:42,024 - INFO - Epoch 2450  Loss: 0.0347  TrainAUC: 0.9996  ValAUC: 0.9447  TestAUC: 0.9431  TestAUPR: 0.6226  (patience 2313/100)
2026-06-07 20:55:57,040 - INFO - Epoch 2500  Loss: 0.0390  TrainAUC: 0.9996  ValAUC: 0.9508  TestAUC: 0.9418  TestAUPR: 0.6280  (patience 2363/100)
2026-06-07 20:57:11,389 - INFO - Epoch 2550  Loss: 0.0325  TrainAUC: 0.9997  ValAUC: 0.9508  TestAUC: 0.9441  TestAUPR: 0.6299  (patience 2413/100)
2026-06-07 20:58:25,900 - INFO - Epoch 2600  Loss: 0.0337  TrainAUC: 0.9996  ValAUC: 0.9480  TestAUC: 0.9438  TestAUPR: 0.6416  (patience 2463/100)
2026-06-07 20:59:47,129 - INFO - Epoch 2650  Loss: 0.0296  TrainAUC: 0.9997  ValAUC: 0.9513  TestAUC: 0.9452  TestAUPR: 0.6415  (patience 2513/100)
2026-06-07 21:01:12,572 - INFO - Epoch 2700  Loss: 0.0471  TrainAUC: 0.9996  ValAUC: 0.9523  TestAUC: 0.9455  TestAUPR: 0.6387  (patience 2563/100)
2026-06-07 21:02:30,372 - INFO - Epoch 2750  Loss: 0.0342  TrainAUC: 0.9996  ValAUC: 0.9523  TestAUC: 0.9428  TestAUPR: 0.6254  (patience 2613/100)
2026-06-07 21:03:46,442 - INFO - Epoch 2800  Loss: 0.0306  TrainAUC: 0.9997  ValAUC: 0.9481  TestAUC: 0.9455  TestAUPR: 0.6497  (patience 2663/100)
2026-06-07 21:05:02,465 - INFO - Epoch 2850  Loss: 0.0333  TrainAUC: 0.9997  ValAUC: 0.9515  TestAUC: 0.9426  TestAUPR: 0.6311  (patience 2713/100)
2026-06-07 21:06:18,798 - INFO - Epoch 2900  Loss: 0.0345  TrainAUC: 0.9997  ValAUC: 0.9487  TestAUC: 0.9428  TestAUPR: 0.6345  (patience 2763/100)
2026-06-07 21:07:34,243 - INFO - Epoch 2950  Loss: 0.0309  TrainAUC: 0.9997  ValAUC: 0.9516  TestAUC: 0.9433  TestAUPR: 0.6210  (patience 2813/100)
2026-06-07 21:08:49,264 - INFO - Epoch 3000  Loss: 0.0368  TrainAUC: 0.9997  ValAUC: 0.9480  TestAUC: 0.9441  TestAUPR: 0.6422  (patience 2863/100)
2026-06-07 21:10:09,919 - INFO - Epoch 3050  Loss: 0.0327  TrainAUC: 0.9997  ValAUC: 0.9472  TestAUC: 0.9443  TestAUPR: 0.6386  (patience 2913/100)
2026-06-07 21:11:32,165 - INFO - Epoch 3100  Loss: 0.0286  TrainAUC: 0.9997  ValAUC: 0.9489  TestAUC: 0.9430  TestAUPR: 0.6489  (patience 2963/100)
2026-06-07 21:12:46,173 - INFO - Epoch 3150  Loss: 0.0342  TrainAUC: 0.9996  ValAUC: 0.9463  TestAUC: 0.9424  TestAUPR: 0.6434  (patience 3013/100)
2026-06-07 21:14:15,763 - INFO - Epoch 3200  Loss: 0.0392  TrainAUC: 0.9996  ValAUC: 0.9490  TestAUC: 0.9424  TestAUPR: 0.6415  (patience 3063/100)
2026-06-07 21:15:38,192 - INFO - Epoch 3250  Loss: 0.0292  TrainAUC: 0.9997  ValAUC: 0.9507  TestAUC: 0.9429  TestAUPR: 0.6487  (patience 3113/100)
2026-06-07 21:16:48,323 - INFO - Epoch 3300  Loss: 0.0317  TrainAUC: 0.9997  ValAUC: 0.9497  TestAUC: 0.9424  TestAUPR: 0.6453  (patience 3163/100)
2026-06-07 21:17:53,218 - INFO - Epoch 3350  Loss: 0.0327  TrainAUC: 0.9997  ValAUC: 0.9474  TestAUC: 0.9409  TestAUPR: 0.6404  (patience 3213/100)
2026-06-07 21:19:07,641 - INFO - Epoch 3400  Loss: 0.0308  TrainAUC: 0.9997  ValAUC: 0.9508  TestAUC: 0.9442  TestAUPR: 0.6450  (patience 3263/100)
2026-06-07 21:20:12,296 - INFO - Epoch 3450  Loss: 0.0363  TrainAUC: 0.9997  ValAUC: 0.9495  TestAUC: 0.9425  TestAUPR: 0.6475  (patience 3313/100)
2026-06-07 21:21:25,282 - INFO - Epoch 3500  Loss: 0.0280  TrainAUC: 0.9997  ValAUC: 0.9475  TestAUC: 0.9423  TestAUPR: 0.6470  (patience 3363/100)
2026-06-07 21:22:44,354 - INFO - Epoch 3550  Loss: 0.0347  TrainAUC: 0.9996  ValAUC: 0.9501  TestAUC: 0.9420  TestAUPR: 0.6372  (patience 3413/100)
2026-06-07 21:23:45,575 - INFO - Epoch 3600  Loss: 0.0309  TrainAUC: 0.9997  ValAUC: 0.9476  TestAUC: 0.9433  TestAUPR: 0.6440  (patience 3463/100)
2026-06-07 21:24:45,020 - INFO - Epoch 3650  Loss: 0.0297  TrainAUC: 0.9997  ValAUC: 0.9476  TestAUC: 0.9433  TestAUPR: 0.6361  (patience 3513/100)
2026-06-07 21:25:45,549 - INFO - Epoch 3700  Loss: 0.0334  TrainAUC: 0.9997  ValAUC: 0.9461  TestAUC: 0.9418  TestAUPR: 0.6352  (patience 3563/100)
2026-06-07 21:26:43,973 - INFO - Epoch 3750  Loss: 0.0310  TrainAUC: 0.9997  ValAUC: 0.9488  TestAUC: 0.9416  TestAUPR: 0.6361  (patience 3613/100)
2026-06-07 21:27:44,945 - INFO - Epoch 3800  Loss: 0.0308  TrainAUC: 0.9997  ValAUC: 0.9494  TestAUC: 0.9425  TestAUPR: 0.6399  (patience 3663/100)
2026-06-07 21:28:45,542 - INFO - Epoch 3850  Loss: 0.0304  TrainAUC: 0.9997  ValAUC: 0.9481  TestAUC: 0.9415  TestAUPR: 0.6315  (patience 3713/100)
2026-06-07 21:29:45,696 - INFO - Epoch 3900  Loss: 0.0309  TrainAUC: 0.9997  ValAUC: 0.9490  TestAUC: 0.9436  TestAUPR: 0.6368  (patience 3763/100)
2026-06-07 21:30:47,291 - INFO - Epoch 3950  Loss: 0.0349  TrainAUC: 0.9997  ValAUC: 0.9462  TestAUC: 0.9440  TestAUPR: 0.6443  (patience 3813/100)
2026-06-07 21:31:47,434 - INFO - Epoch 4000  Loss: 0.0274  TrainAUC: 0.9998  ValAUC: 0.9489  TestAUC: 0.9427  TestAUPR: 0.6384  (patience 3863/100)
2026-06-07 21:32:47,891 - INFO - Epoch 4050  Loss: 0.0265  TrainAUC: 0.9998  ValAUC: 0.9505  TestAUC: 0.9429  TestAUPR: 0.6393  (patience 3913/100)
2026-06-07 21:33:48,029 - INFO - Epoch 4100  Loss: 0.0277  TrainAUC: 0.9998  ValAUC: 0.9455  TestAUC: 0.9424  TestAUPR: 0.6487  (patience 3963/100)
2026-06-07 21:34:49,306 - INFO - Epoch 4150  Loss: 0.0277  TrainAUC: 0.9998  ValAUC: 0.9459  TestAUC: 0.9425  TestAUPR: 0.6452  (patience 4013/100)
2026-06-07 21:35:51,180 - INFO - Epoch 4200  Loss: 0.0229  TrainAUC: 0.9998  ValAUC: 0.9477  TestAUC: 0.9431  TestAUPR: 0.6443  (patience 4063/100)
2026-06-07 21:36:51,084 - INFO - Epoch 4250  Loss: 0.0301  TrainAUC: 0.9998  ValAUC: 0.9442  TestAUC: 0.9403  TestAUPR: 0.6494  (patience 4113/100)
2026-06-07 21:37:54,175 - INFO - Epoch 4300  Loss: 0.0254  TrainAUC: 0.9998  ValAUC: 0.9480  TestAUC: 0.9422  TestAUPR: 0.6553  (patience 4163/100)
2026-06-07 21:38:55,141 - INFO - Epoch 4350  Loss: 0.0251  TrainAUC: 0.9998  ValAUC: 0.9525  TestAUC: 0.9434  TestAUPR: 0.6454  (patience 4213/100)
2026-06-07 21:40:01,955 - INFO - Epoch 4400  Loss: 0.0269  TrainAUC: 0.9998  ValAUC: 0.9525  TestAUC: 0.9452  TestAUPR: 0.6498  (patience 4263/100)
2026-06-07 21:41:06,725 - INFO - Epoch 4450  Loss: 0.0286  TrainAUC: 0.9997  ValAUC: 0.9462  TestAUC: 0.9424  TestAUPR: 0.6545  (patience 4313/100)
2026-06-07 21:42:10,027 - INFO - Epoch 4500  Loss: 0.0316  TrainAUC: 0.9998  ValAUC: 0.9477  TestAUC: 0.9435  TestAUPR: 0.6479  (patience 4363/100)
2026-06-07 21:43:30,609 - INFO - Epoch 4550  Loss: 0.0250  TrainAUC: 0.9998  ValAUC: 0.9458  TestAUC: 0.9418  TestAUPR: 0.6421  (patience 4413/100)
2026-06-07 21:44:42,597 - INFO - Epoch 4600  Loss: 0.0243  TrainAUC: 0.9998  ValAUC: 0.9448  TestAUC: 0.9418  TestAUPR: 0.6464  (patience 4463/100)
2026-06-07 21:45:43,446 - INFO - Epoch 4650  Loss: 0.0310  TrainAUC: 0.9997  ValAUC: 0.9469  TestAUC: 0.9426  TestAUPR: 0.6487  (patience 4513/100)
2026-06-07 21:46:48,701 - INFO - Epoch 4700  Loss: 0.0303  TrainAUC: 0.9997  ValAUC: 0.9481  TestAUC: 0.9441  TestAUPR: 0.6491  (patience 4563/100)
2026-06-07 21:47:49,342 - INFO - Epoch 4750  Loss: 0.0346  TrainAUC: 0.9998  ValAUC: 0.9481  TestAUC: 0.9442  TestAUPR: 0.6506  (patience 4613/100)
2026-06-07 21:48:52,447 - INFO - Epoch 4800  Loss: 0.0266  TrainAUC: 0.9998  ValAUC: 0.9502  TestAUC: 0.9425  TestAUPR: 0.6287  (patience 4663/100)
2026-06-07 21:49:54,861 - INFO - Epoch 4850  Loss: 0.0298  TrainAUC: 0.9998  ValAUC: 0.9492  TestAUC: 0.9414  TestAUPR: 0.6402  (patience 4713/100)
2026-06-07 21:50:56,030 - INFO - Epoch 4900  Loss: 0.0303  TrainAUC: 0.9998  ValAUC: 0.9459  TestAUC: 0.9421  TestAUPR: 0.6443  (patience 4763/100)
2026-06-07 21:51:58,010 - INFO - Epoch 4950  Loss: 0.0283  TrainAUC: 0.9998  ValAUC: 0.9460  TestAUC: 0.9415  TestAUPR: 0.6403  (patience 4813/100)
2026-06-07 21:53:00,360 - INFO - Epoch 5000  Loss: 0.0353  TrainAUC: 0.9997  ValAUC: 0.9496  TestAUC: 0.9422  TestAUPR: 0.6476  (patience 4863/100)
2026-06-07 21:53:03,436 - INFO - Fold 1 FINAL  AUC: 0.9496  AUPR: 0.4848
2026-06-07 21:53:03,475 - INFO - 
------------------------------------------------------------
2026-06-07 21:53:03,481 - INFO - 5-Fold CV  |  Fold 2
2026-06-07 21:53:03,483 - INFO - ------------------------------------------------------------
2026-06-07 21:53:04,035 - INFO - Graph: Graph(num_nodes={'disease': 409, 'drug': 663},
      num_edges={('disease', 'di_di', 'disease'): 6507, ('disease', 'di_dr', 'drug'): 2532, ('drug', 'dr_di', 'disease'): 2532, ('drug', 'dr_dr', 'drug'): 10582},
      metagraph=[('disease', 'disease', 'di_di'), ('disease', 'drug', 'di_dr'), ('drug', 'disease', 'dr_di'), ('drug', 'drug', 'dr_dr')])
2026-06-07 21:53:04,291 - INFO - Train pairs: 195239  |  Val pairs: 21694  |  Test pairs: 54234
2026-06-07 21:53:04,355 - INFO - Model parameters: 1,069,827
2026-06-07 21:53:04,365 - INFO - BCE pos_weight: 106.127
2026-06-07 21:54:08,924 - INFO - Epoch   50  Loss: 0.5441  TrainAUC: 0.9549  ValAUC: 0.9369  TestAUC: 0.9159  TestAUPR: 0.2654  (patience 2/100)
2026-06-07 21:55:14,822 - INFO - Epoch  100  Loss: 0.3051  TrainAUC: 0.9843  ValAUC: 0.9438  TestAUC: 0.9204  TestAUPR: 0.3605  (patience 13/100)
2026-06-07 21:56:42,197 - INFO - Epoch  150  Loss: 0.2481  TrainAUC: 0.9891  ValAUC: 0.9651  TestAUC: 0.9396  TestAUPR: 0.4396  (patience 0/100)
2026-06-07 21:57:47,683 - INFO - Epoch  200  Loss: 0.1491  TrainAUC: 0.9954  ValAUC: 0.9516  TestAUC: 0.9383  TestAUPR: 0.4938  (patience 50/100)
2026-06-07 21:58:50,212 - INFO - Epoch  250  Loss: 0.1292  TrainAUC: 0.9964  ValAUC: 0.9485  TestAUC: 0.9378  TestAUPR: 0.5043  (patience 100/100)
2026-06-07 21:59:55,151 - INFO - Epoch  300  Loss: 0.1086  TrainAUC: 0.9975  ValAUC: 0.9499  TestAUC: 0.9360  TestAUPR: 0.5438  (patience 150/100)
2026-06-07 22:00:57,114 - INFO - Epoch  350  Loss: 0.1167  TrainAUC: 0.9973  ValAUC: 0.9489  TestAUC: 0.9390  TestAUPR: 0.5340  (patience 200/100)
2026-06-07 22:01:58,458 - INFO - Epoch  400  Loss: 0.0874  TrainAUC: 0.9981  ValAUC: 0.9500  TestAUC: 0.9397  TestAUPR: 0.5486  (patience 250/100)
2026-06-07 22:03:02,501 - INFO - Epoch  450  Loss: 0.0800  TrainAUC: 0.9983  ValAUC: 0.9476  TestAUC: 0.9380  TestAUPR: 0.5649  (patience 300/100)
2026-06-07 22:04:15,619 - INFO - Epoch  500  Loss: 0.0799  TrainAUC: 0.9983  ValAUC: 0.9451  TestAUC: 0.9396  TestAUPR: 0.5584  (patience 350/100)
2026-06-07 22:05:20,606 - INFO - Epoch  550  Loss: 0.0727  TrainAUC: 0.9986  ValAUC: 0.9474  TestAUC: 0.9382  TestAUPR: 0.5692  (patience 400/100)
2026-06-07 22:06:26,182 - INFO - Epoch  600  Loss: 0.0722  TrainAUC: 0.9987  ValAUC: 0.9461  TestAUC: 0.9372  TestAUPR: 0.5790  (patience 450/100)
2026-06-07 22:07:31,324 - INFO - Epoch  650  Loss: 0.0670  TrainAUC: 0.9989  ValAUC: 0.9484  TestAUC: 0.9371  TestAUPR: 0.5903  (patience 500/100)
2026-06-07 22:08:35,569 - INFO - Epoch  700  Loss: 0.0761  TrainAUC: 0.9987  ValAUC: 0.9477  TestAUC: 0.9384  TestAUPR: 0.5935  (patience 550/100)
2026-06-07 22:09:38,634 - INFO - Epoch  750  Loss: 0.0577  TrainAUC: 0.9990  ValAUC: 0.9478  TestAUC: 0.9394  TestAUPR: 0.5880  (patience 600/100)
2026-06-07 22:11:15,841 - INFO - Epoch  800  Loss: 0.0604  TrainAUC: 0.9990  ValAUC: 0.9441  TestAUC: 0.9379  TestAUPR: 0.5912  (patience 650/100)
2026-06-07 22:12:40,712 - INFO - Epoch  850  Loss: 0.0564  TrainAUC: 0.9991  ValAUC: 0.9454  TestAUC: 0.9357  TestAUPR: 0.5848  (patience 700/100)
2026-06-07 22:13:50,277 - INFO - Epoch  900  Loss: 0.0604  TrainAUC: 0.9990  ValAUC: 0.9466  TestAUC: 0.9383  TestAUPR: 0.5922  (patience 750/100)
2026-06-07 22:15:03,188 - INFO - Epoch  950  Loss: 0.0632  TrainAUC: 0.9991  ValAUC: 0.9432  TestAUC: 0.9367  TestAUPR: 0.5949  (patience 800/100)
2026-06-07 22:16:45,218 - INFO - Epoch 1000  Loss: 0.0624  TrainAUC: 0.9991  ValAUC: 0.9413  TestAUC: 0.9376  TestAUPR: 0.5974  (patience 850/100)
2026-06-07 22:18:30,250 - INFO - Epoch 1050  Loss: 0.0520  TrainAUC: 0.9992  ValAUC: 0.9447  TestAUC: 0.9369  TestAUPR: 0.5956  (patience 900/100)
2026-06-07 22:19:42,268 - INFO - Epoch 1100  Loss: 0.0578  TrainAUC: 0.9992  ValAUC: 0.9412  TestAUC: 0.9333  TestAUPR: 0.5971  (patience 950/100)
2026-06-07 22:20:51,017 - INFO - Epoch 1150  Loss: 0.0516  TrainAUC: 0.9993  ValAUC: 0.9450  TestAUC: 0.9353  TestAUPR: 0.6025  (patience 1000/100)
2026-06-07 22:22:05,709 - INFO - Epoch 1200  Loss: 0.0480  TrainAUC: 0.9994  ValAUC: 0.9444  TestAUC: 0.9369  TestAUPR: 0.5975  (patience 1050/100)
2026-06-07 22:23:16,674 - INFO - Epoch 1250  Loss: 0.0465  TrainAUC: 0.9994  ValAUC: 0.9437  TestAUC: 0.9344  TestAUPR: 0.6090  (patience 1100/100)
2026-06-07 22:24:33,201 - INFO - Epoch 1300  Loss: 0.0465  TrainAUC: 0.9994  ValAUC: 0.9453  TestAUC: 0.9364  TestAUPR: 0.6054  (patience 1150/100)
2026-06-07 22:26:08,523 - INFO - Epoch 1350  Loss: 0.0490  TrainAUC: 0.9994  ValAUC: 0.9406  TestAUC: 0.9360  TestAUPR: 0.6131  (patience 1200/100)
2026-06-07 22:27:28,994 - INFO - Epoch 1400  Loss: 0.0478  TrainAUC: 0.9994  ValAUC: 0.9428  TestAUC: 0.9355  TestAUPR: 0.6155  (patience 1250/100)
2026-06-07 22:28:18,982 - INFO - Epoch 1450  Loss: 0.0449  TrainAUC: 0.9995  ValAUC: 0.9404  TestAUC: 0.9333  TestAUPR: 0.6010  (patience 1300/100)
2026-06-07 22:29:10,211 - INFO - Epoch 1500  Loss: 0.0423  TrainAUC: 0.9995  ValAUC: 0.9413  TestAUC: 0.9343  TestAUPR: 0.6052  (patience 1350/100)
2026-06-07 22:29:59,808 - INFO - Epoch 1550  Loss: 0.0461  TrainAUC: 0.9994  ValAUC: 0.9410  TestAUC: 0.9353  TestAUPR: 0.6103  (patience 1400/100)
2026-06-07 22:30:51,191 - INFO - Epoch 1600  Loss: 0.0461  TrainAUC: 0.9994  ValAUC: 0.9357  TestAUC: 0.9331  TestAUPR: 0.6065  (patience 1450/100)
2026-06-07 22:31:41,105 - INFO - Epoch 1650  Loss: 0.0535  TrainAUC: 0.9994  ValAUC: 0.9457  TestAUC: 0.9377  TestAUPR: 0.6117  (patience 1500/100)
2026-06-07 22:32:29,063 - INFO - Epoch 1700  Loss: 0.0458  TrainAUC: 0.9994  ValAUC: 0.9401  TestAUC: 0.9372  TestAUPR: 0.6036  (patience 1550/100)
2026-06-07 22:33:19,970 - INFO - Epoch 1750  Loss: 0.0440  TrainAUC: 0.9995  ValAUC: 0.9409  TestAUC: 0.9344  TestAUPR: 0.6063  (patience 1600/100)
2026-06-07 22:34:18,466 - INFO - Epoch 1800  Loss: 0.0437  TrainAUC: 0.9996  ValAUC: 0.9446  TestAUC: 0.9351  TestAUPR: 0.6215  (patience 1650/100)
2026-06-07 22:35:04,710 - INFO - Epoch 1850  Loss: 0.0470  TrainAUC: 0.9994  ValAUC: 0.9371  TestAUC: 0.9329  TestAUPR: 0.6115  (patience 1700/100)
2026-06-07 22:35:50,701 - INFO - Epoch 1900  Loss: 0.0362  TrainAUC: 0.9996  ValAUC: 0.9400  TestAUC: 0.9352  TestAUPR: 0.6113  (patience 1750/100)
2026-06-07 22:36:35,994 - INFO - Epoch 1950  Loss: 0.0371  TrainAUC: 0.9996  ValAUC: 0.9399  TestAUC: 0.9361  TestAUPR: 0.6059  (patience 1800/100)
2026-06-07 22:37:24,173 - INFO - Epoch 2000  Loss: 0.0411  TrainAUC: 0.9996  ValAUC: 0.9379  TestAUC: 0.9319  TestAUPR: 0.6117  (patience 1850/100)
2026-06-07 22:38:11,637 - INFO - Epoch 2050  Loss: 0.0369  TrainAUC: 0.9996  ValAUC: 0.9370  TestAUC: 0.9340  TestAUPR: 0.6211  (patience 1900/100)
2026-06-07 22:38:59,261 - INFO - Epoch 2100  Loss: 0.0377  TrainAUC: 0.9996  ValAUC: 0.9367  TestAUC: 0.9326  TestAUPR: 0.6132  (patience 1950/100)
2026-06-07 22:40:03,734 - INFO - Epoch 2150  Loss: 0.0426  TrainAUC: 0.9995  ValAUC: 0.9415  TestAUC: 0.9342  TestAUPR: 0.6266  (patience 2000/100)
2026-06-07 22:40:53,165 - INFO - Epoch 2200  Loss: 0.0410  TrainAUC: 0.9996  ValAUC: 0.9406  TestAUC: 0.9318  TestAUPR: 0.6244  (patience 2050/100)
2026-06-07 22:41:45,625 - INFO - Epoch 2250  Loss: 0.0331  TrainAUC: 0.9997  ValAUC: 0.9392  TestAUC: 0.9323  TestAUPR: 0.6235  (patience 2100/100)
2026-06-07 22:42:37,075 - INFO - Epoch 2300  Loss: 0.0341  TrainAUC: 0.9997  ValAUC: 0.9408  TestAUC: 0.9337  TestAUPR: 0.6244  (patience 2150/100)
2026-06-07 22:43:25,606 - INFO - Epoch 2350  Loss: 0.0335  TrainAUC: 0.9997  ValAUC: 0.9398  TestAUC: 0.9313  TestAUPR: 0.6147  (patience 2200/100)
2026-06-07 22:44:16,776 - INFO - Epoch 2400  Loss: 0.0359  TrainAUC: 0.9997  ValAUC: 0.9383  TestAUC: 0.9347  TestAUPR: 0.6189  (patience 2250/100)
2026-06-07 22:45:10,072 - INFO - Epoch 2450  Loss: 0.0400  TrainAUC: 0.9996  ValAUC: 0.9402  TestAUC: 0.9345  TestAUPR: 0.6123  (patience 2300/100)
2026-06-07 22:45:54,777 - INFO - Epoch 2500  Loss: 0.0347  TrainAUC: 0.9997  ValAUC: 0.9408  TestAUC: 0.9323  TestAUPR: 0.6161  (patience 2350/100)
2026-06-07 22:46:41,108 - INFO - Epoch 2550  Loss: 0.0370  TrainAUC: 0.9997  ValAUC: 0.9352  TestAUC: 0.9335  TestAUPR: 0.6191  (patience 2400/100)
2026-06-07 22:47:23,524 - INFO - Epoch 2600  Loss: 0.0350  TrainAUC: 0.9997  ValAUC: 0.9354  TestAUC: 0.9322  TestAUPR: 0.6086  (patience 2450/100)
2026-06-07 22:48:12,053 - INFO - Epoch 2650  Loss: 0.0354  TrainAUC: 0.9997  ValAUC: 0.9399  TestAUC: 0.9338  TestAUPR: 0.6257  (patience 2500/100)
2026-06-07 22:49:01,269 - INFO - Epoch 2700  Loss: 0.0353  TrainAUC: 0.9996  ValAUC: 0.9393  TestAUC: 0.9343  TestAUPR: 0.6307  (patience 2550/100)
2026-06-07 22:49:53,024 - INFO - Epoch 2750  Loss: 0.0315  TrainAUC: 0.9997  ValAUC: 0.9391  TestAUC: 0.9337  TestAUPR: 0.6331  (patience 2600/100)
2026-06-07 22:50:41,239 - INFO - Epoch 2800  Loss: 0.0313  TrainAUC: 0.9997  ValAUC: 0.9357  TestAUC: 0.9331  TestAUPR: 0.6222  (patience 2650/100)
2026-06-07 22:51:29,352 - INFO - Epoch 2850  Loss: 0.0288  TrainAUC: 0.9998  ValAUC: 0.9382  TestAUC: 0.9318  TestAUPR: 0.6218  (patience 2700/100)
2026-06-07 22:52:18,482 - INFO - Epoch 2900  Loss: 0.0337  TrainAUC: 0.9997  ValAUC: 0.9362  TestAUC: 0.9356  TestAUPR: 0.6261  (patience 2750/100)
2026-06-07 22:53:07,087 - INFO - Epoch 2950  Loss: 0.0305  TrainAUC: 0.9997  ValAUC: 0.9358  TestAUC: 0.9311  TestAUPR: 0.6234  (patience 2800/100)
2026-06-07 22:53:54,835 - INFO - Epoch 3000  Loss: 0.0293  TrainAUC: 0.9998  ValAUC: 0.9376  TestAUC: 0.9330  TestAUPR: 0.6225  (patience 2850/100)
2026-06-07 22:54:45,771 - INFO - Epoch 3050  Loss: 0.0297  TrainAUC: 0.9998  ValAUC: 0.9413  TestAUC: 0.9350  TestAUPR: 0.6377  (patience 2900/100)
2026-06-07 22:55:33,540 - INFO - Epoch 3100  Loss: 0.0360  TrainAUC: 0.9996  ValAUC: 0.9374  TestAUC: 0.9323  TestAUPR: 0.6130  (patience 2950/100)
2026-06-07 22:56:21,314 - INFO - Epoch 3150  Loss: 0.0252  TrainAUC: 0.9998  ValAUC: 0.9398  TestAUC: 0.9340  TestAUPR: 0.6184  (patience 3000/100)
2026-06-07 22:57:09,829 - INFO - Epoch 3200  Loss: 0.0296  TrainAUC: 0.9997  ValAUC: 0.9402  TestAUC: 0.9330  TestAUPR: 0.6211  (patience 3050/100)
2026-06-07 22:58:00,249 - INFO - Epoch 3250  Loss: 0.0274  TrainAUC: 0.9998  ValAUC: 0.9377  TestAUC: 0.9337  TestAUPR: 0.6204  (patience 3100/100)
2026-06-07 22:58:48,285 - INFO - Epoch 3300  Loss: 0.0350  TrainAUC: 0.9997  ValAUC: 0.9313  TestAUC: 0.9337  TestAUPR: 0.6314  (patience 3150/100)
2026-06-07 22:59:36,374 - INFO - Epoch 3350  Loss: 0.0332  TrainAUC: 0.9997  ValAUC: 0.9370  TestAUC: 0.9345  TestAUPR: 0.6134  (patience 3200/100)
2026-06-07 23:00:24,937 - INFO - Epoch 3400  Loss: 0.0297  TrainAUC: 0.9998  ValAUC: 0.9393  TestAUC: 0.9330  TestAUPR: 0.6276  (patience 3250/100)
2026-06-07 23:01:10,784 - INFO - Epoch 3450  Loss: 0.0275  TrainAUC: 0.9997  ValAUC: 0.9394  TestAUC: 0.9350  TestAUPR: 0.6141  (patience 3300/100)
2026-06-07 23:01:55,311 - INFO - Epoch 3500  Loss: 0.0337  TrainAUC: 0.9997  ValAUC: 0.9343  TestAUC: 0.9343  TestAUPR: 0.6156  (patience 3350/100)
2026-06-07 23:02:40,240 - INFO - Epoch 3550  Loss: 0.0248  TrainAUC: 0.9998  ValAUC: 0.9380  TestAUC: 0.9320  TestAUPR: 0.6156  (patience 3400/100)
2026-06-07 23:03:22,790 - INFO - Epoch 3600  Loss: 0.0313  TrainAUC: 0.9998  ValAUC: 0.9397  TestAUC: 0.9343  TestAUPR: 0.6206  (patience 3450/100)
2026-06-07 23:04:05,346 - INFO - Epoch 3650  Loss: 0.0283  TrainAUC: 0.9998  ValAUC: 0.9406  TestAUC: 0.9347  TestAUPR: 0.6244  (patience 3500/100)
2026-06-07 23:04:47,899 - INFO - Epoch 3700  Loss: 0.0272  TrainAUC: 0.9998  ValAUC: 0.9406  TestAUC: 0.9369  TestAUPR: 0.6200  (patience 3550/100)
2026-06-07 23:05:30,296 - INFO - Epoch 3750  Loss: 0.0264  TrainAUC: 0.9998  ValAUC: 0.9396  TestAUC: 0.9355  TestAUPR: 0.6208  (patience 3600/100)
2026-06-07 23:06:12,658 - INFO - Epoch 3800  Loss: 0.0304  TrainAUC: 0.9998  ValAUC: 0.9385  TestAUC: 0.9360  TestAUPR: 0.6253  (patience 3650/100)
2026-06-07 23:06:55,630 - INFO - Epoch 3850  Loss: 0.0302  TrainAUC: 0.9997  ValAUC: 0.9410  TestAUC: 0.9362  TestAUPR: 0.6217  (patience 3700/100)
2026-06-07 23:07:37,886 - INFO - Epoch 3900  Loss: 0.0302  TrainAUC: 0.9998  ValAUC: 0.9398  TestAUC: 0.9344  TestAUPR: 0.6174  (patience 3750/100)
2026-06-07 23:08:20,540 - INFO - Epoch 3950  Loss: 0.0281  TrainAUC: 0.9997  ValAUC: 0.9422  TestAUC: 0.9331  TestAUPR: 0.6202  (patience 3800/100)
2026-06-07 23:09:03,638 - INFO - Epoch 4000  Loss: 0.0316  TrainAUC: 0.9998  ValAUC: 0.9391  TestAUC: 0.9337  TestAUPR: 0.6234  (patience 3850/100)
2026-06-07 23:09:46,168 - INFO - Epoch 4050  Loss: 0.0311  TrainAUC: 0.9998  ValAUC: 0.9361  TestAUC: 0.9339  TestAUPR: 0.6218  (patience 3900/100)
2026-06-07 23:10:29,181 - INFO - Epoch 4100  Loss: 0.0241  TrainAUC: 0.9998  ValAUC: 0.9401  TestAUC: 0.9345  TestAUPR: 0.6233  (patience 3950/100)
2026-06-07 23:11:11,402 - INFO - Epoch 4150  Loss: 0.0260  TrainAUC: 0.9998  ValAUC: 0.9398  TestAUC: 0.9329  TestAUPR: 0.6238  (patience 4000/100)
2026-06-07 23:11:54,142 - INFO - Epoch 4200  Loss: 0.0266  TrainAUC: 0.9998  ValAUC: 0.9349  TestAUC: 0.9305  TestAUPR: 0.6287  (patience 4050/100)
2026-06-07 23:12:36,353 - INFO - Epoch 4250  Loss: 0.0267  TrainAUC: 0.9998  ValAUC: 0.9427  TestAUC: 0.9334  TestAUPR: 0.6161  (patience 4100/100)
2026-06-07 23:13:18,972 - INFO - Epoch 4300  Loss: 0.0265  TrainAUC: 0.9998  ValAUC: 0.9363  TestAUC: 0.9323  TestAUPR: 0.6219  (patience 4150/100)
2026-06-07 23:14:01,061 - INFO - Epoch 4350  Loss: 0.0245  TrainAUC: 0.9998  ValAUC: 0.9375  TestAUC: 0.9337  TestAUPR: 0.6156  (patience 4200/100)
2026-06-07 23:14:43,779 - INFO - Epoch 4400  Loss: 0.0287  TrainAUC: 0.9998  ValAUC: 0.9378  TestAUC: 0.9323  TestAUPR: 0.6276  (patience 4250/100)
2026-06-07 23:15:28,587 - INFO - Epoch 4450  Loss: 0.0277  TrainAUC: 0.9998  ValAUC: 0.9398  TestAUC: 0.9325  TestAUPR: 0.6277  (patience 4300/100)
2026-06-07 23:16:15,790 - INFO - Epoch 4500  Loss: 0.0280  TrainAUC: 0.9998  ValAUC: 0.9414  TestAUC: 0.9335  TestAUPR: 0.6257  (patience 4350/100)
2026-06-07 23:17:04,306 - INFO - Epoch 4550  Loss: 0.0239  TrainAUC: 0.9998  ValAUC: 0.9390  TestAUC: 0.9318  TestAUPR: 0.6244  (patience 4400/100)
2026-06-07 23:17:50,829 - INFO - Epoch 4600  Loss: 0.0285  TrainAUC: 0.9998  ValAUC: 0.9346  TestAUC: 0.9333  TestAUPR: 0.6228  (patience 4450/100)
2026-06-07 23:18:35,918 - INFO - Epoch 4650  Loss: 0.0269  TrainAUC: 0.9998  ValAUC: 0.9409  TestAUC: 0.9322  TestAUPR: 0.6125  (patience 4500/100)
2026-06-07 23:19:20,511 - INFO - Epoch 4700  Loss: 0.0240  TrainAUC: 0.9998  ValAUC: 0.9368  TestAUC: 0.9331  TestAUPR: 0.6281  (patience 4550/100)
2026-06-07 23:20:06,698 - INFO - Epoch 4750  Loss: 0.0261  TrainAUC: 0.9998  ValAUC: 0.9409  TestAUC: 0.9326  TestAUPR: 0.6281  (patience 4600/100)
2026-06-07 23:20:53,247 - INFO - Epoch 4800  Loss: 0.0289  TrainAUC: 0.9998  ValAUC: 0.9430  TestAUC: 0.9356  TestAUPR: 0.6203  (patience 4650/100)
2026-06-07 23:21:39,614 - INFO - Epoch 4850  Loss: 0.0241  TrainAUC: 0.9999  ValAUC: 0.9344  TestAUC: 0.9333  TestAUPR: 0.6213  (patience 4700/100)
2026-06-07 23:22:25,420 - INFO - Epoch 4900  Loss: 0.0224  TrainAUC: 0.9998  ValAUC: 0.9381  TestAUC: 0.9328  TestAUPR: 0.6220  (patience 4750/100)
2026-06-07 23:23:08,491 - INFO - Epoch 4950  Loss: 0.0226  TrainAUC: 0.9998  ValAUC: 0.9402  TestAUC: 0.9315  TestAUPR: 0.6241  (patience 4800/100)
2026-06-07 23:23:56,325 - INFO - Epoch 5000  Loss: 0.0238  TrainAUC: 0.9998  ValAUC: 0.9398  TestAUC: 0.9318  TestAUPR: 0.6252  (patience 4850/100)
2026-06-07 23:23:58,271 - INFO - Fold 2 FINAL  AUC: 0.9395  AUPR: 0.4390
2026-06-07 23:23:58,302 - INFO - 
------------------------------------------------------------
2026-06-07 23:23:58,303 - INFO - 5-Fold CV  |  Fold 3
2026-06-07 23:23:58,303 - INFO - ------------------------------------------------------------
2026-06-07 23:23:59,049 - INFO - Graph: Graph(num_nodes={'disease': 409, 'drug': 663},
      num_edges={('disease', 'di_di', 'disease'): 6507, ('disease', 'di_dr', 'drug'): 2532, ('drug', 'dr_di', 'disease'): 2532, ('drug', 'dr_dr', 'drug'): 10582},
      metagraph=[('disease', 'disease', 'di_di'), ('disease', 'drug', 'di_dr'), ('drug', 'disease', 'dr_di'), ('drug', 'drug', 'dr_dr')])
2026-06-07 23:23:59,261 - INFO - Train pairs: 195240  |  Val pairs: 21694  |  Test pairs: 54233
2026-06-07 23:23:59,319 - INFO - Model parameters: 1,069,827
2026-06-07 23:23:59,328 - INFO - BCE pos_weight: 106.075
2026-06-07 23:24:53,422 - INFO - Epoch   50  Loss: 0.4219  TrainAUC: 0.9722  ValAUC: 0.9305  TestAUC: 0.9268  TestAUPR: 0.2944  (patience 3/100)
2026-06-07 23:25:41,244 - INFO - Epoch  100  Loss: 0.3356  TrainAUC: 0.9861  ValAUC: 0.9513  TestAUC: 0.9387  TestAUPR: 0.4011  (patience 0/100)
2026-06-07 23:26:26,914 - INFO - Epoch  150  Loss: 0.1882  TrainAUC: 0.9932  ValAUC: 0.9549  TestAUC: 0.9426  TestAUPR: 0.4745  (patience 0/100)
2026-06-07 23:27:11,980 - INFO - Epoch  200  Loss: 0.1408  TrainAUC: 0.9959  ValAUC: 0.9498  TestAUC: 0.9451  TestAUPR: 0.5136  (patience 50/100)
2026-06-07 23:27:57,458 - INFO - Epoch  250  Loss: 0.1152  TrainAUC: 0.9973  ValAUC: 0.9513  TestAUC: 0.9449  TestAUPR: 0.5266  (patience 37/100)
2026-06-07 23:28:44,153 - INFO - Epoch  300  Loss: 0.1176  TrainAUC: 0.9971  ValAUC: 0.9507  TestAUC: 0.9442  TestAUPR: 0.5434  (patience 87/100)
2026-06-07 23:29:32,028 - INFO - Epoch  350  Loss: 0.0867  TrainAUC: 0.9980  ValAUC: 0.9512  TestAUC: 0.9442  TestAUPR: 0.5288  (patience 137/100)
2026-06-07 23:30:16,709 - INFO - Epoch  400  Loss: 0.0944  TrainAUC: 0.9980  ValAUC: 0.9487  TestAUC: 0.9429  TestAUPR: 0.5681  (patience 187/100)
2026-06-07 23:31:03,937 - INFO - Epoch  450  Loss: 0.0815  TrainAUC: 0.9984  ValAUC: 0.9443  TestAUC: 0.9424  TestAUPR: 0.5611  (patience 23/100)
2026-06-07 23:31:53,571 - INFO - Epoch  500  Loss: 0.0815  TrainAUC: 0.9984  ValAUC: 0.9434  TestAUC: 0.9420  TestAUPR: 0.5727  (patience 73/100)
2026-06-07 23:32:40,973 - INFO - Epoch  550  Loss: 0.0845  TrainAUC: 0.9984  ValAUC: 0.9436  TestAUC: 0.9434  TestAUPR: 0.5581  (patience 123/100)
2026-06-07 23:33:28,772 - INFO - Epoch  600  Loss: 0.0706  TrainAUC: 0.9987  ValAUC: 0.9468  TestAUC: 0.9409  TestAUPR: 0.5713  (patience 173/100)
2026-06-07 23:34:14,087 - INFO - Epoch  650  Loss: 0.0658  TrainAUC: 0.9989  ValAUC: 0.9415  TestAUC: 0.9408  TestAUPR: 0.5767  (patience 223/100)
2026-06-07 23:34:59,330 - INFO - Epoch  700  Loss: 0.0661  TrainAUC: 0.9989  ValAUC: 0.9474  TestAUC: 0.9412  TestAUPR: 0.5825  (patience 273/100)
2026-06-07 23:35:44,616 - INFO - Epoch  750  Loss: 0.0618  TrainAUC: 0.9990  ValAUC: 0.9458  TestAUC: 0.9409  TestAUPR: 0.5813  (patience 323/100)
2026-06-07 23:36:29,999 - INFO - Epoch  800  Loss: 0.0548  TrainAUC: 0.9992  ValAUC: 0.9443  TestAUC: 0.9387  TestAUPR: 0.5934  (patience 373/100)
2026-06-07 23:37:15,666 - INFO - Epoch  850  Loss: 0.0593  TrainAUC: 0.9991  ValAUC: 0.9447  TestAUC: 0.9403  TestAUPR: 0.5877  (patience 423/100)
2026-06-07 23:38:00,568 - INFO - Epoch  900  Loss: 0.0583  TrainAUC: 0.9992  ValAUC: 0.9441  TestAUC: 0.9405  TestAUPR: 0.5934  (patience 473/100)
2026-06-07 23:38:45,724 - INFO - Epoch  950  Loss: 0.0562  TrainAUC: 0.9992  ValAUC: 0.9446  TestAUC: 0.9385  TestAUPR: 0.5781  (patience 523/100)
2026-06-07 23:39:30,904 - INFO - Epoch 1000  Loss: 0.0539  TrainAUC: 0.9992  ValAUC: 0.9458  TestAUC: 0.9390  TestAUPR: 0.5942  (patience 573/100)
2026-06-07 23:40:15,558 - INFO - Epoch 1050  Loss: 0.0553  TrainAUC: 0.9992  ValAUC: 0.9468  TestAUC: 0.9361  TestAUPR: 0.5977  (patience 623/100)
2026-06-07 23:41:00,819 - INFO - Epoch 1100  Loss: 0.0583  TrainAUC: 0.9992  ValAUC: 0.9407  TestAUC: 0.9381  TestAUPR: 0.5632  (patience 673/100)
2026-06-07 23:41:45,953 - INFO - Epoch 1150  Loss: 0.0467  TrainAUC: 0.9993  ValAUC: 0.9455  TestAUC: 0.9378  TestAUPR: 0.5806  (patience 723/100)
2026-06-07 23:42:32,589 - INFO - Epoch 1200  Loss: 0.0427  TrainAUC: 0.9995  ValAUC: 0.9415  TestAUC: 0.9367  TestAUPR: 0.5907  (patience 773/100)
2026-06-07 23:43:20,836 - INFO - Epoch 1250  Loss: 0.0554  TrainAUC: 0.9992  ValAUC: 0.9469  TestAUC: 0.9364  TestAUPR: 0.5797  (patience 823/100)
2026-06-07 23:44:08,576 - INFO - Epoch 1300  Loss: 0.0599  TrainAUC: 0.9992  ValAUC: 0.9413  TestAUC: 0.9347  TestAUPR: 0.5980  (patience 873/100)
2026-06-07 23:44:59,335 - INFO - Epoch 1350  Loss: 0.0561  TrainAUC: 0.9994  ValAUC: 0.9452  TestAUC: 0.9369  TestAUPR: 0.6059  (patience 923/100)
2026-06-07 23:45:49,722 - INFO - Epoch 1400  Loss: 0.0433  TrainAUC: 0.9994  ValAUC: 0.9464  TestAUC: 0.9355  TestAUPR: 0.5907  (patience 973/100)
2026-06-07 23:46:41,975 - INFO - Epoch 1450  Loss: 0.0437  TrainAUC: 0.9994  ValAUC: 0.9427  TestAUC: 0.9367  TestAUPR: 0.5998  (patience 1023/100)
2026-06-07 23:47:30,504 - INFO - Epoch 1500  Loss: 0.0505  TrainAUC: 0.9994  ValAUC: 0.9445  TestAUC: 0.9350  TestAUPR: 0.6047  (patience 1073/100)
2026-06-07 23:48:19,920 - INFO - Epoch 1550  Loss: 0.0455  TrainAUC: 0.9994  ValAUC: 0.9430  TestAUC: 0.9368  TestAUPR: 0.5830  (patience 1123/100)
2026-06-07 23:49:09,847 - INFO - Epoch 1600  Loss: 0.0441  TrainAUC: 0.9994  ValAUC: 0.9450  TestAUC: 0.9360  TestAUPR: 0.6009  (patience 1173/100)
2026-06-07 23:50:13,795 - INFO - Epoch 1650  Loss: 0.0466  TrainAUC: 0.9994  ValAUC: 0.9421  TestAUC: 0.9356  TestAUPR: 0.5839  (patience 1223/100)
2026-06-07 23:51:31,297 - INFO - Epoch 1700  Loss: 0.0491  TrainAUC: 0.9994  ValAUC: 0.9471  TestAUC: 0.9358  TestAUPR: 0.6013  (patience 1273/100)
2026-06-07 23:52:47,620 - INFO - Epoch 1750  Loss: 0.0449  TrainAUC: 0.9995  ValAUC: 0.9455  TestAUC: 0.9352  TestAUPR: 0.6123  (patience 1323/100)
2026-06-07 23:53:57,591 - INFO - Epoch 1800  Loss: 0.0433  TrainAUC: 0.9995  ValAUC: 0.9446  TestAUC: 0.9333  TestAUPR: 0.6004  (patience 1373/100)
2026-06-07 23:55:06,169 - INFO - Epoch 1850  Loss: 0.0452  TrainAUC: 0.9995  ValAUC: 0.9432  TestAUC: 0.9335  TestAUPR: 0.5968  (patience 1423/100)
2026-06-07 23:56:47,890 - INFO - Epoch 1900  Loss: 0.0430  TrainAUC: 0.9995  ValAUC: 0.9454  TestAUC: 0.9326  TestAUPR: 0.5975  (patience 1473/100)
2026-06-07 23:58:29,257 - INFO - Epoch 1950  Loss: 0.0370  TrainAUC: 0.9996  ValAUC: 0.9488  TestAUC: 0.9355  TestAUPR: 0.6011  (patience 1523/100)
2026-06-08 00:00:09,103 - INFO - Epoch 2000  Loss: 0.0391  TrainAUC: 0.9996  ValAUC: 0.9416  TestAUC: 0.9337  TestAUPR: 0.6018  (patience 1573/100)
2026-06-08 00:01:48,224 - INFO - Epoch 2050  Loss: 0.0420  TrainAUC: 0.9994  ValAUC: 0.9421  TestAUC: 0.9315  TestAUPR: 0.5963  (patience 1623/100)
2026-06-08 00:03:29,230 - INFO - Epoch 2100  Loss: 0.0410  TrainAUC: 0.9996  ValAUC: 0.9427  TestAUC: 0.9338  TestAUPR: 0.6050  (patience 1673/100)
2026-06-08 00:05:20,835 - INFO - Epoch 2150  Loss: 0.0370  TrainAUC: 0.9996  ValAUC: 0.9442  TestAUC: 0.9321  TestAUPR: 0.6026  (patience 1723/100)
2026-06-08 00:07:11,198 - INFO - Epoch 2200  Loss: 0.0343  TrainAUC: 0.9997  ValAUC: 0.9448  TestAUC: 0.9339  TestAUPR: 0.5934  (patience 1773/100)
2026-06-08 00:08:58,116 - INFO - Epoch 2250  Loss: 0.0462  TrainAUC: 0.9995  ValAUC: 0.9400  TestAUC: 0.9307  TestAUPR: 0.5977  (patience 1823/100)
2026-06-08 00:10:47,728 - INFO - Epoch 2300  Loss: 0.0336  TrainAUC: 0.9996  ValAUC: 0.9445  TestAUC: 0.9348  TestAUPR: 0.6045  (patience 1873/100)
2026-06-08 00:12:36,298 - INFO - Epoch 2350  Loss: 0.0357  TrainAUC: 0.9996  ValAUC: 0.9439  TestAUC: 0.9336  TestAUPR: 0.6001  (patience 1923/100)
2026-06-08 00:14:19,992 - INFO - Epoch 2400  Loss: 0.0340  TrainAUC: 0.9997  ValAUC: 0.9420  TestAUC: 0.9337  TestAUPR: 0.6009  (patience 1973/100)
2026-06-08 00:15:59,985 - INFO - Epoch 2450  Loss: 0.0323  TrainAUC: 0.9997  ValAUC: 0.9403  TestAUC: 0.9334  TestAUPR: 0.5992  (patience 2023/100)
2026-06-08 00:17:37,813 - INFO - Epoch 2500  Loss: 0.0398  TrainAUC: 0.9995  ValAUC: 0.9414  TestAUC: 0.9312  TestAUPR: 0.6008  (patience 2073/100)
2026-06-08 00:19:26,999 - INFO - Epoch 2550  Loss: 0.0348  TrainAUC: 0.9996  ValAUC: 0.9432  TestAUC: 0.9339  TestAUPR: 0.5919  (patience 2123/100)
2026-06-08 00:21:32,222 - INFO - Epoch 2600  Loss: 0.0305  TrainAUC: 0.9997  ValAUC: 0.9419  TestAUC: 0.9318  TestAUPR: 0.6028  (patience 2173/100)
2026-06-08 00:23:29,933 - INFO - Epoch 2650  Loss: 0.0335  TrainAUC: 0.9997  ValAUC: 0.9406  TestAUC: 0.9349  TestAUPR: 0.6008  (patience 2223/100)
2026-06-08 00:25:18,424 - INFO - Epoch 2700  Loss: 0.0341  TrainAUC: 0.9996  ValAUC: 0.9392  TestAUC: 0.9292  TestAUPR: 0.6045  (patience 2273/100)
2026-06-08 00:27:00,876 - INFO - Epoch 2750  Loss: 0.0480  TrainAUC: 0.9996  ValAUC: 0.9457  TestAUC: 0.9313  TestAUPR: 0.5882  (patience 2323/100)
2026-06-08 00:28:46,529 - INFO - Epoch 2800  Loss: 0.0359  TrainAUC: 0.9997  ValAUC: 0.9400  TestAUC: 0.9322  TestAUPR: 0.6023  (patience 2373/100)
2026-06-08 00:30:36,205 - INFO - Epoch 2850  Loss: 0.0365  TrainAUC: 0.9997  ValAUC: 0.9438  TestAUC: 0.9345  TestAUPR: 0.6080  (patience 2423/100)
2026-06-08 00:32:18,262 - INFO - Epoch 2900  Loss: 0.0352  TrainAUC: 0.9997  ValAUC: 0.9420  TestAUC: 0.9312  TestAUPR: 0.6009  (patience 2473/100)
2026-06-08 00:33:55,213 - INFO - Epoch 2950  Loss: 0.0340  TrainAUC: 0.9997  ValAUC: 0.9447  TestAUC: 0.9354  TestAUPR: 0.5943  (patience 2523/100)
2026-06-08 00:35:45,340 - INFO - Epoch 3000  Loss: 0.0329  TrainAUC: 0.9997  ValAUC: 0.9434  TestAUC: 0.9348  TestAUPR: 0.6018  (patience 2573/100)
2026-06-08 00:37:30,689 - INFO - Epoch 3050  Loss: 0.0311  TrainAUC: 0.9997  ValAUC: 0.9460  TestAUC: 0.9330  TestAUPR: 0.5970  (patience 2623/100)
2026-06-08 00:39:21,518 - INFO - Epoch 3100  Loss: 0.0288  TrainAUC: 0.9997  ValAUC: 0.9466  TestAUC: 0.9322  TestAUPR: 0.6021  (patience 2673/100)
2026-06-08 00:40:39,059 - INFO - Epoch 3150  Loss: 0.0271  TrainAUC: 0.9998  ValAUC: 0.9424  TestAUC: 0.9360  TestAUPR: 0.5987  (patience 2723/100)
2026-06-08 00:41:54,237 - INFO - Epoch 3200  Loss: 0.0317  TrainAUC: 0.9997  ValAUC: 0.9414  TestAUC: 0.9307  TestAUPR: 0.6022  (patience 2773/100)
2026-06-08 00:43:02,393 - INFO - Epoch 3250  Loss: 0.0319  TrainAUC: 0.9997  ValAUC: 0.9500  TestAUC: 0.9335  TestAUPR: 0.6023  (patience 2823/100)
2026-06-08 00:44:10,684 - INFO - Epoch 3300  Loss: 0.0355  TrainAUC: 0.9997  ValAUC: 0.9449  TestAUC: 0.9340  TestAUPR: 0.6087  (patience 2873/100)
2026-06-08 00:45:19,112 - INFO - Epoch 3350  Loss: 0.0256  TrainAUC: 0.9998  ValAUC: 0.9450  TestAUC: 0.9325  TestAUPR: 0.6131  (patience 2923/100)
2026-06-08 00:46:26,826 - INFO - Epoch 3400  Loss: 0.0398  TrainAUC: 0.9996  ValAUC: 0.9419  TestAUC: 0.9296  TestAUPR: 0.5988  (patience 2973/100)
2026-06-08 00:47:34,286 - INFO - Epoch 3450  Loss: 0.0386  TrainAUC: 0.9997  ValAUC: 0.9391  TestAUC: 0.9323  TestAUPR: 0.6006  (patience 3023/100)
2026-06-08 00:48:42,456 - INFO - Epoch 3500  Loss: 0.0334  TrainAUC: 0.9997  ValAUC: 0.9436  TestAUC: 0.9345  TestAUPR: 0.6035  (patience 3073/100)
2026-06-08 00:49:50,273 - INFO - Epoch 3550  Loss: 0.0382  TrainAUC: 0.9997  ValAUC: 0.9388  TestAUC: 0.9335  TestAUPR: 0.5982  (patience 3123/100)
2026-06-08 00:50:54,536 - INFO - Epoch 3600  Loss: 0.0294  TrainAUC: 0.9997  ValAUC: 0.9437  TestAUC: 0.9336  TestAUPR: 0.5909  (patience 3173/100)
2026-06-08 00:51:59,281 - INFO - Epoch 3650  Loss: 0.0271  TrainAUC: 0.9998  ValAUC: 0.9417  TestAUC: 0.9296  TestAUPR: 0.5984  (patience 3223/100)
2026-06-08 00:53:04,394 - INFO - Epoch 3700  Loss: 0.0372  TrainAUC: 0.9997  ValAUC: 0.9417  TestAUC: 0.9326  TestAUPR: 0.6054  (patience 3273/100)
2026-06-08 00:54:09,136 - INFO - Epoch 3750  Loss: 0.0291  TrainAUC: 0.9997  ValAUC: 0.9422  TestAUC: 0.9329  TestAUPR: 0.5981  (patience 3323/100)
2026-06-08 00:55:14,645 - INFO - Epoch 3800  Loss: 0.0253  TrainAUC: 0.9998  ValAUC: 0.9428  TestAUC: 0.9333  TestAUPR: 0.6054  (patience 3373/100)
2026-06-08 00:56:19,222 - INFO - Epoch 3850  Loss: 0.0320  TrainAUC: 0.9998  ValAUC: 0.9413  TestAUC: 0.9320  TestAUPR: 0.6003  (patience 3423/100)
2026-06-08 00:57:23,721 - INFO - Epoch 3900  Loss: 0.0321  TrainAUC: 0.9997  ValAUC: 0.9449  TestAUC: 0.9332  TestAUPR: 0.6035  (patience 3473/100)
2026-06-08 00:58:27,439 - INFO - Epoch 3950  Loss: 0.0318  TrainAUC: 0.9997  ValAUC: 0.9414  TestAUC: 0.9322  TestAUPR: 0.6035  (patience 3523/100)
2026-06-08 00:59:31,876 - INFO - Epoch 4000  Loss: 0.0283  TrainAUC: 0.9998  ValAUC: 0.9411  TestAUC: 0.9297  TestAUPR: 0.6053  (patience 3573/100)
2026-06-08 01:00:36,680 - INFO - Epoch 4050  Loss: 0.0247  TrainAUC: 0.9997  ValAUC: 0.9446  TestAUC: 0.9295  TestAUPR: 0.5950  (patience 3623/100)
2026-06-08 01:01:41,064 - INFO - Epoch 4100  Loss: 0.0325  TrainAUC: 0.9997  ValAUC: 0.9428  TestAUC: 0.9340  TestAUPR: 0.6053  (patience 3673/100)
2026-06-08 01:02:45,319 - INFO - Epoch 4150  Loss: 0.0260  TrainAUC: 0.9998  ValAUC: 0.9426  TestAUC: 0.9313  TestAUPR: 0.6027  (patience 3723/100)
2026-06-08 01:03:49,712 - INFO - Epoch 4200  Loss: 0.0261  TrainAUC: 0.9998  ValAUC: 0.9382  TestAUC: 0.9310  TestAUPR: 0.6065  (patience 3773/100)
2026-06-08 01:04:54,674 - INFO - Epoch 4250  Loss: 0.0300  TrainAUC: 0.9998  ValAUC: 0.9360  TestAUC: 0.9295  TestAUPR: 0.6029  (patience 3823/100)
2026-06-08 01:06:00,658 - INFO - Epoch 4300  Loss: 0.0296  TrainAUC: 0.9998  ValAUC: 0.9406  TestAUC: 0.9282  TestAUPR: 0.5911  (patience 3873/100)
2026-06-08 01:07:06,060 - INFO - Epoch 4350  Loss: 0.0333  TrainAUC: 0.9997  ValAUC: 0.9420  TestAUC: 0.9288  TestAUPR: 0.5982  (patience 3923/100)
2026-06-08 01:08:11,691 - INFO - Epoch 4400  Loss: 0.0283  TrainAUC: 0.9998  ValAUC: 0.9401  TestAUC: 0.9308  TestAUPR: 0.6046  (patience 3973/100)
2026-06-08 01:09:15,919 - INFO - Epoch 4450  Loss: 0.0291  TrainAUC: 0.9998  ValAUC: 0.9453  TestAUC: 0.9291  TestAUPR: 0.5990  (patience 4023/100)
2026-06-08 01:10:20,320 - INFO - Epoch 4500  Loss: 0.0235  TrainAUC: 0.9998  ValAUC: 0.9436  TestAUC: 0.9319  TestAUPR: 0.6044  (patience 4073/100)
2026-06-08 01:11:24,719 - INFO - Epoch 4550  Loss: 0.0248  TrainAUC: 0.9998  ValAUC: 0.9431  TestAUC: 0.9279  TestAUPR: 0.6002  (patience 4123/100)
2026-06-08 01:12:29,326 - INFO - Epoch 4600  Loss: 0.0324  TrainAUC: 0.9998  ValAUC: 0.9448  TestAUC: 0.9310  TestAUPR: 0.6105  (patience 4173/100)
2026-06-08 01:13:33,386 - INFO - Epoch 4650  Loss: 0.0268  TrainAUC: 0.9998  ValAUC: 0.9401  TestAUC: 0.9322  TestAUPR: 0.6105  (patience 4223/100)
2026-06-08 01:14:38,533 - INFO - Epoch 4700  Loss: 0.0308  TrainAUC: 0.9997  ValAUC: 0.9449  TestAUC: 0.9303  TestAUPR: 0.6034  (patience 4273/100)
2026-06-08 01:15:44,071 - INFO - Epoch 4750  Loss: 0.0226  TrainAUC: 0.9998  ValAUC: 0.9415  TestAUC: 0.9310  TestAUPR: 0.5949  (patience 4323/100)
2026-06-08 01:16:49,239 - INFO - Epoch 4800  Loss: 0.0278  TrainAUC: 0.9997  ValAUC: 0.9401  TestAUC: 0.9307  TestAUPR: 0.5792  (patience 4373/100)
2026-06-08 01:17:54,511 - INFO - Epoch 4850  Loss: 0.0232  TrainAUC: 0.9998  ValAUC: 0.9428  TestAUC: 0.9303  TestAUPR: 0.5965  (patience 4423/100)
2026-06-08 01:18:59,932 - INFO - Epoch 4900  Loss: 0.0272  TrainAUC: 0.9998  ValAUC: 0.9434  TestAUC: 0.9322  TestAUPR: 0.5954  (patience 4473/100)
2026-06-08 01:20:05,358 - INFO - Epoch 4950  Loss: 0.0294  TrainAUC: 0.9997  ValAUC: 0.9418  TestAUC: 0.9311  TestAUPR: 0.5931  (patience 4523/100)
2026-06-08 01:21:10,420 - INFO - Epoch 5000  Loss: 0.0281  TrainAUC: 0.9998  ValAUC: 0.9399  TestAUC: 0.9332  TestAUPR: 0.5884  (patience 4573/100)
2026-06-08 01:21:13,061 - INFO - Fold 3 FINAL  AUC: 0.9444  AUPR: 0.5505
2026-06-08 01:21:13,092 - INFO - 
------------------------------------------------------------
2026-06-08 01:21:13,094 - INFO - 5-Fold CV  |  Fold 4
2026-06-08 01:21:13,097 - INFO - ------------------------------------------------------------
2026-06-08 01:21:13,609 - INFO - Graph: Graph(num_nodes={'disease': 409, 'drug': 663},
      num_edges={('disease', 'di_di', 'disease'): 6507, ('disease', 'di_dr', 'drug'): 2532, ('drug', 'dr_di', 'disease'): 2532, ('drug', 'dr_dr', 'drug'): 10582},
      metagraph=[('disease', 'disease', 'di_di'), ('disease', 'drug', 'di_dr'), ('drug', 'disease', 'dr_di'), ('drug', 'drug', 'dr_dr')])
2026-06-08 01:21:13,807 - INFO - Train pairs: 195240  |  Val pairs: 21694  |  Test pairs: 54233
2026-06-08 01:21:13,850 - INFO - Model parameters: 1,069,827
2026-06-08 01:21:13,852 - INFO - BCE pos_weight: 106.075
2026-06-08 01:22:20,285 - INFO - Epoch   50  Loss: 0.5209  TrainAUC: 0.9581  ValAUC: 0.9535  TestAUC: 0.9161  TestAUPR: 0.2159  (patience 0/100)
2026-06-08 01:23:28,038 - INFO - Epoch  100  Loss: 0.4634  TrainAUC: 0.9821  ValAUC: 0.9579  TestAUC: 0.9262  TestAUPR: 0.3332  (patience 2/100)
2026-06-08 01:24:34,465 - INFO - Epoch  150  Loss: 0.2358  TrainAUC: 0.9915  ValAUC: 0.9636  TestAUC: 0.9368  TestAUPR: 0.4115  (patience 14/100)
2026-06-08 01:25:40,011 - INFO - Epoch  200  Loss: 0.1485  TrainAUC: 0.9956  ValAUC: 0.9678  TestAUC: 0.9402  TestAUPR: 0.4581  (patience 26/100)
2026-06-08 01:26:45,398 - INFO - Epoch  250  Loss: 0.1205  TrainAUC: 0.9969  ValAUC: 0.9669  TestAUC: 0.9413  TestAUPR: 0.4755  (patience 76/100)
2026-06-08 01:27:51,254 - INFO - Epoch  300  Loss: 0.1081  TrainAUC: 0.9977  ValAUC: 0.9633  TestAUC: 0.9360  TestAUPR: 0.4831  (patience 126/100)
2026-06-08 01:28:57,578 - INFO - Epoch  350  Loss: 0.1007  TrainAUC: 0.9976  ValAUC: 0.9637  TestAUC: 0.9388  TestAUPR: 0.4776  (patience 176/100)
2026-06-08 01:30:07,592 - INFO - Epoch  400  Loss: 0.0887  TrainAUC: 0.9983  ValAUC: 0.9657  TestAUC: 0.9399  TestAUPR: 0.5014  (patience 226/100)
2026-06-08 01:31:13,906 - INFO - Epoch  450  Loss: 0.0794  TrainAUC: 0.9985  ValAUC: 0.9624  TestAUC: 0.9378  TestAUPR: 0.5141  (patience 276/100)
2026-06-08 01:32:18,344 - INFO - Epoch  500  Loss: 0.0783  TrainAUC: 0.9987  ValAUC: 0.9606  TestAUC: 0.9360  TestAUPR: 0.4936  (patience 326/100)
2026-06-08 01:33:22,717 - INFO - Epoch  550  Loss: 0.0649  TrainAUC: 0.9988  ValAUC: 0.9609  TestAUC: 0.9364  TestAUPR: 0.5142  (patience 376/100)
2026-06-08 01:34:27,983 - INFO - Epoch  600  Loss: 0.0597  TrainAUC: 0.9990  ValAUC: 0.9592  TestAUC: 0.9338  TestAUPR: 0.5108  (patience 426/100)
2026-06-08 01:35:33,424 - INFO - Epoch  650  Loss: 0.0662  TrainAUC: 0.9988  ValAUC: 0.9602  TestAUC: 0.9341  TestAUPR: 0.5172  (patience 476/100)
2026-06-08 01:36:38,848 - INFO - Epoch  700  Loss: 0.0728  TrainAUC: 0.9988  ValAUC: 0.9612  TestAUC: 0.9338  TestAUPR: 0.5257  (patience 526/100)
2026-06-08 01:37:43,618 - INFO - Epoch  750  Loss: 0.0669  TrainAUC: 0.9989  ValAUC: 0.9612  TestAUC: 0.9354  TestAUPR: 0.5111  (patience 576/100)
2026-06-08 01:38:52,512 - INFO - Epoch  800  Loss: 0.0575  TrainAUC: 0.9991  ValAUC: 0.9607  TestAUC: 0.9335  TestAUPR: 0.5289  (patience 626/100)
2026-06-08 01:39:57,073 - INFO - Epoch  850  Loss: 0.0581  TrainAUC: 0.9991  ValAUC: 0.9620  TestAUC: 0.9345  TestAUPR: 0.5275  (patience 676/100)
2026-06-08 01:41:02,504 - INFO - Epoch  900  Loss: 0.0539  TrainAUC: 0.9992  ValAUC: 0.9595  TestAUC: 0.9353  TestAUPR: 0.5413  (patience 726/100)
2026-06-08 01:42:07,769 - INFO - Epoch  950  Loss: 0.0526  TrainAUC: 0.9993  ValAUC: 0.9645  TestAUC: 0.9364  TestAUPR: 0.5290  (patience 776/100)
2026-06-08 01:43:13,320 - INFO - Epoch 1000  Loss: 0.0545  TrainAUC: 0.9992  ValAUC: 0.9609  TestAUC: 0.9344  TestAUPR: 0.5313  (patience 826/100)
2026-06-08 01:44:18,564 - INFO - Epoch 1050  Loss: 0.0480  TrainAUC: 0.9993  ValAUC: 0.9635  TestAUC: 0.9356  TestAUPR: 0.5429  (patience 876/100)
2026-06-08 01:45:24,184 - INFO - Epoch 1100  Loss: 0.0530  TrainAUC: 0.9992  ValAUC: 0.9586  TestAUC: 0.9326  TestAUPR: 0.5346  (patience 926/100)
2026-06-08 01:46:29,907 - INFO - Epoch 1150  Loss: 0.0552  TrainAUC: 0.9992  ValAUC: 0.9567  TestAUC: 0.9325  TestAUPR: 0.5404  (patience 976/100)
2026-06-08 01:47:35,266 - INFO - Epoch 1200  Loss: 0.0481  TrainAUC: 0.9994  ValAUC: 0.9619  TestAUC: 0.9348  TestAUPR: 0.5482  (patience 1026/100)
2026-06-08 01:48:42,073 - INFO - Epoch 1250  Loss: 0.0541  TrainAUC: 0.9993  ValAUC: 0.9574  TestAUC: 0.9327  TestAUPR: 0.5382  (patience 1076/100)
2026-06-08 01:49:47,574 - INFO - Epoch 1300  Loss: 0.0460  TrainAUC: 0.9994  ValAUC: 0.9574  TestAUC: 0.9334  TestAUPR: 0.5476  (patience 1126/100)
2026-06-08 01:50:53,667 - INFO - Epoch 1350  Loss: 0.0541  TrainAUC: 0.9993  ValAUC: 0.9587  TestAUC: 0.9321  TestAUPR: 0.5417  (patience 1176/100)
2026-06-08 01:51:58,923 - INFO - Epoch 1400  Loss: 0.0437  TrainAUC: 0.9994  ValAUC: 0.9598  TestAUC: 0.9330  TestAUPR: 0.5368  (patience 1226/100)
2026-06-08 01:53:03,637 - INFO - Epoch 1450  Loss: 0.0452  TrainAUC: 0.9995  ValAUC: 0.9593  TestAUC: 0.9325  TestAUPR: 0.5416  (patience 1276/100)
2026-06-08 01:54:08,835 - INFO - Epoch 1500  Loss: 0.0439  TrainAUC: 0.9994  ValAUC: 0.9620  TestAUC: 0.9332  TestAUPR: 0.5333  (patience 1326/100)
2026-06-08 01:55:14,330 - INFO - Epoch 1550  Loss: 0.0453  TrainAUC: 0.9995  ValAUC: 0.9618  TestAUC: 0.9326  TestAUPR: 0.5533  (patience 1376/100)
2026-06-08 01:56:19,406 - INFO - Epoch 1600  Loss: 0.0445  TrainAUC: 0.9994  ValAUC: 0.9604  TestAUC: 0.9332  TestAUPR: 0.5487  (patience 1426/100)
2026-06-08 01:57:23,960 - INFO - Epoch 1650  Loss: 0.0425  TrainAUC: 0.9995  ValAUC: 0.9582  TestAUC: 0.9309  TestAUPR: 0.5340  (patience 1476/100)
2026-06-08 01:58:28,408 - INFO - Epoch 1700  Loss: 0.0399  TrainAUC: 0.9995  ValAUC: 0.9607  TestAUC: 0.9308  TestAUPR: 0.5494  (patience 1526/100)
2026-06-08 01:59:33,319 - INFO - Epoch 1750  Loss: 0.0421  TrainAUC: 0.9995  ValAUC: 0.9569  TestAUC: 0.9284  TestAUPR: 0.5406  (patience 1576/100)
2026-06-08 02:00:38,773 - INFO - Epoch 1800  Loss: 0.0442  TrainAUC: 0.9995  ValAUC: 0.9592  TestAUC: 0.9319  TestAUPR: 0.5540  (patience 1626/100)
2026-06-08 02:01:43,803 - INFO - Epoch 1850  Loss: 0.0418  TrainAUC: 0.9995  ValAUC: 0.9585  TestAUC: 0.9321  TestAUPR: 0.5554  (patience 1676/100)
2026-06-08 02:02:48,536 - INFO - Epoch 1900  Loss: 0.0405  TrainAUC: 0.9996  ValAUC: 0.9552  TestAUC: 0.9316  TestAUPR: 0.5512  (patience 1726/100)
2026-06-08 02:03:53,155 - INFO - Epoch 1950  Loss: 0.0387  TrainAUC: 0.9996  ValAUC: 0.9552  TestAUC: 0.9298  TestAUPR: 0.5530  (patience 1776/100)
2026-06-08 02:04:58,099 - INFO - Epoch 2000  Loss: 0.0429  TrainAUC: 0.9996  ValAUC: 0.9559  TestAUC: 0.9294  TestAUPR: 0.5414  (patience 1826/100)
2026-06-08 02:06:03,394 - INFO - Epoch 2050  Loss: 0.0425  TrainAUC: 0.9996  ValAUC: 0.9593  TestAUC: 0.9297  TestAUPR: 0.5420  (patience 1876/100)
2026-06-08 02:07:08,183 - INFO - Epoch 2100  Loss: 0.0379  TrainAUC: 0.9996  ValAUC: 0.9556  TestAUC: 0.9296  TestAUPR: 0.5488  (patience 1926/100)
2026-06-08 02:08:13,455 - INFO - Epoch 2150  Loss: 0.0352  TrainAUC: 0.9997  ValAUC: 0.9580  TestAUC: 0.9285  TestAUPR: 0.5550  (patience 1976/100)
2026-06-08 02:09:18,652 - INFO - Epoch 2200  Loss: 0.0408  TrainAUC: 0.9995  ValAUC: 0.9566  TestAUC: 0.9304  TestAUPR: 0.5540  (patience 2026/100)
2026-06-08 02:10:23,875 - INFO - Epoch 2250  Loss: 0.0390  TrainAUC: 0.9996  ValAUC: 0.9571  TestAUC: 0.9306  TestAUPR: 0.5510  (patience 2076/100)
2026-06-08 02:11:28,886 - INFO - Epoch 2300  Loss: 0.0332  TrainAUC: 0.9996  ValAUC: 0.9598  TestAUC: 0.9331  TestAUPR: 0.5406  (patience 2126/100)
2026-06-08 02:12:33,378 - INFO - Epoch 2350  Loss: 0.0352  TrainAUC: 0.9996  ValAUC: 0.9536  TestAUC: 0.9276  TestAUPR: 0.5428  (patience 2176/100)
2026-06-08 02:13:37,835 - INFO - Epoch 2400  Loss: 0.0424  TrainAUC: 0.9996  ValAUC: 0.9580  TestAUC: 0.9309  TestAUPR: 0.5549  (patience 2226/100)
2026-06-08 02:14:42,560 - INFO - Epoch 2450  Loss: 0.0345  TrainAUC: 0.9997  ValAUC: 0.9579  TestAUC: 0.9301  TestAUPR: 0.5549  (patience 2276/100)
2026-06-08 02:15:47,603 - INFO - Epoch 2500  Loss: 0.0324  TrainAUC: 0.9997  ValAUC: 0.9535  TestAUC: 0.9288  TestAUPR: 0.5461  (patience 2326/100)
2026-06-08 02:16:52,082 - INFO - Epoch 2550  Loss: 0.0381  TrainAUC: 0.9997  ValAUC: 0.9588  TestAUC: 0.9306  TestAUPR: 0.5558  (patience 2376/100)
2026-06-08 02:17:57,044 - INFO - Epoch 2600  Loss: 0.0349  TrainAUC: 0.9997  ValAUC: 0.9585  TestAUC: 0.9303  TestAUPR: 0.5529  (patience 2426/100)
2026-06-08 02:19:02,444 - INFO - Epoch 2650  Loss: 0.0297  TrainAUC: 0.9997  ValAUC: 0.9583  TestAUC: 0.9292  TestAUPR: 0.5454  (patience 2476/100)
2026-06-08 02:20:07,311 - INFO - Epoch 2700  Loss: 0.0391  TrainAUC: 0.9997  ValAUC: 0.9606  TestAUC: 0.9309  TestAUPR: 0.5616  (patience 2526/100)
2026-06-08 02:21:12,053 - INFO - Epoch 2750  Loss: 0.0312  TrainAUC: 0.9997  ValAUC: 0.9557  TestAUC: 0.9282  TestAUPR: 0.5502  (patience 2576/100)
2026-06-08 02:22:17,676 - INFO - Epoch 2800  Loss: 0.0360  TrainAUC: 0.9997  ValAUC: 0.9536  TestAUC: 0.9293  TestAUPR: 0.5525  (patience 2626/100)
2026-06-08 02:23:22,543 - INFO - Epoch 2850  Loss: 0.0365  TrainAUC: 0.9997  ValAUC: 0.9566  TestAUC: 0.9275  TestAUPR: 0.5569  (patience 2676/100)
2026-06-08 02:24:28,285 - INFO - Epoch 2900  Loss: 0.0387  TrainAUC: 0.9997  ValAUC: 0.9568  TestAUC: 0.9275  TestAUPR: 0.5499  (patience 2726/100)
2026-06-08 02:25:33,070 - INFO - Epoch 2950  Loss: 0.0373  TrainAUC: 0.9996  ValAUC: 0.9569  TestAUC: 0.9288  TestAUPR: 0.5375  (patience 2776/100)
2026-06-08 02:26:39,624 - INFO - Epoch 3000  Loss: 0.0303  TrainAUC: 0.9997  ValAUC: 0.9555  TestAUC: 0.9309  TestAUPR: 0.5492  (patience 2826/100)
2026-06-08 02:27:45,303 - INFO - Epoch 3050  Loss: 0.0344  TrainAUC: 0.9996  ValAUC: 0.9604  TestAUC: 0.9299  TestAUPR: 0.5530  (patience 2876/100)
2026-06-08 02:28:50,002 - INFO - Epoch 3100  Loss: 0.0368  TrainAUC: 0.9997  ValAUC: 0.9598  TestAUC: 0.9309  TestAUPR: 0.5487  (patience 2926/100)
2026-06-08 02:29:55,019 - INFO - Epoch 3150  Loss: 0.0326  TrainAUC: 0.9997  ValAUC: 0.9614  TestAUC: 0.9281  TestAUPR: 0.5526  (patience 2976/100)
2026-06-08 02:31:00,212 - INFO - Epoch 3200  Loss: 0.0364  TrainAUC: 0.9997  ValAUC: 0.9562  TestAUC: 0.9278  TestAUPR: 0.5619  (patience 3026/100)
2026-06-08 02:32:05,506 - INFO - Epoch 3250  Loss: 0.0291  TrainAUC: 0.9998  ValAUC: 0.9548  TestAUC: 0.9272  TestAUPR: 0.5533  (patience 3076/100)
2026-06-08 02:33:10,320 - INFO - Epoch 3300  Loss: 0.0302  TrainAUC: 0.9997  ValAUC: 0.9621  TestAUC: 0.9316  TestAUPR: 0.5529  (patience 3126/100)
2026-06-08 02:34:15,577 - INFO - Epoch 3350  Loss: 0.0363  TrainAUC: 0.9997  ValAUC: 0.9553  TestAUC: 0.9280  TestAUPR: 0.5528  (patience 3176/100)
2026-06-08 02:35:20,305 - INFO - Epoch 3400  Loss: 0.0381  TrainAUC: 0.9997  ValAUC: 0.9604  TestAUC: 0.9291  TestAUPR: 0.5539  (patience 3226/100)
2026-06-08 02:36:24,860 - INFO - Epoch 3450  Loss: 0.0515  TrainAUC: 0.9994  ValAUC: 0.9641  TestAUC: 0.9246  TestAUPR: 0.5427  (patience 3276/100)
2026-06-08 02:37:29,874 - INFO - Epoch 3500  Loss: 0.0394  TrainAUC: 0.9997  ValAUC: 0.9574  TestAUC: 0.9315  TestAUPR: 0.5618  (patience 3326/100)
2026-06-08 02:38:34,932 - INFO - Epoch 3550  Loss: 0.0263  TrainAUC: 0.9998  ValAUC: 0.9605  TestAUC: 0.9316  TestAUPR: 0.5611  (patience 3376/100)
2026-06-08 02:39:40,330 - INFO - Epoch 3600  Loss: 0.0340  TrainAUC: 0.9997  ValAUC: 0.9590  TestAUC: 0.9278  TestAUPR: 0.5608  (patience 3426/100)
2026-06-08 02:40:44,907 - INFO - Epoch 3650  Loss: 0.0302  TrainAUC: 0.9998  ValAUC: 0.9571  TestAUC: 0.9279  TestAUPR: 0.5602  (patience 3476/100)
2026-06-08 02:41:49,647 - INFO - Epoch 3700  Loss: 0.0301  TrainAUC: 0.9997  ValAUC: 0.9568  TestAUC: 0.9267  TestAUPR: 0.5591  (patience 3526/100)
2026-06-08 02:42:54,492 - INFO - Epoch 3750  Loss: 0.0309  TrainAUC: 0.9997  ValAUC: 0.9586  TestAUC: 0.9297  TestAUPR: 0.5540  (patience 3576/100)
2026-06-08 02:43:58,771 - INFO - Epoch 3800  Loss: 0.0309  TrainAUC: 0.9998  ValAUC: 0.9545  TestAUC: 0.9286  TestAUPR: 0.5548  (patience 3626/100)
2026-06-08 02:45:04,423 - INFO - Epoch 3850  Loss: 0.0252  TrainAUC: 0.9998  ValAUC: 0.9580  TestAUC: 0.9296  TestAUPR: 0.5695  (patience 3676/100)
2026-06-08 02:46:09,262 - INFO - Epoch 3900  Loss: 0.0279  TrainAUC: 0.9998  ValAUC: 0.9588  TestAUC: 0.9287  TestAUPR: 0.5554  (patience 3726/100)
2026-06-08 02:47:14,312 - INFO - Epoch 3950  Loss: 0.0277  TrainAUC: 0.9998  ValAUC: 0.9543  TestAUC: 0.9268  TestAUPR: 0.5554  (patience 3776/100)
2026-06-08 02:48:19,381 - INFO - Epoch 4000  Loss: 0.0283  TrainAUC: 0.9998  ValAUC: 0.9567  TestAUC: 0.9296  TestAUPR: 0.5577  (patience 3826/100)
2026-06-08 02:49:24,584 - INFO - Epoch 4050  Loss: 0.0245  TrainAUC: 0.9998  ValAUC: 0.9575  TestAUC: 0.9289  TestAUPR: 0.5683  (patience 3876/100)
2026-06-08 02:50:29,321 - INFO - Epoch 4100  Loss: 0.0302  TrainAUC: 0.9997  ValAUC: 0.9560  TestAUC: 0.9296  TestAUPR: 0.5734  (patience 3926/100)
2026-06-08 02:51:33,688 - INFO - Epoch 4150  Loss: 0.0287  TrainAUC: 0.9998  ValAUC: 0.9573  TestAUC: 0.9299  TestAUPR: 0.5581  (patience 3976/100)
2026-06-08 02:52:38,468 - INFO - Epoch 4200  Loss: 0.0285  TrainAUC: 0.9998  ValAUC: 0.9562  TestAUC: 0.9312  TestAUPR: 0.5499  (patience 4026/100)
2026-06-08 02:53:43,261 - INFO - Epoch 4250  Loss: 0.0252  TrainAUC: 0.9998  ValAUC: 0.9580  TestAUC: 0.9312  TestAUPR: 0.5666  (patience 4076/100)
2026-06-08 02:54:48,017 - INFO - Epoch 4300  Loss: 0.0283  TrainAUC: 0.9998  ValAUC: 0.9571  TestAUC: 0.9301  TestAUPR: 0.5628  (patience 4126/100)
2026-06-08 02:55:52,431 - INFO - Epoch 4350  Loss: 0.0345  TrainAUC: 0.9997  ValAUC: 0.9634  TestAUC: 0.9303  TestAUPR: 0.5682  (patience 4176/100)
2026-06-08 02:56:57,155 - INFO - Epoch 4400  Loss: 0.0312  TrainAUC: 0.9997  ValAUC: 0.9589  TestAUC: 0.9299  TestAUPR: 0.5617  (patience 4226/100)
2026-06-08 02:58:01,934 - INFO - Epoch 4450  Loss: 0.0301  TrainAUC: 0.9998  ValAUC: 0.9558  TestAUC: 0.9276  TestAUPR: 0.5713  (patience 4276/100)
2026-06-08 02:59:06,888 - INFO - Epoch 4500  Loss: 0.0251  TrainAUC: 0.9998  ValAUC: 0.9589  TestAUC: 0.9273  TestAUPR: 0.5603  (patience 4326/100)
2026-06-08 03:00:11,818 - INFO - Epoch 4550  Loss: 0.0268  TrainAUC: 0.9998  ValAUC: 0.9568  TestAUC: 0.9291  TestAUPR: 0.5644  (patience 4376/100)
2026-06-08 03:01:16,627 - INFO - Epoch 4600  Loss: 0.0270  TrainAUC: 0.9998  ValAUC: 0.9593  TestAUC: 0.9263  TestAUPR: 0.5597  (patience 4426/100)
2026-06-08 03:02:21,699 - INFO - Epoch 4650  Loss: 0.0256  TrainAUC: 0.9998  ValAUC: 0.9589  TestAUC: 0.9293  TestAUPR: 0.5661  (patience 4476/100)
2026-06-08 03:03:26,793 - INFO - Epoch 4700  Loss: 0.0249  TrainAUC: 0.9998  ValAUC: 0.9604  TestAUC: 0.9297  TestAUPR: 0.5631  (patience 4526/100)
2026-06-08 03:04:31,698 - INFO - Epoch 4750  Loss: 0.0291  TrainAUC: 0.9997  ValAUC: 0.9519  TestAUC: 0.9240  TestAUPR: 0.5410  (patience 4576/100)
2026-06-08 03:05:36,209 - INFO - Epoch 4800  Loss: 0.0261  TrainAUC: 0.9998  ValAUC: 0.9541  TestAUC: 0.9291  TestAUPR: 0.5688  (patience 4626/100)
2026-06-08 03:06:41,452 - INFO - Epoch 4850  Loss: 0.0235  TrainAUC: 0.9998  ValAUC: 0.9590  TestAUC: 0.9293  TestAUPR: 0.5501  (patience 4676/100)
2026-06-08 03:07:45,766 - INFO - Epoch 4900  Loss: 0.0337  TrainAUC: 0.9997  ValAUC: 0.9551  TestAUC: 0.9266  TestAUPR: 0.5408  (patience 4726/100)
2026-06-08 03:08:50,704 - INFO - Epoch 4950  Loss: 0.0253  TrainAUC: 0.9998  ValAUC: 0.9529  TestAUC: 0.9271  TestAUPR: 0.5472  (patience 4776/100)
2026-06-08 03:09:54,899 - INFO - Epoch 5000  Loss: 0.0290  TrainAUC: 0.9998  ValAUC: 0.9538  TestAUC: 0.9292  TestAUPR: 0.5471  (patience 4826/100)
2026-06-08 03:09:57,700 - INFO - Fold 4 FINAL  AUC: 0.9401  AUPR: 0.4368
2026-06-08 03:09:57,718 - INFO - 
------------------------------------------------------------
2026-06-08 03:09:57,719 - INFO - 5-Fold CV  |  Fold 5
2026-06-08 03:09:57,719 - INFO - ------------------------------------------------------------
2026-06-08 03:09:58,238 - INFO - Graph: Graph(num_nodes={'disease': 409, 'drug': 663},
      num_edges={('disease', 'di_di', 'disease'): 6507, ('disease', 'di_dr', 'drug'): 2532, ('drug', 'dr_di', 'disease'): 2532, ('drug', 'dr_dr', 'drug'): 10582},
      metagraph=[('disease', 'disease', 'di_di'), ('disease', 'drug', 'di_dr'), ('drug', 'disease', 'dr_di'), ('drug', 'drug', 'dr_dr')])
2026-06-08 03:09:58,430 - INFO - Train pairs: 195240  |  Val pairs: 21694  |  Test pairs: 54233
2026-06-08 03:09:58,481 - INFO - Model parameters: 1,069,827
2026-06-08 03:09:58,486 - INFO - BCE pos_weight: 106.075
2026-06-08 03:11:04,368 - INFO - Epoch   50  Loss: 0.5918  TrainAUC: 0.9456  ValAUC: 0.9238  TestAUC: 0.9017  TestAUPR: 0.2295  (patience 2/100)
2026-06-08 03:11:56,531 - INFO - Epoch  100  Loss: 0.4185  TrainAUC: 0.9765  ValAUC: 0.9387  TestAUC: 0.9194  TestAUPR: 0.2975  (patience 4/100)
2026-06-08 03:12:39,243 - INFO - Epoch  150  Loss: 0.2282  TrainAUC: 0.9909  ValAUC: 0.9464  TestAUC: 0.9296  TestAUPR: 0.4934  (patience 31/100)
2026-06-08 03:13:22,304 - INFO - Epoch  200  Loss: 0.1492  TrainAUC: 0.9952  ValAUC: 0.9543  TestAUC: 0.9359  TestAUPR: 0.5319  (patience 2/100)
2026-06-08 03:14:04,922 - INFO - Epoch  250  Loss: 0.1320  TrainAUC: 0.9962  ValAUC: 0.9498  TestAUC: 0.9334  TestAUPR: 0.5430  (patience 52/100)
2026-06-08 03:14:47,924 - INFO - Epoch  300  Loss: 0.1098  TrainAUC: 0.9971  ValAUC: 0.9472  TestAUC: 0.9309  TestAUPR: 0.5520  (patience 102/100)
2026-06-08 03:15:30,800 - INFO - Epoch  350  Loss: 0.1088  TrainAUC: 0.9974  ValAUC: 0.9501  TestAUC: 0.9318  TestAUPR: 0.5678  (patience 152/100)
2026-06-08 03:16:13,399 - INFO - Epoch  400  Loss: 0.0938  TrainAUC: 0.9980  ValAUC: 0.9482  TestAUC: 0.9310  TestAUPR: 0.5886  (patience 202/100)
2026-06-08 03:16:55,726 - INFO - Epoch  450  Loss: 0.0923  TrainAUC: 0.9982  ValAUC: 0.9466  TestAUC: 0.9323  TestAUPR: 0.5948  (patience 252/100)
2026-06-08 03:17:38,218 - INFO - Epoch  500  Loss: 0.0800  TrainAUC: 0.9984  ValAUC: 0.9451  TestAUC: 0.9286  TestAUPR: 0.5794  (patience 302/100)
2026-06-08 03:18:20,399 - INFO - Epoch  550  Loss: 0.0890  TrainAUC: 0.9982  ValAUC: 0.9442  TestAUC: 0.9302  TestAUPR: 0.5884  (patience 352/100)
2026-06-08 03:19:03,087 - INFO - Epoch  600  Loss: 0.0707  TrainAUC: 0.9987  ValAUC: 0.9430  TestAUC: 0.9304  TestAUPR: 0.6012  (patience 402/100)
2026-06-08 03:19:45,362 - INFO - Epoch  650  Loss: 0.0691  TrainAUC: 0.9988  ValAUC: 0.9412  TestAUC: 0.9299  TestAUPR: 0.6002  (patience 452/100)
2026-06-08 03:20:27,994 - INFO - Epoch  700  Loss: 0.0649  TrainAUC: 0.9988  ValAUC: 0.9425  TestAUC: 0.9325  TestAUPR: 0.6049  (patience 502/100)
2026-06-08 03:21:10,637 - INFO - Epoch  750  Loss: 0.0695  TrainAUC: 0.9988  ValAUC: 0.9430  TestAUC: 0.9304  TestAUPR: 0.6124  (patience 552/100)
2026-06-08 03:21:53,532 - INFO - Epoch  800  Loss: 0.0615  TrainAUC: 0.9989  ValAUC: 0.9444  TestAUC: 0.9315  TestAUPR: 0.5964  (patience 602/100)
2026-06-08 03:22:36,585 - INFO - Epoch  850  Loss: 0.0675  TrainAUC: 0.9989  ValAUC: 0.9455  TestAUC: 0.9306  TestAUPR: 0.6189  (patience 652/100)
2026-06-08 03:23:19,213 - INFO - Epoch  900  Loss: 0.0646  TrainAUC: 0.9991  ValAUC: 0.9383  TestAUC: 0.9301  TestAUPR: 0.6180  (patience 702/100)
2026-06-08 03:24:01,645 - INFO - Epoch  950  Loss: 0.0558  TrainAUC: 0.9991  ValAUC: 0.9410  TestAUC: 0.9299  TestAUPR: 0.6129  (patience 752/100)
2026-06-08 03:24:44,506 - INFO - Epoch 1000  Loss: 0.0588  TrainAUC: 0.9991  ValAUC: 0.9412  TestAUC: 0.9296  TestAUPR: 0.6102  (patience 802/100)
2026-06-08 03:25:27,403 - INFO - Epoch 1050  Loss: 0.0515  TrainAUC: 0.9993  ValAUC: 0.9396  TestAUC: 0.9303  TestAUPR: 0.6158  (patience 852/100)
2026-06-08 03:26:09,748 - INFO - Epoch 1100  Loss: 0.0518  TrainAUC: 0.9993  ValAUC: 0.9386  TestAUC: 0.9277  TestAUPR: 0.6173  (patience 902/100)
2026-06-08 03:26:52,178 - INFO - Epoch 1150  Loss: 0.0507  TrainAUC: 0.9993  ValAUC: 0.9373  TestAUC: 0.9292  TestAUPR: 0.6205  (patience 952/100)
2026-06-08 03:27:35,118 - INFO - Epoch 1200  Loss: 0.0569  TrainAUC: 0.9991  ValAUC: 0.9353  TestAUC: 0.9280  TestAUPR: 0.6215  (patience 1002/100)
2026-06-08 03:28:17,353 - INFO - Epoch 1250  Loss: 0.0479  TrainAUC: 0.9993  ValAUC: 0.9400  TestAUC: 0.9299  TestAUPR: 0.6244  (patience 1052/100)
2026-06-08 03:28:59,904 - INFO - Epoch 1300  Loss: 0.0483  TrainAUC: 0.9993  ValAUC: 0.9407  TestAUC: 0.9285  TestAUPR: 0.6311  (patience 1102/100)
2026-06-08 03:29:42,407 - INFO - Epoch 1350  Loss: 0.0484  TrainAUC: 0.9993  ValAUC: 0.9446  TestAUC: 0.9298  TestAUPR: 0.6250  (patience 1152/100)
2026-06-08 03:30:24,819 - INFO - Epoch 1400  Loss: 0.0490  TrainAUC: 0.9993  ValAUC: 0.9388  TestAUC: 0.9287  TestAUPR: 0.6244  (patience 1202/100)
2026-06-08 03:31:07,607 - INFO - Epoch 1450  Loss: 0.0513  TrainAUC: 0.9993  ValAUC: 0.9427  TestAUC: 0.9305  TestAUPR: 0.6273  (patience 1252/100)
2026-06-08 03:31:49,740 - INFO - Epoch 1500  Loss: 0.0447  TrainAUC: 0.9994  ValAUC: 0.9374  TestAUC: 0.9291  TestAUPR: 0.6247  (patience 1302/100)
2026-06-08 03:32:32,127 - INFO - Epoch 1550  Loss: 0.0455  TrainAUC: 0.9994  ValAUC: 0.9411  TestAUC: 0.9307  TestAUPR: 0.6311  (patience 1352/100)
2026-06-08 03:33:14,545 - INFO - Epoch 1600  Loss: 0.0389  TrainAUC: 0.9995  ValAUC: 0.9352  TestAUC: 0.9268  TestAUPR: 0.6263  (patience 1402/100)
2026-06-08 03:33:56,558 - INFO - Epoch 1650  Loss: 0.0456  TrainAUC: 0.9993  ValAUC: 0.9373  TestAUC: 0.9285  TestAUPR: 0.6222  (patience 1452/100)
2026-06-08 03:34:39,253 - INFO - Epoch 1700  Loss: 0.0464  TrainAUC: 0.9995  ValAUC: 0.9411  TestAUC: 0.9294  TestAUPR: 0.6310  (patience 1502/100)
2026-06-08 03:35:22,856 - INFO - Epoch 1750  Loss: 0.0467  TrainAUC: 0.9994  ValAUC: 0.9393  TestAUC: 0.9297  TestAUPR: 0.6335  (patience 1552/100)
2026-06-08 03:36:04,994 - INFO - Epoch 1800  Loss: 0.0452  TrainAUC: 0.9994  ValAUC: 0.9401  TestAUC: 0.9279  TestAUPR: 0.6228  (patience 1602/100)
2026-06-08 03:36:47,516 - INFO - Epoch 1850  Loss: 0.0432  TrainAUC: 0.9995  ValAUC: 0.9390  TestAUC: 0.9272  TestAUPR: 0.6351  (patience 1652/100)
2026-06-08 03:37:30,158 - INFO - Epoch 1900  Loss: 0.0440  TrainAUC: 0.9995  ValAUC: 0.9426  TestAUC: 0.9284  TestAUPR: 0.6336  (patience 1702/100)
2026-06-08 03:38:12,441 - INFO - Epoch 1950  Loss: 0.0452  TrainAUC: 0.9995  ValAUC: 0.9412  TestAUC: 0.9286  TestAUPR: 0.6315  (patience 1752/100)
2026-06-08 03:38:55,340 - INFO - Epoch 2000  Loss: 0.0381  TrainAUC: 0.9995  ValAUC: 0.9349  TestAUC: 0.9252  TestAUPR: 0.6354  (patience 1802/100)
2026-06-08 03:39:37,985 - INFO - Epoch 2050  Loss: 0.0364  TrainAUC: 0.9996  ValAUC: 0.9407  TestAUC: 0.9286  TestAUPR: 0.6385  (patience 1852/100)
2026-06-08 03:40:20,694 - INFO - Epoch 2100  Loss: 0.0411  TrainAUC: 0.9996  ValAUC: 0.9332  TestAUC: 0.9260  TestAUPR: 0.6263  (patience 1902/100)
2026-06-08 03:41:03,263 - INFO - Epoch 2150  Loss: 0.0350  TrainAUC: 0.9997  ValAUC: 0.9410  TestAUC: 0.9270  TestAUPR: 0.6322  (patience 1952/100)
2026-06-08 03:41:45,512 - INFO - Epoch 2200  Loss: 0.0409  TrainAUC: 0.9995  ValAUC: 0.9382  TestAUC: 0.9279  TestAUPR: 0.6405  (patience 2002/100)
2026-06-08 03:42:28,168 - INFO - Epoch 2250  Loss: 0.0371  TrainAUC: 0.9996  ValAUC: 0.9388  TestAUC: 0.9284  TestAUPR: 0.6380  (patience 2052/100)
2026-06-08 03:43:10,828 - INFO - Epoch 2300  Loss: 0.0416  TrainAUC: 0.9995  ValAUC: 0.9352  TestAUC: 0.9248  TestAUPR: 0.6321  (patience 2102/100)
2026-06-08 03:43:53,173 - INFO - Epoch 2350  Loss: 0.0381  TrainAUC: 0.9996  ValAUC: 0.9360  TestAUC: 0.9281  TestAUPR: 0.6360  (patience 2152/100)
2026-06-08 03:44:36,137 - INFO - Epoch 2400  Loss: 0.0419  TrainAUC: 0.9996  ValAUC: 0.9369  TestAUC: 0.9272  TestAUPR: 0.6311  (patience 2202/100)
2026-06-08 03:45:19,096 - INFO - Epoch 2450  Loss: 0.0363  TrainAUC: 0.9996  ValAUC: 0.9393  TestAUC: 0.9295  TestAUPR: 0.6289  (patience 2252/100)
2026-06-08 03:46:01,345 - INFO - Epoch 2500  Loss: 0.0504  TrainAUC: 0.9996  ValAUC: 0.9335  TestAUC: 0.9260  TestAUPR: 0.6369  (patience 2302/100)
2026-06-08 03:46:43,724 - INFO - Epoch 2550  Loss: 0.0352  TrainAUC: 0.9996  ValAUC: 0.9353  TestAUC: 0.9286  TestAUPR: 0.6304  (patience 2352/100)
2026-06-08 03:47:26,137 - INFO - Epoch 2600  Loss: 0.0350  TrainAUC: 0.9996  ValAUC: 0.9392  TestAUC: 0.9292  TestAUPR: 0.6414  (patience 2402/100)
2026-06-08 03:48:08,064 - INFO - Epoch 2650  Loss: 0.0319  TrainAUC: 0.9997  ValAUC: 0.9336  TestAUC: 0.9257  TestAUPR: 0.6324  (patience 2452/100)
2026-06-08 03:48:50,509 - INFO - Epoch 2700  Loss: 0.0396  TrainAUC: 0.9996  ValAUC: 0.9314  TestAUC: 0.9265  TestAUPR: 0.6380  (patience 2502/100)
2026-06-08 03:49:33,065 - INFO - Epoch 2750  Loss: 0.0362  TrainAUC: 0.9996  ValAUC: 0.9310  TestAUC: 0.9257  TestAUPR: 0.6298  (patience 2552/100)
2026-06-08 03:50:15,213 - INFO - Epoch 2800  Loss: 0.0382  TrainAUC: 0.9996  ValAUC: 0.9371  TestAUC: 0.9272  TestAUPR: 0.6380  (patience 2602/100)
2026-06-08 03:50:57,782 - INFO - Epoch 2850  Loss: 0.0338  TrainAUC: 0.9997  ValAUC: 0.9333  TestAUC: 0.9265  TestAUPR: 0.6317  (patience 2652/100)
2026-06-08 03:51:40,059 - INFO - Epoch 2900  Loss: 0.0335  TrainAUC: 0.9997  ValAUC: 0.9366  TestAUC: 0.9287  TestAUPR: 0.6411  (patience 2702/100)
2026-06-08 03:52:22,562 - INFO - Epoch 2950  Loss: 0.0335  TrainAUC: 0.9997  ValAUC: 0.9313  TestAUC: 0.9297  TestAUPR: 0.6360  (patience 2752/100)
2026-06-08 03:53:05,108 - INFO - Epoch 3000  Loss: 0.0327  TrainAUC: 0.9997  ValAUC: 0.9292  TestAUC: 0.9258  TestAUPR: 0.6349  (patience 2802/100)
2026-06-08 03:53:47,252 - INFO - Epoch 3050  Loss: 0.0361  TrainAUC: 0.9997  ValAUC: 0.9338  TestAUC: 0.9280  TestAUPR: 0.6395  (patience 2852/100)
2026-06-08 03:54:29,675 - INFO - Epoch 3100  Loss: 0.0389  TrainAUC: 0.9996  ValAUC: 0.9322  TestAUC: 0.9279  TestAUPR: 0.6360  (patience 2902/100)
2026-06-08 03:55:12,510 - INFO - Epoch 3150  Loss: 0.0288  TrainAUC: 0.9998  ValAUC: 0.9320  TestAUC: 0.9275  TestAUPR: 0.6398  (patience 2952/100)
2026-06-08 03:55:54,734 - INFO - Epoch 3200  Loss: 0.0306  TrainAUC: 0.9997  ValAUC: 0.9367  TestAUC: 0.9273  TestAUPR: 0.6433  (patience 3002/100)
2026-06-08 03:56:37,231 - INFO - Epoch 3250  Loss: 0.0305  TrainAUC: 0.9997  ValAUC: 0.9327  TestAUC: 0.9245  TestAUPR: 0.6259  (patience 3052/100)
2026-06-08 03:57:19,717 - INFO - Epoch 3300  Loss: 0.0325  TrainAUC: 0.9997  ValAUC: 0.9313  TestAUC: 0.9270  TestAUPR: 0.6434  (patience 3102/100)
2026-06-08 03:58:02,094 - INFO - Epoch 3350  Loss: 0.0334  TrainAUC: 0.9997  ValAUC: 0.9394  TestAUC: 0.9278  TestAUPR: 0.6471  (patience 3152/100)
2026-06-08 03:58:44,709 - INFO - Epoch 3400  Loss: 0.0320  TrainAUC: 0.9997  ValAUC: 0.9337  TestAUC: 0.9279  TestAUPR: 0.6326  (patience 3202/100)
2026-06-08 03:59:27,231 - INFO - Epoch 3450  Loss: 0.0323  TrainAUC: 0.9997  ValAUC: 0.9301  TestAUC: 0.9274  TestAUPR: 0.6355  (patience 3252/100)
2026-06-08 04:00:09,587 - INFO - Epoch 3500  Loss: 0.0326  TrainAUC: 0.9997  ValAUC: 0.9320  TestAUC: 0.9254  TestAUPR: 0.6384  (patience 3302/100)
2026-06-08 04:00:52,038 - INFO - Epoch 3550  Loss: 0.0315  TrainAUC: 0.9997  ValAUC: 0.9313  TestAUC: 0.9265  TestAUPR: 0.6426  (patience 3352/100)
2026-06-08 04:01:34,438 - INFO - Epoch 3600  Loss: 0.0296  TrainAUC: 0.9997  ValAUC: 0.9314  TestAUC: 0.9261  TestAUPR: 0.6446  (patience 3402/100)
2026-06-08 04:02:16,425 - INFO - Epoch 3650  Loss: 0.0318  TrainAUC: 0.9997  ValAUC: 0.9347  TestAUC: 0.9268  TestAUPR: 0.6429  (patience 3452/100)
2026-06-08 04:02:58,849 - INFO - Epoch 3700  Loss: 0.0304  TrainAUC: 0.9998  ValAUC: 0.9406  TestAUC: 0.9283  TestAUPR: 0.6498  (patience 3502/100)
2026-06-08 04:03:41,117 - INFO - Epoch 3750  Loss: 0.0309  TrainAUC: 0.9997  ValAUC: 0.9320  TestAUC: 0.9221  TestAUPR: 0.6344  (patience 3552/100)
2026-06-08 04:04:23,621 - INFO - Epoch 3800  Loss: 0.0306  TrainAUC: 0.9997  ValAUC: 0.9380  TestAUC: 0.9267  TestAUPR: 0.6409  (patience 3602/100)
2026-06-08 04:05:06,345 - INFO - Epoch 3850  Loss: 0.0307  TrainAUC: 0.9997  ValAUC: 0.9398  TestAUC: 0.9266  TestAUPR: 0.6404  (patience 3652/100)
2026-06-08 04:05:48,595 - INFO - Epoch 3900  Loss: 0.0332  TrainAUC: 0.9997  ValAUC: 0.9322  TestAUC: 0.9283  TestAUPR: 0.6475  (patience 3702/100)
2026-06-08 04:06:30,944 - INFO - Epoch 3950  Loss: 0.0292  TrainAUC: 0.9997  ValAUC: 0.9350  TestAUC: 0.9253  TestAUPR: 0.6495  (patience 3752/100)
2026-06-08 04:07:13,440 - INFO - Epoch 4000  Loss: 0.0336  TrainAUC: 0.9997  ValAUC: 0.9326  TestAUC: 0.9242  TestAUPR: 0.6454  (patience 3802/100)
2026-06-08 04:07:55,704 - INFO - Epoch 4050  Loss: 0.0271  TrainAUC: 0.9998  ValAUC: 0.9352  TestAUC: 0.9252  TestAUPR: 0.6461  (patience 3852/100)
2026-06-08 04:08:38,214 - INFO - Epoch 4100  Loss: 0.0310  TrainAUC: 0.9997  ValAUC: 0.9375  TestAUC: 0.9256  TestAUPR: 0.6434  (patience 3902/100)
2026-06-08 04:09:20,702 - INFO - Epoch 4150  Loss: 0.0285  TrainAUC: 0.9998  ValAUC: 0.9350  TestAUC: 0.9271  TestAUPR: 0.6345  (patience 3952/100)
2026-06-08 04:10:03,087 - INFO - Epoch 4200  Loss: 0.0256  TrainAUC: 0.9998  ValAUC: 0.9340  TestAUC: 0.9255  TestAUPR: 0.6422  (patience 4002/100)
2026-06-08 04:10:45,440 - INFO - Epoch 4250  Loss: 0.0296  TrainAUC: 0.9998  ValAUC: 0.9372  TestAUC: 0.9251  TestAUPR: 0.6409  (patience 4052/100)
2026-06-08 04:11:27,711 - INFO - Epoch 4300  Loss: 0.0284  TrainAUC: 0.9998  ValAUC: 0.9299  TestAUC: 0.9263  TestAUPR: 0.6406  (patience 4102/100)
2026-06-08 04:12:10,245 - INFO - Epoch 4350  Loss: 0.0324  TrainAUC: 0.9998  ValAUC: 0.9311  TestAUC: 0.9266  TestAUPR: 0.6481  (patience 4152/100)
2026-06-08 04:12:52,657 - INFO - Epoch 4400  Loss: 0.0297  TrainAUC: 0.9998  ValAUC: 0.9332  TestAUC: 0.9274  TestAUPR: 0.6498  (patience 4202/100)
2026-06-08 04:13:34,950 - INFO - Epoch 4450  Loss: 0.0249  TrainAUC: 0.9998  ValAUC: 0.9360  TestAUC: 0.9291  TestAUPR: 0.6509  (patience 4252/100)
2026-06-08 04:14:17,437 - INFO - Epoch 4500  Loss: 0.0253  TrainAUC: 0.9998  ValAUC: 0.9306  TestAUC: 0.9236  TestAUPR: 0.6431  (patience 4302/100)
2026-06-08 04:15:00,329 - INFO - Epoch 4550  Loss: 0.0238  TrainAUC: 0.9998  ValAUC: 0.9305  TestAUC: 0.9253  TestAUPR: 0.6440  (patience 4352/100)
2026-06-08 04:15:42,608 - INFO - Epoch 4600  Loss: 0.0200  TrainAUC: 0.9999  ValAUC: 0.9352  TestAUC: 0.9279  TestAUPR: 0.6521  (patience 4402/100)
2026-06-08 04:16:24,963 - INFO - Epoch 4650  Loss: 0.0327  TrainAUC: 0.9997  ValAUC: 0.9373  TestAUC: 0.9280  TestAUPR: 0.6469  (patience 4452/100)
2026-06-08 04:17:07,084 - INFO - Epoch 4700  Loss: 0.0311  TrainAUC: 0.9998  ValAUC: 0.9306  TestAUC: 0.9257  TestAUPR: 0.6366  (patience 4502/100)
2026-06-08 04:17:49,156 - INFO - Epoch 4750  Loss: 0.0241  TrainAUC: 0.9999  ValAUC: 0.9306  TestAUC: 0.9251  TestAUPR: 0.6375  (patience 4552/100)
2026-06-08 04:18:31,464 - INFO - Epoch 4800  Loss: 0.0322  TrainAUC: 0.9997  ValAUC: 0.9383  TestAUC: 0.9254  TestAUPR: 0.6509  (patience 4602/100)
2026-06-08 04:19:14,022 - INFO - Epoch 4850  Loss: 0.0221  TrainAUC: 0.9998  ValAUC: 0.9302  TestAUC: 0.9259  TestAUPR: 0.6449  (patience 4652/100)
2026-06-08 04:19:56,317 - INFO - Epoch 4900  Loss: 0.0212  TrainAUC: 0.9998  ValAUC: 0.9286  TestAUC: 0.9264  TestAUPR: 0.6444  (patience 4702/100)
2026-06-08 04:20:38,762 - INFO - Epoch 4950  Loss: 0.0278  TrainAUC: 0.9998  ValAUC: 0.9293  TestAUC: 0.9245  TestAUPR: 0.6410  (patience 4752/100)
2026-06-08 04:21:21,076 - INFO - Epoch 5000  Loss: 0.0232  TrainAUC: 0.9999  ValAUC: 0.9328  TestAUC: 0.9258  TestAUPR: 0.6410  (patience 4802/100)
2026-06-08 04:21:22,715 - INFO - Fold 5 FINAL  AUC: 0.9374  AUPR: 0.5235
2026-06-08 04:22:20,807 - INFO - 
============================================================
2026-06-08 04:22:20,821 - INFO - OVERALL  AUC: 0.9354  AUPR: 0.4749  Acc: 0.9909  F1: 0.4948  Prec: 0.5156  Recall: 0.4755
2026-06-08 04:22:20,822 - INFO - ============================================================
2026-06-08 04:22:23,158 - INFO - 
Done.  Results saved to: ../result\GAT\Cdataset_graph_ae_Morgan_5000_0.4_128\0
