2026-06-06 20:43:34,031 - INFO - Namespace(device_id=None, dataset='Cdataset', BERT_emb=True, LLM_emb=False, saved_path='../result\\GAT\\Cdataset_graph_ae_BERT_5000_0.4_128\\0', seed=0, nfold=5, epoch=5000, learning_rate=0.01, weight_decay=0, patience=100, feature_type='BERT', concatenate_type='graph_ae', hidden_feats=128, dropout=0.4, num_heads=2, clip_grad=1.0, leak_safe_mode=False, drug_in_feats=1024, disease_in_feats=768, exp_name='GAT', dr_fingerprint=True, dis_prot_assoc=True)
2026-06-06 20:43:34,032 - INFO - 
======================================================================
2026-06-06 20:43:34,032 - INFO - GAT MODEL — Drug-Disease Association Prediction
2026-06-06 20:43:34,036 - INFO - ======================================================================
2026-06-06 20:43:34,037 - INFO - 
[LEAKAGE WARNING] Similarity matrices (dr_sim, di_sim) are computed
over ALL nodes before the train/test split.  When these matrices are
derived from the DDA label matrix (Gaussian/Jaccard kernel), test
association information leaks into graph construction.
Set --leak_safe_mode to True to recompute per-fold (slower).
For chemical/sequence similarities (Morgan, ChemBERTa, BERT) this
risk is lower because they are label-independent.

2026-06-06 20:43:34,037 - INFO - Training on CPU
2026-06-06 20:43:34,977 - INFO - 
------------------------------------------------------------
2026-06-06 20:43:34,978 - INFO - 5-Fold CV  |  Fold 1
2026-06-06 20:43:34,978 - INFO - ------------------------------------------------------------
2026-06-06 20:43:35,981 - INFO - Graph: Graph(num_nodes={'disease': 409, 'drug': 663},
      num_edges={('disease', 'di_di', 'disease'): 6507, ('disease', 'di_dr', 'drug'): 2532, ('drug', 'dr_di', 'disease'): 2532, ('drug', 'dr_dr', 'drug'): 10582},
      metagraph=[('disease', 'disease', 'di_di'), ('disease', 'drug', 'di_dr'), ('drug', 'disease', 'dr_di'), ('drug', 'drug', 'dr_dr')])
2026-06-06 20:43:36,267 - INFO - Train pairs: 195239  |  Val pairs: 21694  |  Test pairs: 54234
2026-06-06 20:43:36,329 - INFO - Model parameters: 1,075,971
2026-06-06 20:43:42,303 - INFO - BCE pos_weight: 106.127
2026-06-06 20:45:27,822 - INFO - Epoch   50  Loss: 0.7972  TrainAUC: 0.9085  ValAUC: 0.9112  TestAUC: 0.8881  TestAUPR: 0.1942  (patience 0/100)
2026-06-06 20:47:02,996 - INFO - Epoch  100  Loss: 0.3863  TrainAUC: 0.9766  ValAUC: 0.9455  TestAUC: 0.9319  TestAUPR: 0.3132  (patience 4/100)
2026-06-06 20:48:42,046 - INFO - Epoch  150  Loss: 0.2428  TrainAUC: 0.9895  ValAUC: 0.9636  TestAUC: 0.9466  TestAUPR: 0.4404  (patience 7/100)
2026-06-06 20:50:18,384 - INFO - Epoch  200  Loss: 0.1876  TrainAUC: 0.9936  ValAUC: 0.9637  TestAUC: 0.9511  TestAUPR: 0.5059  (patience 47/100)
2026-06-06 20:51:56,175 - INFO - Epoch  250  Loss: 0.1413  TrainAUC: 0.9958  ValAUC: 0.9643  TestAUC: 0.9527  TestAUPR: 0.5381  (patience 97/100)
2026-06-06 20:53:31,496 - INFO - Epoch  300  Loss: 0.1305  TrainAUC: 0.9964  ValAUC: 0.9638  TestAUC: 0.9502  TestAUPR: 0.5435  (patience 147/100)
2026-06-06 20:55:11,826 - INFO - Epoch  350  Loss: 0.1286  TrainAUC: 0.9967  ValAUC: 0.9648  TestAUC: 0.9528  TestAUPR: 0.5761  (patience 197/100)
2026-06-06 20:56:46,007 - INFO - Epoch  400  Loss: 0.1020  TrainAUC: 0.9977  ValAUC: 0.9633  TestAUC: 0.9530  TestAUPR: 0.5727  (patience 247/100)
2026-06-06 20:58:18,983 - INFO - Epoch  450  Loss: 0.0990  TrainAUC: 0.9978  ValAUC: 0.9650  TestAUC: 0.9517  TestAUPR: 0.5818  (patience 297/100)
2026-06-06 21:00:01,746 - INFO - Epoch  500  Loss: 0.1073  TrainAUC: 0.9980  ValAUC: 0.9620  TestAUC: 0.9519  TestAUPR: 0.5905  (patience 347/100)
2026-06-06 21:01:35,657 - INFO - Epoch  550  Loss: 0.0860  TrainAUC: 0.9984  ValAUC: 0.9641  TestAUC: 0.9517  TestAUPR: 0.5893  (patience 397/100)
2026-06-06 21:03:05,160 - INFO - Epoch  600  Loss: 0.0763  TrainAUC: 0.9985  ValAUC: 0.9591  TestAUC: 0.9509  TestAUPR: 0.5937  (patience 447/100)
2026-06-06 21:04:35,133 - INFO - Epoch  650  Loss: 0.0717  TrainAUC: 0.9987  ValAUC: 0.9583  TestAUC: 0.9491  TestAUPR: 0.6064  (patience 497/100)
2026-06-06 21:06:18,514 - INFO - Epoch  700  Loss: 0.0729  TrainAUC: 0.9986  ValAUC: 0.9617  TestAUC: 0.9499  TestAUPR: 0.6007  (patience 547/100)
2026-06-06 21:08:08,197 - INFO - Epoch  750  Loss: 0.0646  TrainAUC: 0.9988  ValAUC: 0.9618  TestAUC: 0.9516  TestAUPR: 0.6162  (patience 597/100)
2026-06-06 21:09:47,024 - INFO - Epoch  800  Loss: 0.0699  TrainAUC: 0.9987  ValAUC: 0.9588  TestAUC: 0.9506  TestAUPR: 0.6103  (patience 647/100)
2026-06-06 21:11:34,104 - INFO - Epoch  850  Loss: 0.0585  TrainAUC: 0.9990  ValAUC: 0.9586  TestAUC: 0.9489  TestAUPR: 0.6102  (patience 697/100)
2026-06-06 21:13:20,864 - INFO - Epoch  900  Loss: 0.0652  TrainAUC: 0.9989  ValAUC: 0.9595  TestAUC: 0.9493  TestAUPR: 0.6127  (patience 747/100)
2026-06-06 21:14:44,346 - INFO - Epoch  950  Loss: 0.0597  TrainAUC: 0.9990  ValAUC: 0.9592  TestAUC: 0.9486  TestAUPR: 0.6108  (patience 797/100)
2026-06-06 21:16:00,282 - INFO - Epoch 1000  Loss: 0.0578  TrainAUC: 0.9990  ValAUC: 0.9594  TestAUC: 0.9492  TestAUPR: 0.6196  (patience 847/100)
2026-06-06 21:17:17,857 - INFO - Epoch 1050  Loss: 0.0503  TrainAUC: 0.9991  ValAUC: 0.9586  TestAUC: 0.9483  TestAUPR: 0.6011  (patience 897/100)
2026-06-06 21:18:33,711 - INFO - Epoch 1100  Loss: 0.0605  TrainAUC: 0.9991  ValAUC: 0.9596  TestAUC: 0.9475  TestAUPR: 0.6240  (patience 947/100)
2026-06-06 21:19:50,306 - INFO - Epoch 1150  Loss: 0.0514  TrainAUC: 0.9992  ValAUC: 0.9589  TestAUC: 0.9477  TestAUPR: 0.6200  (patience 997/100)
2026-06-06 21:21:05,950 - INFO - Epoch 1200  Loss: 0.0513  TrainAUC: 0.9992  ValAUC: 0.9585  TestAUC: 0.9486  TestAUPR: 0.6195  (patience 1047/100)
2026-06-06 21:22:27,432 - INFO - Epoch 1250  Loss: 0.0535  TrainAUC: 0.9992  ValAUC: 0.9589  TestAUC: 0.9478  TestAUPR: 0.6268  (patience 1097/100)
2026-06-06 21:23:39,988 - INFO - Epoch 1300  Loss: 0.0502  TrainAUC: 0.9992  ValAUC: 0.9555  TestAUC: 0.9486  TestAUPR: 0.6207  (patience 1147/100)
2026-06-06 21:24:55,252 - INFO - Epoch 1350  Loss: 0.0461  TrainAUC: 0.9994  ValAUC: 0.9536  TestAUC: 0.9443  TestAUPR: 0.6179  (patience 1197/100)
2026-06-06 21:26:15,664 - INFO - Epoch 1400  Loss: 0.0481  TrainAUC: 0.9994  ValAUC: 0.9590  TestAUC: 0.9483  TestAUPR: 0.6350  (patience 1247/100)
2026-06-06 21:27:33,730 - INFO - Epoch 1450  Loss: 0.0490  TrainAUC: 0.9993  ValAUC: 0.9564  TestAUC: 0.9453  TestAUPR: 0.6193  (patience 1297/100)
2026-06-06 21:28:51,028 - INFO - Epoch 1500  Loss: 0.0554  TrainAUC: 0.9991  ValAUC: 0.9566  TestAUC: 0.9456  TestAUPR: 0.6228  (patience 1347/100)
2026-06-06 21:30:03,558 - INFO - Epoch 1550  Loss: 0.0498  TrainAUC: 0.9993  ValAUC: 0.9601  TestAUC: 0.9451  TestAUPR: 0.6211  (patience 1397/100)
2026-06-06 21:31:12,477 - INFO - Epoch 1600  Loss: 0.0469  TrainAUC: 0.9994  ValAUC: 0.9548  TestAUC: 0.9452  TestAUPR: 0.6303  (patience 1447/100)
2026-06-06 21:32:25,250 - INFO - Epoch 1650  Loss: 0.0732  TrainAUC: 0.9992  ValAUC: 0.9549  TestAUC: 0.9462  TestAUPR: 0.6247  (patience 1497/100)
2026-06-06 21:33:31,604 - INFO - Epoch 1700  Loss: 0.0491  TrainAUC: 0.9993  ValAUC: 0.9557  TestAUC: 0.9459  TestAUPR: 0.6119  (patience 1547/100)
2026-06-06 21:35:08,293 - INFO - Epoch 1750  Loss: 0.0496  TrainAUC: 0.9994  ValAUC: 0.9561  TestAUC: 0.9445  TestAUPR: 0.6126  (patience 1597/100)
2026-06-06 21:36:22,102 - INFO - Epoch 1800  Loss: 0.0403  TrainAUC: 0.9995  ValAUC: 0.9571  TestAUC: 0.9444  TestAUPR: 0.6322  (patience 1647/100)
2026-06-06 21:37:32,675 - INFO - Epoch 1850  Loss: 0.0466  TrainAUC: 0.9994  ValAUC: 0.9579  TestAUC: 0.9441  TestAUPR: 0.6275  (patience 1697/100)
2026-06-06 21:38:42,144 - INFO - Epoch 1900  Loss: 0.0489  TrainAUC: 0.9994  ValAUC: 0.9573  TestAUC: 0.9454  TestAUPR: 0.6307  (patience 1747/100)
2026-06-06 21:40:00,565 - INFO - Epoch 1950  Loss: 0.0469  TrainAUC: 0.9994  ValAUC: 0.9565  TestAUC: 0.9440  TestAUPR: 0.6351  (patience 1797/100)
2026-06-06 21:41:14,667 - INFO - Epoch 2000  Loss: 0.0411  TrainAUC: 0.9995  ValAUC: 0.9565  TestAUC: 0.9439  TestAUPR: 0.6360  (patience 1847/100)
2026-06-06 21:42:52,205 - INFO - Epoch 2050  Loss: 0.0411  TrainAUC: 0.9995  ValAUC: 0.9565  TestAUC: 0.9445  TestAUPR: 0.6377  (patience 1897/100)
2026-06-06 21:44:07,045 - INFO - Epoch 2100  Loss: 0.0406  TrainAUC: 0.9995  ValAUC: 0.9567  TestAUC: 0.9438  TestAUPR: 0.6360  (patience 1947/100)
2026-06-06 21:45:29,653 - INFO - Epoch 2150  Loss: 0.0430  TrainAUC: 0.9995  ValAUC: 0.9560  TestAUC: 0.9438  TestAUPR: 0.6282  (patience 1997/100)
2026-06-06 21:46:43,063 - INFO - Epoch 2200  Loss: 0.0416  TrainAUC: 0.9996  ValAUC: 0.9546  TestAUC: 0.9433  TestAUPR: 0.6433  (patience 2047/100)
2026-06-06 21:48:02,200 - INFO - Epoch 2250  Loss: 0.0438  TrainAUC: 0.9995  ValAUC: 0.9530  TestAUC: 0.9425  TestAUPR: 0.6349  (patience 2097/100)
2026-06-06 21:49:17,467 - INFO - Epoch 2300  Loss: 0.0370  TrainAUC: 0.9996  ValAUC: 0.9549  TestAUC: 0.9432  TestAUPR: 0.6356  (patience 2147/100)
2026-06-06 21:50:40,272 - INFO - Epoch 2350  Loss: 0.0405  TrainAUC: 0.9995  ValAUC: 0.9577  TestAUC: 0.9428  TestAUPR: 0.6272  (patience 2197/100)
2026-06-06 21:52:19,527 - INFO - Epoch 2400  Loss: 0.0336  TrainAUC: 0.9996  ValAUC: 0.9537  TestAUC: 0.9443  TestAUPR: 0.6438  (patience 2247/100)
2026-06-06 21:53:58,329 - INFO - Epoch 2450  Loss: 0.0414  TrainAUC: 0.9996  ValAUC: 0.9527  TestAUC: 0.9439  TestAUPR: 0.6447  (patience 2297/100)
2026-06-06 21:55:14,219 - INFO - Epoch 2500  Loss: 0.0472  TrainAUC: 0.9995  ValAUC: 0.9551  TestAUC: 0.9423  TestAUPR: 0.6325  (patience 2347/100)
2026-06-06 21:56:18,429 - INFO - Epoch 2550  Loss: 0.0379  TrainAUC: 0.9995  ValAUC: 0.9582  TestAUC: 0.9436  TestAUPR: 0.6472  (patience 2397/100)
2026-06-06 21:57:23,361 - INFO - Epoch 2600  Loss: 0.0346  TrainAUC: 0.9996  ValAUC: 0.9534  TestAUC: 0.9400  TestAUPR: 0.6425  (patience 2447/100)
2026-06-06 21:58:30,687 - INFO - Epoch 2650  Loss: 0.0308  TrainAUC: 0.9997  ValAUC: 0.9579  TestAUC: 0.9410  TestAUPR: 0.6327  (patience 2497/100)
2026-06-06 21:59:36,847 - INFO - Epoch 2700  Loss: 0.0362  TrainAUC: 0.9996  ValAUC: 0.9573  TestAUC: 0.9426  TestAUPR: 0.6385  (patience 2547/100)
2026-06-06 22:00:42,850 - INFO - Epoch 2750  Loss: 0.0483  TrainAUC: 0.9996  ValAUC: 0.9539  TestAUC: 0.9427  TestAUPR: 0.6321  (patience 2597/100)
2026-06-06 22:01:50,430 - INFO - Epoch 2800  Loss: 0.0319  TrainAUC: 0.9997  ValAUC: 0.9599  TestAUC: 0.9411  TestAUPR: 0.6455  (patience 2647/100)
2026-06-06 22:02:55,827 - INFO - Epoch 2850  Loss: 0.0399  TrainAUC: 0.9996  ValAUC: 0.9557  TestAUC: 0.9431  TestAUPR: 0.6306  (patience 2697/100)
2026-06-06 22:04:02,946 - INFO - Epoch 2900  Loss: 0.0380  TrainAUC: 0.9996  ValAUC: 0.9558  TestAUC: 0.9435  TestAUPR: 0.6386  (patience 2747/100)
2026-06-06 22:05:08,654 - INFO - Epoch 2950  Loss: 0.0376  TrainAUC: 0.9996  ValAUC: 0.9544  TestAUC: 0.9420  TestAUPR: 0.6331  (patience 2797/100)
2026-06-06 22:06:14,725 - INFO - Epoch 3000  Loss: 0.0344  TrainAUC: 0.9996  ValAUC: 0.9559  TestAUC: 0.9426  TestAUPR: 0.6460  (patience 2847/100)
2026-06-06 22:07:25,754 - INFO - Epoch 3050  Loss: 0.0395  TrainAUC: 0.9996  ValAUC: 0.9580  TestAUC: 0.9402  TestAUPR: 0.6444  (patience 2897/100)
2026-06-06 22:08:43,145 - INFO - Epoch 3100  Loss: 0.0316  TrainAUC: 0.9997  ValAUC: 0.9550  TestAUC: 0.9403  TestAUPR: 0.6424  (patience 2947/100)
2026-06-06 22:09:56,781 - INFO - Epoch 3150  Loss: 0.0342  TrainAUC: 0.9997  ValAUC: 0.9551  TestAUC: 0.9412  TestAUPR: 0.6350  (patience 2997/100)
2026-06-06 22:11:26,373 - INFO - Epoch 3200  Loss: 0.0385  TrainAUC: 0.9996  ValAUC: 0.9573  TestAUC: 0.9418  TestAUPR: 0.6378  (patience 3047/100)
2026-06-06 22:12:37,702 - INFO - Epoch 3250  Loss: 0.0362  TrainAUC: 0.9996  ValAUC: 0.9548  TestAUC: 0.9421  TestAUPR: 0.6435  (patience 3097/100)
2026-06-06 22:13:55,204 - INFO - Epoch 3300  Loss: 0.0460  TrainAUC: 0.9996  ValAUC: 0.9563  TestAUC: 0.9394  TestAUPR: 0.6378  (patience 3147/100)
2026-06-06 22:15:07,910 - INFO - Epoch 3350  Loss: 0.0401  TrainAUC: 0.9996  ValAUC: 0.9530  TestAUC: 0.9403  TestAUPR: 0.6403  (patience 3197/100)
2026-06-06 22:16:23,550 - INFO - Epoch 3400  Loss: 0.0333  TrainAUC: 0.9996  ValAUC: 0.9551  TestAUC: 0.9407  TestAUPR: 0.6364  (patience 3247/100)
2026-06-06 22:17:36,958 - INFO - Epoch 3450  Loss: 0.0310  TrainAUC: 0.9997  ValAUC: 0.9558  TestAUC: 0.9423  TestAUPR: 0.6479  (patience 3297/100)
2026-06-06 22:18:57,144 - INFO - Epoch 3500  Loss: 0.0360  TrainAUC: 0.9997  ValAUC: 0.9522  TestAUC: 0.9418  TestAUPR: 0.6471  (patience 3347/100)
2026-06-06 22:20:08,900 - INFO - Epoch 3550  Loss: 0.0324  TrainAUC: 0.9997  ValAUC: 0.9544  TestAUC: 0.9417  TestAUPR: 0.6318  (patience 3397/100)
2026-06-06 22:21:19,802 - INFO - Epoch 3600  Loss: 0.0385  TrainAUC: 0.9996  ValAUC: 0.9544  TestAUC: 0.9412  TestAUPR: 0.6374  (patience 3447/100)
2026-06-06 22:22:27,998 - INFO - Epoch 3650  Loss: 0.0336  TrainAUC: 0.9996  ValAUC: 0.9558  TestAUC: 0.9419  TestAUPR: 0.6474  (patience 3497/100)
2026-06-06 22:23:53,817 - INFO - Epoch 3700  Loss: 0.0263  TrainAUC: 0.9997  ValAUC: 0.9554  TestAUC: 0.9427  TestAUPR: 0.6431  (patience 3547/100)
2026-06-06 22:25:18,554 - INFO - Epoch 3750  Loss: 0.0327  TrainAUC: 0.9997  ValAUC: 0.9550  TestAUC: 0.9432  TestAUPR: 0.6469  (patience 3597/100)
2026-06-06 22:26:43,971 - INFO - Epoch 3800  Loss: 0.0363  TrainAUC: 0.9997  ValAUC: 0.9563  TestAUC: 0.9417  TestAUPR: 0.6560  (patience 3647/100)
2026-06-06 22:28:00,652 - INFO - Epoch 3850  Loss: 0.0303  TrainAUC: 0.9997  ValAUC: 0.9567  TestAUC: 0.9401  TestAUPR: 0.6429  (patience 3697/100)
2026-06-06 22:29:26,299 - INFO - Epoch 3900  Loss: 0.0404  TrainAUC: 0.9997  ValAUC: 0.9547  TestAUC: 0.9401  TestAUPR: 0.6407  (patience 3747/100)
2026-06-06 22:30:49,338 - INFO - Epoch 3950  Loss: 0.0279  TrainAUC: 0.9998  ValAUC: 0.9554  TestAUC: 0.9416  TestAUPR: 0.6473  (patience 3797/100)
2026-06-06 22:32:14,199 - INFO - Epoch 4000  Loss: 0.0293  TrainAUC: 0.9997  ValAUC: 0.9538  TestAUC: 0.9396  TestAUPR: 0.6432  (patience 3847/100)
2026-06-06 22:33:41,677 - INFO - Epoch 4050  Loss: 0.0356  TrainAUC: 0.9997  ValAUC: 0.9561  TestAUC: 0.9401  TestAUPR: 0.6503  (patience 3897/100)
2026-06-06 22:35:00,101 - INFO - Epoch 4100  Loss: 0.0262  TrainAUC: 0.9997  ValAUC: 0.9552  TestAUC: 0.9410  TestAUPR: 0.6470  (patience 3947/100)
2026-06-06 22:36:18,407 - INFO - Epoch 4150  Loss: 0.0314  TrainAUC: 0.9997  ValAUC: 0.9561  TestAUC: 0.9420  TestAUPR: 0.6428  (patience 3997/100)
2026-06-06 22:37:39,821 - INFO - Epoch 4200  Loss: 0.0269  TrainAUC: 0.9998  ValAUC: 0.9551  TestAUC: 0.9394  TestAUPR: 0.6602  (patience 4047/100)
2026-06-06 22:39:01,440 - INFO - Epoch 4250  Loss: 0.0279  TrainAUC: 0.9997  ValAUC: 0.9564  TestAUC: 0.9409  TestAUPR: 0.6387  (patience 4097/100)
2026-06-06 22:40:25,856 - INFO - Epoch 4300  Loss: 0.0372  TrainAUC: 0.9996  ValAUC: 0.9496  TestAUC: 0.9404  TestAUPR: 0.6521  (patience 4147/100)
2026-06-06 22:41:45,564 - INFO - Epoch 4350  Loss: 0.0261  TrainAUC: 0.9997  ValAUC: 0.9560  TestAUC: 0.9413  TestAUPR: 0.6510  (patience 4197/100)
2026-06-06 22:43:03,542 - INFO - Epoch 4400  Loss: 0.0274  TrainAUC: 0.9998  ValAUC: 0.9533  TestAUC: 0.9393  TestAUPR: 0.6276  (patience 4247/100)
2026-06-06 22:44:24,636 - INFO - Epoch 4450  Loss: 0.0311  TrainAUC: 0.9997  ValAUC: 0.9569  TestAUC: 0.9391  TestAUPR: 0.6489  (patience 4297/100)
2026-06-06 22:46:01,809 - INFO - Epoch 4500  Loss: 0.0247  TrainAUC: 0.9998  ValAUC: 0.9538  TestAUC: 0.9401  TestAUPR: 0.6458  (patience 4347/100)
2026-06-06 22:47:20,876 - INFO - Epoch 4550  Loss: 0.0282  TrainAUC: 0.9998  ValAUC: 0.9533  TestAUC: 0.9391  TestAUPR: 0.6342  (patience 4397/100)
2026-06-06 22:48:36,093 - INFO - Epoch 4600  Loss: 0.0306  TrainAUC: 0.9997  ValAUC: 0.9542  TestAUC: 0.9400  TestAUPR: 0.6494  (patience 4447/100)
2026-06-06 22:49:47,094 - INFO - Epoch 4650  Loss: 0.0277  TrainAUC: 0.9997  ValAUC: 0.9537  TestAUC: 0.9412  TestAUPR: 0.6291  (patience 4497/100)
2026-06-06 22:50:56,089 - INFO - Epoch 4700  Loss: 0.0299  TrainAUC: 0.9997  ValAUC: 0.9507  TestAUC: 0.9375  TestAUPR: 0.6379  (patience 4547/100)
2026-06-06 22:52:08,389 - INFO - Epoch 4750  Loss: 0.0269  TrainAUC: 0.9997  ValAUC: 0.9514  TestAUC: 0.9392  TestAUPR: 0.6514  (patience 4597/100)
2026-06-06 22:53:17,976 - INFO - Epoch 4800  Loss: 0.0372  TrainAUC: 0.9997  ValAUC: 0.9533  TestAUC: 0.9380  TestAUPR: 0.6468  (patience 4647/100)
2026-06-06 22:54:29,805 - INFO - Epoch 4850  Loss: 0.0321  TrainAUC: 0.9997  ValAUC: 0.9530  TestAUC: 0.9398  TestAUPR: 0.6398  (patience 4697/100)
2026-06-06 22:55:45,980 - INFO - Epoch 4900  Loss: 0.0312  TrainAUC: 0.9997  ValAUC: 0.9564  TestAUC: 0.9393  TestAUPR: 0.6531  (patience 4747/100)
2026-06-06 22:57:03,117 - INFO - Epoch 4950  Loss: 0.0272  TrainAUC: 0.9998  ValAUC: 0.9549  TestAUC: 0.9391  TestAUPR: 0.6495  (patience 4797/100)
2026-06-06 22:58:17,293 - INFO - Epoch 5000  Loss: 0.0237  TrainAUC: 0.9998  ValAUC: 0.9533  TestAUC: 0.9388  TestAUPR: 0.6559  (patience 4847/100)
2026-06-06 22:58:20,891 - INFO - Fold 1 FINAL  AUC: 0.9500  AUPR: 0.4455
2026-06-06 22:58:20,922 - INFO - 
------------------------------------------------------------
2026-06-06 22:58:20,923 - INFO - 5-Fold CV  |  Fold 2
2026-06-06 22:58:20,923 - INFO - ------------------------------------------------------------
2026-06-06 22:58:21,870 - INFO - Graph: Graph(num_nodes={'disease': 409, 'drug': 663},
      num_edges={('disease', 'di_di', 'disease'): 6507, ('disease', 'di_dr', 'drug'): 2532, ('drug', 'dr_di', 'disease'): 2532, ('drug', 'dr_dr', 'drug'): 10582},
      metagraph=[('disease', 'disease', 'di_di'), ('disease', 'drug', 'di_dr'), ('drug', 'disease', 'dr_di'), ('drug', 'drug', 'dr_dr')])
2026-06-06 22:58:22,125 - INFO - Train pairs: 195239  |  Val pairs: 21694  |  Test pairs: 54234
2026-06-06 22:58:22,185 - INFO - Model parameters: 1,075,971
2026-06-06 22:58:22,196 - INFO - BCE pos_weight: 106.127
2026-06-06 22:59:34,666 - INFO - Epoch   50  Loss: 1.0654  TrainAUC: 0.8067  ValAUC: 0.8256  TestAUC: 0.8475  TestAUPR: 0.1313  (patience 1/100)
2026-06-06 23:00:46,557 - INFO - Epoch  100  Loss: 0.4226  TrainAUC: 0.9743  ValAUC: 0.9174  TestAUC: 0.9091  TestAUPR: 0.2847  (patience 3/100)
2026-06-06 23:01:56,161 - INFO - Epoch  150  Loss: 0.3020  TrainAUC: 0.9848  ValAUC: 0.9419  TestAUC: 0.9335  TestAUPR: 0.3793  (patience 6/100)
2026-06-06 23:03:07,562 - INFO - Epoch  200  Loss: 0.1946  TrainAUC: 0.9929  ValAUC: 0.9551  TestAUC: 0.9439  TestAUPR: 0.4589  (patience 56/100)
2026-06-06 23:04:21,473 - INFO - Epoch  250  Loss: 0.1480  TrainAUC: 0.9952  ValAUC: 0.9503  TestAUC: 0.9439  TestAUPR: 0.4897  (patience 106/100)
2026-06-06 23:05:33,097 - INFO - Epoch  300  Loss: 0.1280  TrainAUC: 0.9963  ValAUC: 0.9568  TestAUC: 0.9454  TestAUPR: 0.4971  (patience 156/100)
2026-06-06 23:06:50,198 - INFO - Epoch  350  Loss: 0.1142  TrainAUC: 0.9970  ValAUC: 0.9541  TestAUC: 0.9428  TestAUPR: 0.5362  (patience 206/100)
2026-06-06 23:08:11,357 - INFO - Epoch  400  Loss: 0.1066  TrainAUC: 0.9975  ValAUC: 0.9554  TestAUC: 0.9442  TestAUPR: 0.5513  (patience 256/100)
2026-06-06 23:09:23,182 - INFO - Epoch  450  Loss: 0.0985  TrainAUC: 0.9979  ValAUC: 0.9535  TestAUC: 0.9430  TestAUPR: 0.5462  (patience 306/100)
2026-06-06 23:10:33,535 - INFO - Epoch  500  Loss: 0.1099  TrainAUC: 0.9976  ValAUC: 0.9551  TestAUC: 0.9452  TestAUPR: 0.5657  (patience 356/100)
2026-06-06 23:11:44,545 - INFO - Epoch  550  Loss: 0.0999  TrainAUC: 0.9978  ValAUC: 0.9541  TestAUC: 0.9435  TestAUPR: 0.5709  (patience 406/100)
2026-06-06 23:12:58,616 - INFO - Epoch  600  Loss: 0.0890  TrainAUC: 0.9982  ValAUC: 0.9555  TestAUC: 0.9419  TestAUPR: 0.5802  (patience 456/100)
2026-06-06 23:14:06,263 - INFO - Epoch  650  Loss: 0.0721  TrainAUC: 0.9987  ValAUC: 0.9522  TestAUC: 0.9414  TestAUPR: 0.5761  (patience 506/100)
2026-06-06 23:15:14,417 - INFO - Epoch  700  Loss: 0.0913  TrainAUC: 0.9983  ValAUC: 0.9530  TestAUC: 0.9427  TestAUPR: 0.5765  (patience 556/100)
2026-06-06 23:16:26,004 - INFO - Epoch  750  Loss: 0.0801  TrainAUC: 0.9986  ValAUC: 0.9527  TestAUC: 0.9419  TestAUPR: 0.5849  (patience 606/100)
2026-06-06 23:17:37,317 - INFO - Epoch  800  Loss: 0.0715  TrainAUC: 0.9987  ValAUC: 0.9536  TestAUC: 0.9413  TestAUPR: 0.5825  (patience 656/100)
2026-06-06 23:18:48,950 - INFO - Epoch  850  Loss: 0.0736  TrainAUC: 0.9988  ValAUC: 0.9531  TestAUC: 0.9412  TestAUPR: 0.5995  (patience 706/100)
2026-06-06 23:20:00,101 - INFO - Epoch  900  Loss: 0.0669  TrainAUC: 0.9989  ValAUC: 0.9517  TestAUC: 0.9412  TestAUPR: 0.5951  (patience 756/100)
2026-06-06 23:21:13,511 - INFO - Epoch  950  Loss: 0.0667  TrainAUC: 0.9989  ValAUC: 0.9531  TestAUC: 0.9406  TestAUPR: 0.5999  (patience 806/100)
2026-06-06 23:22:25,312 - INFO - Epoch 1000  Loss: 0.0635  TrainAUC: 0.9990  ValAUC: 0.9532  TestAUC: 0.9408  TestAUPR: 0.5999  (patience 856/100)
2026-06-06 23:23:35,393 - INFO - Epoch 1050  Loss: 0.0650  TrainAUC: 0.9991  ValAUC: 0.9524  TestAUC: 0.9416  TestAUPR: 0.5970  (patience 906/100)
2026-06-06 23:24:42,525 - INFO - Epoch 1100  Loss: 0.0602  TrainAUC: 0.9991  ValAUC: 0.9537  TestAUC: 0.9415  TestAUPR: 0.5983  (patience 956/100)
2026-06-06 23:25:47,959 - INFO - Epoch 1150  Loss: 0.0609  TrainAUC: 0.9990  ValAUC: 0.9527  TestAUC: 0.9402  TestAUPR: 0.6047  (patience 1006/100)
2026-06-06 23:26:56,644 - INFO - Epoch 1200  Loss: 0.0575  TrainAUC: 0.9991  ValAUC: 0.9520  TestAUC: 0.9409  TestAUPR: 0.6092  (patience 1056/100)
2026-06-06 23:28:05,250 - INFO - Epoch 1250  Loss: 0.0639  TrainAUC: 0.9990  ValAUC: 0.9563  TestAUC: 0.9418  TestAUPR: 0.6119  (patience 1106/100)
2026-06-06 23:29:17,392 - INFO - Epoch 1300  Loss: 0.0670  TrainAUC: 0.9991  ValAUC: 0.9513  TestAUC: 0.9394  TestAUPR: 0.6080  (patience 1156/100)
2026-06-06 23:30:31,600 - INFO - Epoch 1350  Loss: 0.0513  TrainAUC: 0.9992  ValAUC: 0.9496  TestAUC: 0.9406  TestAUPR: 0.6083  (patience 1206/100)
2026-06-06 23:31:43,102 - INFO - Epoch 1400  Loss: 0.0593  TrainAUC: 0.9992  ValAUC: 0.9521  TestAUC: 0.9405  TestAUPR: 0.6111  (patience 1256/100)
2026-06-06 23:32:54,067 - INFO - Epoch 1450  Loss: 0.0556  TrainAUC: 0.9992  ValAUC: 0.9514  TestAUC: 0.9395  TestAUPR: 0.6119  (patience 1306/100)
2026-06-06 23:34:09,404 - INFO - Epoch 1500  Loss: 0.0542  TrainAUC: 0.9993  ValAUC: 0.9541  TestAUC: 0.9409  TestAUPR: 0.6080  (patience 1356/100)
2026-06-06 23:35:21,499 - INFO - Epoch 1550  Loss: 0.0502  TrainAUC: 0.9993  ValAUC: 0.9556  TestAUC: 0.9392  TestAUPR: 0.6060  (patience 1406/100)
2026-06-06 23:36:32,850 - INFO - Epoch 1600  Loss: 0.0442  TrainAUC: 0.9994  ValAUC: 0.9524  TestAUC: 0.9378  TestAUPR: 0.6098  (patience 1456/100)
2026-06-06 23:37:45,553 - INFO - Epoch 1650  Loss: 0.0491  TrainAUC: 0.9994  ValAUC: 0.9519  TestAUC: 0.9383  TestAUPR: 0.6162  (patience 1506/100)
2026-06-06 23:39:00,368 - INFO - Epoch 1700  Loss: 0.0534  TrainAUC: 0.9994  ValAUC: 0.9519  TestAUC: 0.9390  TestAUPR: 0.6198  (patience 1556/100)
2026-06-06 23:40:12,097 - INFO - Epoch 1750  Loss: 0.0450  TrainAUC: 0.9994  ValAUC: 0.9508  TestAUC: 0.9403  TestAUPR: 0.6166  (patience 1606/100)
2026-06-06 23:41:23,594 - INFO - Epoch 1800  Loss: 0.0488  TrainAUC: 0.9994  ValAUC: 0.9540  TestAUC: 0.9402  TestAUPR: 0.6149  (patience 1656/100)
2026-06-06 23:42:32,993 - INFO - Epoch 1850  Loss: 0.0458  TrainAUC: 0.9994  ValAUC: 0.9506  TestAUC: 0.9404  TestAUPR: 0.6116  (patience 1706/100)
2026-06-06 23:43:42,654 - INFO - Epoch 1900  Loss: 0.0433  TrainAUC: 0.9994  ValAUC: 0.9498  TestAUC: 0.9372  TestAUPR: 0.6227  (patience 1756/100)
2026-06-06 23:44:51,879 - INFO - Epoch 1950  Loss: 0.0482  TrainAUC: 0.9994  ValAUC: 0.9490  TestAUC: 0.9388  TestAUPR: 0.6120  (patience 1806/100)
2026-06-06 23:46:03,929 - INFO - Epoch 2000  Loss: 0.0452  TrainAUC: 0.9995  ValAUC: 0.9503  TestAUC: 0.9381  TestAUPR: 0.6249  (patience 1856/100)
2026-06-06 23:47:10,140 - INFO - Epoch 2050  Loss: 0.0430  TrainAUC: 0.9995  ValAUC: 0.9514  TestAUC: 0.9378  TestAUPR: 0.6165  (patience 1906/100)
2026-06-06 23:48:17,668 - INFO - Epoch 2100  Loss: 0.0422  TrainAUC: 0.9995  ValAUC: 0.9494  TestAUC: 0.9384  TestAUPR: 0.6118  (patience 1956/100)
2026-06-06 23:49:22,592 - INFO - Epoch 2150  Loss: 0.0497  TrainAUC: 0.9994  ValAUC: 0.9517  TestAUC: 0.9397  TestAUPR: 0.6133  (patience 2006/100)
2026-06-06 23:50:29,728 - INFO - Epoch 2200  Loss: 0.0392  TrainAUC: 0.9996  ValAUC: 0.9511  TestAUC: 0.9382  TestAUPR: 0.6155  (patience 2056/100)
2026-06-06 23:51:47,893 - INFO - Epoch 2250  Loss: 0.0506  TrainAUC: 0.9995  ValAUC: 0.9518  TestAUC: 0.9405  TestAUPR: 0.6224  (patience 2106/100)
2026-06-06 23:53:15,672 - INFO - Epoch 2300  Loss: 0.0405  TrainAUC: 0.9996  ValAUC: 0.9466  TestAUC: 0.9381  TestAUPR: 0.6196  (patience 2156/100)
2026-06-06 23:54:21,282 - INFO - Epoch 2350  Loss: 0.0397  TrainAUC: 0.9995  ValAUC: 0.9477  TestAUC: 0.9388  TestAUPR: 0.6153  (patience 2206/100)
2026-06-06 23:55:25,216 - INFO - Epoch 2400  Loss: 0.0430  TrainAUC: 0.9995  ValAUC: 0.9469  TestAUC: 0.9376  TestAUPR: 0.6203  (patience 2256/100)
2026-06-06 23:56:28,223 - INFO - Epoch 2450  Loss: 0.0360  TrainAUC: 0.9996  ValAUC: 0.9469  TestAUC: 0.9373  TestAUPR: 0.6111  (patience 2306/100)
2026-06-06 23:57:30,809 - INFO - Epoch 2500  Loss: 0.0413  TrainAUC: 0.9995  ValAUC: 0.9487  TestAUC: 0.9378  TestAUPR: 0.6248  (patience 2356/100)
2026-06-06 23:58:33,423 - INFO - Epoch 2550  Loss: 0.0367  TrainAUC: 0.9996  ValAUC: 0.9456  TestAUC: 0.9387  TestAUPR: 0.6228  (patience 2406/100)
2026-06-06 23:59:34,311 - INFO - Epoch 2600  Loss: 0.0424  TrainAUC: 0.9995  ValAUC: 0.9523  TestAUC: 0.9411  TestAUPR: 0.6190  (patience 2456/100)
2026-06-07 00:00:37,640 - INFO - Epoch 2650  Loss: 0.0430  TrainAUC: 0.9995  ValAUC: 0.9486  TestAUC: 0.9377  TestAUPR: 0.6214  (patience 2506/100)
2026-06-07 00:01:41,495 - INFO - Epoch 2700  Loss: 0.0372  TrainAUC: 0.9996  ValAUC: 0.9512  TestAUC: 0.9378  TestAUPR: 0.6257  (patience 2556/100)
2026-06-07 00:02:45,817 - INFO - Epoch 2750  Loss: 0.0447  TrainAUC: 0.9995  ValAUC: 0.9501  TestAUC: 0.9380  TestAUPR: 0.6222  (patience 2606/100)
2026-06-07 00:03:50,321 - INFO - Epoch 2800  Loss: 0.0446  TrainAUC: 0.9996  ValAUC: 0.9502  TestAUC: 0.9376  TestAUPR: 0.6203  (patience 2656/100)
2026-06-07 00:04:55,400 - INFO - Epoch 2850  Loss: 0.0374  TrainAUC: 0.9996  ValAUC: 0.9488  TestAUC: 0.9388  TestAUPR: 0.6248  (patience 2706/100)
2026-06-07 00:05:59,915 - INFO - Epoch 2900  Loss: 0.0367  TrainAUC: 0.9996  ValAUC: 0.9461  TestAUC: 0.9369  TestAUPR: 0.6251  (patience 2756/100)
2026-06-07 00:07:01,767 - INFO - Epoch 2950  Loss: 0.0393  TrainAUC: 0.9997  ValAUC: 0.9511  TestAUC: 0.9373  TestAUPR: 0.6239  (patience 2806/100)
2026-06-07 00:08:06,963 - INFO - Epoch 3000  Loss: 0.0311  TrainAUC: 0.9997  ValAUC: 0.9446  TestAUC: 0.9365  TestAUPR: 0.6262  (patience 2856/100)
2026-06-07 00:09:13,356 - INFO - Epoch 3050  Loss: 0.0332  TrainAUC: 0.9997  ValAUC: 0.9479  TestAUC: 0.9375  TestAUPR: 0.6300  (patience 2906/100)
2026-06-07 00:10:25,828 - INFO - Epoch 3100  Loss: 0.0408  TrainAUC: 0.9995  ValAUC: 0.9494  TestAUC: 0.9372  TestAUPR: 0.6254  (patience 2956/100)
2026-06-07 00:11:30,373 - INFO - Epoch 3150  Loss: 0.0362  TrainAUC: 0.9996  ValAUC: 0.9504  TestAUC: 0.9381  TestAUPR: 0.6298  (patience 3006/100)
2026-06-07 00:12:28,482 - INFO - Epoch 3200  Loss: 0.0388  TrainAUC: 0.9996  ValAUC: 0.9494  TestAUC: 0.9386  TestAUPR: 0.6268  (patience 3056/100)
2026-06-07 00:13:27,528 - INFO - Epoch 3250  Loss: 0.0338  TrainAUC: 0.9997  ValAUC: 0.9492  TestAUC: 0.9369  TestAUPR: 0.6168  (patience 3106/100)
2026-06-07 00:14:26,880 - INFO - Epoch 3300  Loss: 0.0304  TrainAUC: 0.9997  ValAUC: 0.9461  TestAUC: 0.9376  TestAUPR: 0.6279  (patience 3156/100)
2026-06-07 00:15:25,436 - INFO - Epoch 3350  Loss: 0.0419  TrainAUC: 0.9996  ValAUC: 0.9485  TestAUC: 0.9364  TestAUPR: 0.6265  (patience 3206/100)
2026-06-07 00:16:23,953 - INFO - Epoch 3400  Loss: 0.0398  TrainAUC: 0.9997  ValAUC: 0.9495  TestAUC: 0.9391  TestAUPR: 0.6326  (patience 3256/100)
2026-06-07 00:17:21,148 - INFO - Epoch 3450  Loss: 0.0464  TrainAUC: 0.9995  ValAUC: 0.9478  TestAUC: 0.9382  TestAUPR: 0.6255  (patience 3306/100)
2026-06-07 00:18:17,838 - INFO - Epoch 3500  Loss: 0.0322  TrainAUC: 0.9997  ValAUC: 0.9459  TestAUC: 0.9369  TestAUPR: 0.6303  (patience 3356/100)
2026-06-07 00:19:15,849 - INFO - Epoch 3550  Loss: 0.0502  TrainAUC: 0.9996  ValAUC: 0.9445  TestAUC: 0.9369  TestAUPR: 0.6361  (patience 3406/100)
2026-06-07 00:20:14,006 - INFO - Epoch 3600  Loss: 0.0344  TrainAUC: 0.9997  ValAUC: 0.9471  TestAUC: 0.9373  TestAUPR: 0.6279  (patience 3456/100)
2026-06-07 00:21:11,770 - INFO - Epoch 3650  Loss: 0.0323  TrainAUC: 0.9997  ValAUC: 0.9479  TestAUC: 0.9374  TestAUPR: 0.6184  (patience 3506/100)
2026-06-07 00:22:09,452 - INFO - Epoch 3700  Loss: 0.0330  TrainAUC: 0.9997  ValAUC: 0.9411  TestAUC: 0.9362  TestAUPR: 0.6200  (patience 3556/100)
2026-06-07 00:23:06,792 - INFO - Epoch 3750  Loss: 0.0304  TrainAUC: 0.9997  ValAUC: 0.9480  TestAUC: 0.9351  TestAUPR: 0.6198  (patience 3606/100)
2026-06-07 00:24:04,235 - INFO - Epoch 3800  Loss: 0.0297  TrainAUC: 0.9997  ValAUC: 0.9449  TestAUC: 0.9383  TestAUPR: 0.6183  (patience 3656/100)
2026-06-07 00:25:02,091 - INFO - Epoch 3850  Loss: 0.0266  TrainAUC: 0.9998  ValAUC: 0.9461  TestAUC: 0.9371  TestAUPR: 0.6271  (patience 3706/100)
2026-06-07 00:26:00,269 - INFO - Epoch 3900  Loss: 0.0314  TrainAUC: 0.9997  ValAUC: 0.9470  TestAUC: 0.9375  TestAUPR: 0.6230  (patience 3756/100)
2026-06-07 00:26:58,006 - INFO - Epoch 3950  Loss: 0.0301  TrainAUC: 0.9998  ValAUC: 0.9474  TestAUC: 0.9355  TestAUPR: 0.6330  (patience 3806/100)
2026-06-07 00:27:55,479 - INFO - Epoch 4000  Loss: 0.0288  TrainAUC: 0.9997  ValAUC: 0.9458  TestAUC: 0.9368  TestAUPR: 0.6312  (patience 3856/100)
2026-06-07 00:28:53,172 - INFO - Epoch 4050  Loss: 0.0327  TrainAUC: 0.9997  ValAUC: 0.9498  TestAUC: 0.9357  TestAUPR: 0.6399  (patience 3906/100)
2026-06-07 00:29:50,105 - INFO - Epoch 4100  Loss: 0.0278  TrainAUC: 0.9998  ValAUC: 0.9488  TestAUC: 0.9357  TestAUPR: 0.6334  (patience 3956/100)
2026-06-07 00:30:47,609 - INFO - Epoch 4150  Loss: 0.0324  TrainAUC: 0.9997  ValAUC: 0.9477  TestAUC: 0.9351  TestAUPR: 0.6383  (patience 4006/100)
2026-06-07 00:31:46,408 - INFO - Epoch 4200  Loss: 0.0259  TrainAUC: 0.9998  ValAUC: 0.9411  TestAUC: 0.9345  TestAUPR: 0.6290  (patience 4056/100)
2026-06-07 00:32:44,339 - INFO - Epoch 4250  Loss: 0.0320  TrainAUC: 0.9997  ValAUC: 0.9461  TestAUC: 0.9356  TestAUPR: 0.6217  (patience 4106/100)
2026-06-07 00:33:41,828 - INFO - Epoch 4300  Loss: 0.0286  TrainAUC: 0.9998  ValAUC: 0.9465  TestAUC: 0.9356  TestAUPR: 0.6278  (patience 4156/100)
2026-06-07 00:34:39,703 - INFO - Epoch 4350  Loss: 0.0225  TrainAUC: 0.9998  ValAUC: 0.9424  TestAUC: 0.9350  TestAUPR: 0.6340  (patience 4206/100)
2026-06-07 00:35:36,720 - INFO - Epoch 4400  Loss: 0.0275  TrainAUC: 0.9998  ValAUC: 0.9432  TestAUC: 0.9363  TestAUPR: 0.6246  (patience 4256/100)
2026-06-07 00:36:34,740 - INFO - Epoch 4450  Loss: 0.0248  TrainAUC: 0.9998  ValAUC: 0.9468  TestAUC: 0.9361  TestAUPR: 0.6320  (patience 4306/100)
2026-06-07 00:37:32,631 - INFO - Epoch 4500  Loss: 0.0338  TrainAUC: 0.9998  ValAUC: 0.9426  TestAUC: 0.9358  TestAUPR: 0.6304  (patience 4356/100)
2026-06-07 00:38:30,581 - INFO - Epoch 4550  Loss: 0.0326  TrainAUC: 0.9997  ValAUC: 0.9501  TestAUC: 0.9356  TestAUPR: 0.6406  (patience 4406/100)
2026-06-07 00:39:28,192 - INFO - Epoch 4600  Loss: 0.0267  TrainAUC: 0.9998  ValAUC: 0.9472  TestAUC: 0.9352  TestAUPR: 0.6256  (patience 4456/100)
2026-06-07 00:40:26,647 - INFO - Epoch 4650  Loss: 0.0341  TrainAUC: 0.9997  ValAUC: 0.9403  TestAUC: 0.9347  TestAUPR: 0.6315  (patience 4506/100)
2026-06-07 00:41:25,031 - INFO - Epoch 4700  Loss: 0.0274  TrainAUC: 0.9998  ValAUC: 0.9476  TestAUC: 0.9360  TestAUPR: 0.6378  (patience 4556/100)
2026-06-07 00:42:22,694 - INFO - Epoch 4750  Loss: 0.0312  TrainAUC: 0.9998  ValAUC: 0.9451  TestAUC: 0.9359  TestAUPR: 0.6323  (patience 4606/100)
2026-06-07 00:43:20,043 - INFO - Epoch 4800  Loss: 0.0378  TrainAUC: 0.9997  ValAUC: 0.9523  TestAUC: 0.9369  TestAUPR: 0.6312  (patience 4656/100)
2026-06-07 00:44:17,299 - INFO - Epoch 4850  Loss: 0.0307  TrainAUC: 0.9997  ValAUC: 0.9460  TestAUC: 0.9353  TestAUPR: 0.6361  (patience 4706/100)
2026-06-07 00:45:15,426 - INFO - Epoch 4900  Loss: 0.0280  TrainAUC: 0.9998  ValAUC: 0.9445  TestAUC: 0.9357  TestAUPR: 0.6357  (patience 4756/100)
2026-06-07 00:46:13,412 - INFO - Epoch 4950  Loss: 0.0235  TrainAUC: 0.9998  ValAUC: 0.9394  TestAUC: 0.9341  TestAUPR: 0.6295  (patience 4806/100)
2026-06-07 00:47:11,048 - INFO - Epoch 5000  Loss: 0.0342  TrainAUC: 0.9997  ValAUC: 0.9439  TestAUC: 0.9366  TestAUPR: 0.6312  (patience 4856/100)
2026-06-07 00:47:13,237 - INFO - Fold 2 FINAL  AUC: 0.9308  AUPR: 0.3620
2026-06-07 00:47:13,281 - INFO - 
------------------------------------------------------------
2026-06-07 00:47:13,283 - INFO - 5-Fold CV  |  Fold 3
2026-06-07 00:47:13,283 - INFO - ------------------------------------------------------------
2026-06-07 00:47:14,277 - INFO - Graph: Graph(num_nodes={'disease': 409, 'drug': 663},
      num_edges={('disease', 'di_di', 'disease'): 6507, ('disease', 'di_dr', 'drug'): 2532, ('drug', 'dr_di', 'disease'): 2532, ('drug', 'dr_dr', 'drug'): 10582},
      metagraph=[('disease', 'disease', 'di_di'), ('disease', 'drug', 'di_dr'), ('drug', 'disease', 'dr_di'), ('drug', 'drug', 'dr_dr')])
2026-06-07 00:47:14,492 - INFO - Train pairs: 195240  |  Val pairs: 21694  |  Test pairs: 54233
2026-06-07 00:47:14,549 - INFO - Model parameters: 1,075,971
2026-06-07 00:47:14,556 - INFO - BCE pos_weight: 106.075
2026-06-07 00:48:14,972 - INFO - Epoch   50  Loss: 0.8087  TrainAUC: 0.9064  ValAUC: 0.8734  TestAUC: 0.8565  TestAUPR: 0.1481  (patience 1/100)
2026-06-07 00:49:13,526 - INFO - Epoch  100  Loss: 0.3897  TrainAUC: 0.9767  ValAUC: 0.9207  TestAUC: 0.9204  TestAUPR: 0.3066  (patience 7/100)
2026-06-07 00:50:11,745 - INFO - Epoch  150  Loss: 0.2982  TrainAUC: 0.9888  ValAUC: 0.9401  TestAUC: 0.9323  TestAUPR: 0.3768  (patience 5/100)
2026-06-07 00:51:10,543 - INFO - Epoch  200  Loss: 0.1779  TrainAUC: 0.9935  ValAUC: 0.9457  TestAUC: 0.9398  TestAUPR: 0.4417  (patience 43/100)
2026-06-07 00:52:07,628 - INFO - Epoch  250  Loss: 0.1448  TrainAUC: 0.9955  ValAUC: 0.9441  TestAUC: 0.9391  TestAUPR: 0.4612  (patience 25/100)
2026-06-07 00:53:05,521 - INFO - Epoch  300  Loss: 0.1556  TrainAUC: 0.9958  ValAUC: 0.9444  TestAUC: 0.9408  TestAUPR: 0.4935  (patience 30/100)
2026-06-07 00:54:02,078 - INFO - Epoch  350  Loss: 0.1317  TrainAUC: 0.9967  ValAUC: 0.9500  TestAUC: 0.9446  TestAUPR: 0.4985  (patience 80/100)
2026-06-07 00:54:59,271 - INFO - Epoch  400  Loss: 0.1007  TrainAUC: 0.9975  ValAUC: 0.9498  TestAUC: 0.9437  TestAUPR: 0.5262  (patience 130/100)
2026-06-07 00:55:56,209 - INFO - Epoch  450  Loss: 0.0861  TrainAUC: 0.9981  ValAUC: 0.9483  TestAUC: 0.9433  TestAUPR: 0.5304  (patience 180/100)
2026-06-07 00:56:53,966 - INFO - Epoch  500  Loss: 0.0869  TrainAUC: 0.9981  ValAUC: 0.9486  TestAUC: 0.9459  TestAUPR: 0.5521  (patience 230/100)
2026-06-07 00:57:50,264 - INFO - Epoch  550  Loss: 0.0732  TrainAUC: 0.9986  ValAUC: 0.9495  TestAUC: 0.9426  TestAUPR: 0.5493  (patience 280/100)
2026-06-07 00:58:47,883 - INFO - Epoch  600  Loss: 0.0815  TrainAUC: 0.9984  ValAUC: 0.9487  TestAUC: 0.9416  TestAUPR: 0.5555  (patience 330/100)
2026-06-07 00:59:45,649 - INFO - Epoch  650  Loss: 0.0729  TrainAUC: 0.9985  ValAUC: 0.9476  TestAUC: 0.9424  TestAUPR: 0.5507  (patience 380/100)
2026-06-07 01:00:43,304 - INFO - Epoch  700  Loss: 0.0677  TrainAUC: 0.9988  ValAUC: 0.9513  TestAUC: 0.9450  TestAUPR: 0.5676  (patience 430/100)
2026-06-07 01:01:41,070 - INFO - Epoch  750  Loss: 0.0733  TrainAUC: 0.9986  ValAUC: 0.9489  TestAUC: 0.9422  TestAUPR: 0.5669  (patience 480/100)
2026-06-07 01:02:37,910 - INFO - Epoch  800  Loss: 0.0619  TrainAUC: 0.9990  ValAUC: 0.9482  TestAUC: 0.9430  TestAUPR: 0.5706  (patience 530/100)
2026-06-07 01:03:34,695 - INFO - Epoch  850  Loss: 0.0613  TrainAUC: 0.9989  ValAUC: 0.9492  TestAUC: 0.9422  TestAUPR: 0.5632  (patience 580/100)
2026-06-07 01:04:31,485 - INFO - Epoch  900  Loss: 0.0654  TrainAUC: 0.9989  ValAUC: 0.9502  TestAUC: 0.9443  TestAUPR: 0.5757  (patience 630/100)
2026-06-07 01:05:28,204 - INFO - Epoch  950  Loss: 0.0659  TrainAUC: 0.9990  ValAUC: 0.9498  TestAUC: 0.9433  TestAUPR: 0.5741  (patience 680/100)
2026-06-07 01:06:25,498 - INFO - Epoch 1000  Loss: 0.0626  TrainAUC: 0.9990  ValAUC: 0.9482  TestAUC: 0.9403  TestAUPR: 0.5880  (patience 730/100)
2026-06-07 01:07:22,957 - INFO - Epoch 1050  Loss: 0.0663  TrainAUC: 0.9989  ValAUC: 0.9476  TestAUC: 0.9411  TestAUPR: 0.5619  (patience 780/100)
2026-06-07 01:08:20,154 - INFO - Epoch 1100  Loss: 0.0638  TrainAUC: 0.9990  ValAUC: 0.9465  TestAUC: 0.9420  TestAUPR: 0.5867  (patience 830/100)
2026-06-07 01:09:17,081 - INFO - Epoch 1150  Loss: 0.0656  TrainAUC: 0.9990  ValAUC: 0.9456  TestAUC: 0.9412  TestAUPR: 0.5917  (patience 880/100)
2026-06-07 01:10:13,560 - INFO - Epoch 1200  Loss: 0.0475  TrainAUC: 0.9993  ValAUC: 0.9468  TestAUC: 0.9413  TestAUPR: 0.5875  (patience 930/100)
2026-06-07 01:11:10,551 - INFO - Epoch 1250  Loss: 0.0574  TrainAUC: 0.9990  ValAUC: 0.9452  TestAUC: 0.9388  TestAUPR: 0.5823  (patience 980/100)
2026-06-07 01:12:07,102 - INFO - Epoch 1300  Loss: 0.0490  TrainAUC: 0.9994  ValAUC: 0.9473  TestAUC: 0.9409  TestAUPR: 0.5822  (patience 1030/100)
2026-06-07 01:13:02,686 - INFO - Epoch 1350  Loss: 0.0508  TrainAUC: 0.9993  ValAUC: 0.9441  TestAUC: 0.9383  TestAUPR: 0.5969  (patience 1080/100)
2026-06-07 01:13:58,775 - INFO - Epoch 1400  Loss: 0.0416  TrainAUC: 0.9994  ValAUC: 0.9421  TestAUC: 0.9386  TestAUPR: 0.5874  (patience 1130/100)
2026-06-07 01:14:54,997 - INFO - Epoch 1450  Loss: 0.0532  TrainAUC: 0.9994  ValAUC: 0.9461  TestAUC: 0.9398  TestAUPR: 0.5849  (patience 1180/100)
2026-06-07 01:15:51,908 - INFO - Epoch 1500  Loss: 0.0611  TrainAUC: 0.9992  ValAUC: 0.9445  TestAUC: 0.9402  TestAUPR: 0.5964  (patience 1230/100)
2026-06-07 01:16:48,340 - INFO - Epoch 1550  Loss: 0.0505  TrainAUC: 0.9993  ValAUC: 0.9454  TestAUC: 0.9392  TestAUPR: 0.6008  (patience 1280/100)
2026-06-07 01:17:44,181 - INFO - Epoch 1600  Loss: 0.0502  TrainAUC: 0.9993  ValAUC: 0.9441  TestAUC: 0.9399  TestAUPR: 0.5946  (patience 1330/100)
2026-06-07 01:18:40,452 - INFO - Epoch 1650  Loss: 0.0456  TrainAUC: 0.9993  ValAUC: 0.9439  TestAUC: 0.9377  TestAUPR: 0.5933  (patience 1380/100)
2026-06-07 01:19:36,510 - INFO - Epoch 1700  Loss: 0.0460  TrainAUC: 0.9995  ValAUC: 0.9432  TestAUC: 0.9368  TestAUPR: 0.5989  (patience 1430/100)
2026-06-07 01:20:33,233 - INFO - Epoch 1750  Loss: 0.0442  TrainAUC: 0.9995  ValAUC: 0.9390  TestAUC: 0.9349  TestAUPR: 0.5875  (patience 1480/100)
2026-06-07 01:21:31,081 - INFO - Epoch 1800  Loss: 0.0539  TrainAUC: 0.9992  ValAUC: 0.9428  TestAUC: 0.9372  TestAUPR: 0.5860  (patience 1530/100)
2026-06-07 01:22:28,329 - INFO - Epoch 1850  Loss: 0.0458  TrainAUC: 0.9995  ValAUC: 0.9378  TestAUC: 0.9373  TestAUPR: 0.5985  (patience 1580/100)
2026-06-07 01:23:25,130 - INFO - Epoch 1900  Loss: 0.0408  TrainAUC: 0.9995  ValAUC: 0.9427  TestAUC: 0.9361  TestAUPR: 0.6010  (patience 1630/100)
2026-06-07 01:24:21,364 - INFO - Epoch 1950  Loss: 0.0481  TrainAUC: 0.9994  ValAUC: 0.9399  TestAUC: 0.9387  TestAUPR: 0.5966  (patience 1680/100)
2026-06-07 01:25:17,096 - INFO - Epoch 2000  Loss: 0.0434  TrainAUC: 0.9995  ValAUC: 0.9404  TestAUC: 0.9364  TestAUPR: 0.6061  (patience 1730/100)
2026-06-07 01:26:13,070 - INFO - Epoch 2050  Loss: 0.0447  TrainAUC: 0.9995  ValAUC: 0.9457  TestAUC: 0.9361  TestAUPR: 0.6023  (patience 1780/100)
2026-06-07 01:27:09,102 - INFO - Epoch 2100  Loss: 0.0386  TrainAUC: 0.9995  ValAUC: 0.9403  TestAUC: 0.9371  TestAUPR: 0.5874  (patience 1830/100)
2026-06-07 01:28:04,492 - INFO - Epoch 2150  Loss: 0.0427  TrainAUC: 0.9995  ValAUC: 0.9397  TestAUC: 0.9352  TestAUPR: 0.5924  (patience 1880/100)
2026-06-07 01:29:00,280 - INFO - Epoch 2200  Loss: 0.0398  TrainAUC: 0.9995  ValAUC: 0.9411  TestAUC: 0.9345  TestAUPR: 0.5955  (patience 1930/100)
2026-06-07 01:29:57,400 - INFO - Epoch 2250  Loss: 0.0408  TrainAUC: 0.9995  ValAUC: 0.9434  TestAUC: 0.9368  TestAUPR: 0.6014  (patience 1980/100)
2026-06-07 01:30:53,858 - INFO - Epoch 2300  Loss: 0.0327  TrainAUC: 0.9996  ValAUC: 0.9415  TestAUC: 0.9377  TestAUPR: 0.5991  (patience 2030/100)
2026-06-07 01:31:50,306 - INFO - Epoch 2350  Loss: 0.0410  TrainAUC: 0.9996  ValAUC: 0.9466  TestAUC: 0.9366  TestAUPR: 0.6008  (patience 2080/100)
2026-06-07 01:32:46,366 - INFO - Epoch 2400  Loss: 0.0399  TrainAUC: 0.9996  ValAUC: 0.9425  TestAUC: 0.9364  TestAUPR: 0.6010  (patience 2130/100)
2026-06-07 01:33:42,382 - INFO - Epoch 2450  Loss: 0.0410  TrainAUC: 0.9995  ValAUC: 0.9423  TestAUC: 0.9359  TestAUPR: 0.6063  (patience 2180/100)
2026-06-07 01:34:37,659 - INFO - Epoch 2500  Loss: 0.0363  TrainAUC: 0.9996  ValAUC: 0.9414  TestAUC: 0.9345  TestAUPR: 0.5968  (patience 2230/100)
2026-06-07 01:35:33,231 - INFO - Epoch 2550  Loss: 0.0404  TrainAUC: 0.9996  ValAUC: 0.9405  TestAUC: 0.9373  TestAUPR: 0.6011  (patience 2280/100)
2026-06-07 01:36:29,777 - INFO - Epoch 2600  Loss: 0.0368  TrainAUC: 0.9996  ValAUC: 0.9396  TestAUC: 0.9358  TestAUPR: 0.6045  (patience 2330/100)
2026-06-07 01:37:25,798 - INFO - Epoch 2650  Loss: 0.0429  TrainAUC: 0.9996  ValAUC: 0.9411  TestAUC: 0.9364  TestAUPR: 0.6037  (patience 2380/100)
2026-06-07 01:38:26,260 - INFO - Epoch 2700  Loss: 0.0358  TrainAUC: 0.9997  ValAUC: 0.9443  TestAUC: 0.9375  TestAUPR: 0.5994  (patience 2430/100)
2026-06-07 01:39:22,595 - INFO - Epoch 2750  Loss: 0.0333  TrainAUC: 0.9997  ValAUC: 0.9459  TestAUC: 0.9343  TestAUPR: 0.6011  (patience 2480/100)
2026-06-07 01:40:19,358 - INFO - Epoch 2800  Loss: 0.0441  TrainAUC: 0.9996  ValAUC: 0.9428  TestAUC: 0.9327  TestAUPR: 0.5971  (patience 2530/100)
2026-06-07 01:41:16,344 - INFO - Epoch 2850  Loss: 0.0393  TrainAUC: 0.9996  ValAUC: 0.9408  TestAUC: 0.9356  TestAUPR: 0.6103  (patience 2580/100)
2026-06-07 01:42:12,301 - INFO - Epoch 2900  Loss: 0.0374  TrainAUC: 0.9996  ValAUC: 0.9455  TestAUC: 0.9358  TestAUPR: 0.6089  (patience 2630/100)
2026-06-07 01:43:09,181 - INFO - Epoch 2950  Loss: 0.0310  TrainAUC: 0.9997  ValAUC: 0.9454  TestAUC: 0.9370  TestAUPR: 0.6069  (patience 2680/100)
2026-06-07 01:44:05,702 - INFO - Epoch 3000  Loss: 0.0276  TrainAUC: 0.9997  ValAUC: 0.9404  TestAUC: 0.9346  TestAUPR: 0.6043  (patience 2730/100)
2026-06-07 01:45:02,083 - INFO - Epoch 3050  Loss: 0.0392  TrainAUC: 0.9996  ValAUC: 0.9406  TestAUC: 0.9328  TestAUPR: 0.6096  (patience 2780/100)
2026-06-07 01:45:58,945 - INFO - Epoch 3100  Loss: 0.0356  TrainAUC: 0.9997  ValAUC: 0.9437  TestAUC: 0.9347  TestAUPR: 0.6109  (patience 2830/100)
2026-06-07 01:46:55,374 - INFO - Epoch 3150  Loss: 0.0316  TrainAUC: 0.9997  ValAUC: 0.9406  TestAUC: 0.9353  TestAUPR: 0.6146  (patience 2880/100)
2026-06-07 01:47:51,483 - INFO - Epoch 3200  Loss: 0.0330  TrainAUC: 0.9997  ValAUC: 0.9441  TestAUC: 0.9348  TestAUPR: 0.6063  (patience 2930/100)
2026-06-07 01:48:47,706 - INFO - Epoch 3250  Loss: 0.0326  TrainAUC: 0.9997  ValAUC: 0.9425  TestAUC: 0.9342  TestAUPR: 0.5999  (patience 2980/100)
2026-06-07 01:49:44,590 - INFO - Epoch 3300  Loss: 0.0353  TrainAUC: 0.9997  ValAUC: 0.9405  TestAUC: 0.9359  TestAUPR: 0.6029  (patience 3030/100)
2026-06-07 01:50:42,244 - INFO - Epoch 3350  Loss: 0.0344  TrainAUC: 0.9997  ValAUC: 0.9423  TestAUC: 0.9350  TestAUPR: 0.6050  (patience 3080/100)
2026-06-07 01:51:38,248 - INFO - Epoch 3400  Loss: 0.0272  TrainAUC: 0.9998  ValAUC: 0.9418  TestAUC: 0.9340  TestAUPR: 0.5945  (patience 3130/100)
2026-06-07 01:52:34,502 - INFO - Epoch 3450  Loss: 0.0409  TrainAUC: 0.9995  ValAUC: 0.9456  TestAUC: 0.9353  TestAUPR: 0.5961  (patience 3180/100)
2026-06-07 01:53:30,381 - INFO - Epoch 3500  Loss: 0.0343  TrainAUC: 0.9997  ValAUC: 0.9399  TestAUC: 0.9330  TestAUPR: 0.5989  (patience 3230/100)
2026-06-07 01:54:26,844 - INFO - Epoch 3550  Loss: 0.0322  TrainAUC: 0.9997  ValAUC: 0.9431  TestAUC: 0.9335  TestAUPR: 0.6038  (patience 3280/100)
2026-06-07 01:55:22,536 - INFO - Epoch 3600  Loss: 0.0343  TrainAUC: 0.9997  ValAUC: 0.9414  TestAUC: 0.9340  TestAUPR: 0.6069  (patience 3330/100)
2026-06-07 01:56:18,965 - INFO - Epoch 3650  Loss: 0.0301  TrainAUC: 0.9997  ValAUC: 0.9426  TestAUC: 0.9347  TestAUPR: 0.6055  (patience 3380/100)
2026-06-07 01:57:14,535 - INFO - Epoch 3700  Loss: 0.0367  TrainAUC: 0.9997  ValAUC: 0.9393  TestAUC: 0.9332  TestAUPR: 0.6144  (patience 3430/100)
2026-06-07 01:58:09,178 - INFO - Epoch 3750  Loss: 0.0282  TrainAUC: 0.9998  ValAUC: 0.9379  TestAUC: 0.9341  TestAUPR: 0.6163  (patience 3480/100)
2026-06-07 01:59:05,233 - INFO - Epoch 3800  Loss: 0.0290  TrainAUC: 0.9998  ValAUC: 0.9407  TestAUC: 0.9339  TestAUPR: 0.6116  (patience 3530/100)
2026-06-07 02:00:00,891 - INFO - Epoch 3850  Loss: 0.0284  TrainAUC: 0.9998  ValAUC: 0.9399  TestAUC: 0.9329  TestAUPR: 0.6092  (patience 3580/100)
2026-06-07 02:00:58,675 - INFO - Epoch 3900  Loss: 0.0419  TrainAUC: 0.9996  ValAUC: 0.9366  TestAUC: 0.9325  TestAUPR: 0.6111  (patience 3630/100)
2026-06-07 02:01:55,939 - INFO - Epoch 3950  Loss: 0.0380  TrainAUC: 0.9996  ValAUC: 0.9429  TestAUC: 0.9327  TestAUPR: 0.5972  (patience 3680/100)
2026-06-07 02:02:53,366 - INFO - Epoch 4000  Loss: 0.0281  TrainAUC: 0.9997  ValAUC: 0.9408  TestAUC: 0.9345  TestAUPR: 0.5993  (patience 3730/100)
2026-06-07 02:03:48,742 - INFO - Epoch 4050  Loss: 0.0314  TrainAUC: 0.9997  ValAUC: 0.9436  TestAUC: 0.9335  TestAUPR: 0.6056  (patience 3780/100)
2026-06-07 02:04:43,751 - INFO - Epoch 4100  Loss: 0.0256  TrainAUC: 0.9998  ValAUC: 0.9415  TestAUC: 0.9330  TestAUPR: 0.5979  (patience 3830/100)
2026-06-07 02:05:39,891 - INFO - Epoch 4150  Loss: 0.0348  TrainAUC: 0.9997  ValAUC: 0.9424  TestAUC: 0.9342  TestAUPR: 0.5997  (patience 3880/100)
2026-06-07 02:06:34,871 - INFO - Epoch 4200  Loss: 0.0354  TrainAUC: 0.9997  ValAUC: 0.9359  TestAUC: 0.9324  TestAUPR: 0.6036  (patience 3930/100)
2026-06-07 02:07:31,537 - INFO - Epoch 4250  Loss: 0.0291  TrainAUC: 0.9997  ValAUC: 0.9413  TestAUC: 0.9310  TestAUPR: 0.6143  (patience 3980/100)
2026-06-07 02:08:27,792 - INFO - Epoch 4300  Loss: 0.0361  TrainAUC: 0.9997  ValAUC: 0.9403  TestAUC: 0.9319  TestAUPR: 0.6145  (patience 4030/100)
2026-06-07 02:09:23,672 - INFO - Epoch 4350  Loss: 0.0278  TrainAUC: 0.9998  ValAUC: 0.9426  TestAUC: 0.9310  TestAUPR: 0.6134  (patience 4080/100)
2026-06-07 02:10:20,168 - INFO - Epoch 4400  Loss: 0.0267  TrainAUC: 0.9998  ValAUC: 0.9404  TestAUC: 0.9317  TestAUPR: 0.6140  (patience 4130/100)
2026-06-07 02:11:16,551 - INFO - Epoch 4450  Loss: 0.0313  TrainAUC: 0.9998  ValAUC: 0.9413  TestAUC: 0.9326  TestAUPR: 0.6125  (patience 4180/100)
2026-06-07 02:12:13,308 - INFO - Epoch 4500  Loss: 0.0284  TrainAUC: 0.9998  ValAUC: 0.9450  TestAUC: 0.9348  TestAUPR: 0.6097  (patience 4230/100)
2026-06-07 02:13:08,758 - INFO - Epoch 4550  Loss: 0.0350  TrainAUC: 0.9997  ValAUC: 0.9392  TestAUC: 0.9327  TestAUPR: 0.6131  (patience 4280/100)
2026-06-07 02:14:04,804 - INFO - Epoch 4600  Loss: 0.0297  TrainAUC: 0.9997  ValAUC: 0.9437  TestAUC: 0.9326  TestAUPR: 0.6004  (patience 4330/100)
2026-06-07 02:15:00,544 - INFO - Epoch 4650  Loss: 0.0249  TrainAUC: 0.9998  ValAUC: 0.9454  TestAUC: 0.9332  TestAUPR: 0.6116  (patience 4380/100)
2026-06-07 02:15:55,928 - INFO - Epoch 4700  Loss: 0.0239  TrainAUC: 0.9998  ValAUC: 0.9413  TestAUC: 0.9350  TestAUPR: 0.6016  (patience 4430/100)
2026-06-07 02:16:51,525 - INFO - Epoch 4750  Loss: 0.0360  TrainAUC: 0.9997  ValAUC: 0.9440  TestAUC: 0.9326  TestAUPR: 0.6121  (patience 4480/100)
2026-06-07 02:17:47,226 - INFO - Epoch 4800  Loss: 0.0326  TrainAUC: 0.9998  ValAUC: 0.9436  TestAUC: 0.9332  TestAUPR: 0.6005  (patience 4530/100)
2026-06-07 02:18:42,912 - INFO - Epoch 4850  Loss: 0.0309  TrainAUC: 0.9997  ValAUC: 0.9415  TestAUC: 0.9314  TestAUPR: 0.6044  (patience 4580/100)
2026-06-07 02:19:38,473 - INFO - Epoch 4900  Loss: 0.0261  TrainAUC: 0.9998  ValAUC: 0.9428  TestAUC: 0.9319  TestAUPR: 0.6135  (patience 4630/100)
2026-06-07 02:20:34,336 - INFO - Epoch 4950  Loss: 0.0259  TrainAUC: 0.9998  ValAUC: 0.9428  TestAUC: 0.9309  TestAUPR: 0.6108  (patience 4680/100)
2026-06-07 02:21:29,372 - INFO - Epoch 5000  Loss: 0.0296  TrainAUC: 0.9997  ValAUC: 0.9404  TestAUC: 0.9329  TestAUPR: 0.6119  (patience 4730/100)
2026-06-07 02:21:31,502 - INFO - Fold 3 FINAL  AUC: 0.9432  AUPR: 0.4779
2026-06-07 02:21:31,521 - INFO - 
------------------------------------------------------------
2026-06-07 02:21:31,522 - INFO - 5-Fold CV  |  Fold 4
2026-06-07 02:21:31,522 - INFO - ------------------------------------------------------------
2026-06-07 02:21:32,190 - INFO - Graph: Graph(num_nodes={'disease': 409, 'drug': 663},
      num_edges={('disease', 'di_di', 'disease'): 6507, ('disease', 'di_dr', 'drug'): 2532, ('drug', 'dr_di', 'disease'): 2532, ('drug', 'dr_dr', 'drug'): 10582},
      metagraph=[('disease', 'disease', 'di_di'), ('disease', 'drug', 'di_dr'), ('drug', 'disease', 'dr_di'), ('drug', 'drug', 'dr_dr')])
2026-06-07 02:21:32,372 - INFO - Train pairs: 195240  |  Val pairs: 21694  |  Test pairs: 54233
2026-06-07 02:21:32,411 - INFO - Model parameters: 1,075,971
2026-06-07 02:21:32,414 - INFO - BCE pos_weight: 106.075
2026-06-07 02:22:30,327 - INFO - Epoch   50  Loss: 0.8202  TrainAUC: 0.8951  ValAUC: 0.9046  TestAUC: 0.8700  TestAUPR: 0.1054  (patience 0/100)
2026-06-07 02:23:28,522 - INFO - Epoch  100  Loss: 0.3857  TrainAUC: 0.9801  ValAUC: 0.9616  TestAUC: 0.9325  TestAUPR: 0.2916  (patience 0/100)
2026-06-07 02:24:25,213 - INFO - Epoch  150  Loss: 0.2421  TrainAUC: 0.9902  ValAUC: 0.9688  TestAUC: 0.9326  TestAUPR: 0.3815  (patience 1/100)
2026-06-07 02:25:20,729 - INFO - Epoch  200  Loss: 0.1818  TrainAUC: 0.9937  ValAUC: 0.9636  TestAUC: 0.9364  TestAUPR: 0.4181  (patience 51/100)
2026-06-07 02:26:16,651 - INFO - Epoch  250  Loss: 0.1384  TrainAUC: 0.9964  ValAUC: 0.9658  TestAUC: 0.9380  TestAUPR: 0.4421  (patience 101/100)
2026-06-07 02:27:12,384 - INFO - Epoch  300  Loss: 0.1283  TrainAUC: 0.9964  ValAUC: 0.9654  TestAUC: 0.9361  TestAUPR: 0.4554  (patience 151/100)
2026-06-07 02:28:07,990 - INFO - Epoch  350  Loss: 0.1144  TrainAUC: 0.9971  ValAUC: 0.9664  TestAUC: 0.9377  TestAUPR: 0.4528  (patience 201/100)
2026-06-07 02:29:04,998 - INFO - Epoch  400  Loss: 0.1007  TrainAUC: 0.9977  ValAUC: 0.9650  TestAUC: 0.9372  TestAUPR: 0.4821  (patience 251/100)
2026-06-07 02:30:00,412 - INFO - Epoch  450  Loss: 0.0941  TrainAUC: 0.9979  ValAUC: 0.9658  TestAUC: 0.9368  TestAUPR: 0.4868  (patience 301/100)
2026-06-07 02:30:56,542 - INFO - Epoch  500  Loss: 0.0856  TrainAUC: 0.9983  ValAUC: 0.9641  TestAUC: 0.9353  TestAUPR: 0.4859  (patience 351/100)
2026-06-07 02:31:51,605 - INFO - Epoch  550  Loss: 0.0853  TrainAUC: 0.9983  ValAUC: 0.9645  TestAUC: 0.9366  TestAUPR: 0.5072  (patience 401/100)
2026-06-07 02:32:47,677 - INFO - Epoch  600  Loss: 0.0798  TrainAUC: 0.9984  ValAUC: 0.9650  TestAUC: 0.9364  TestAUPR: 0.5047  (patience 451/100)
2026-06-07 02:33:43,535 - INFO - Epoch  650  Loss: 0.0786  TrainAUC: 0.9984  ValAUC: 0.9668  TestAUC: 0.9350  TestAUPR: 0.5086  (patience 501/100)
2026-06-07 02:34:39,457 - INFO - Epoch  700  Loss: 0.0746  TrainAUC: 0.9986  ValAUC: 0.9674  TestAUC: 0.9365  TestAUPR: 0.5105  (patience 551/100)
2026-06-07 02:35:35,040 - INFO - Epoch  750  Loss: 0.0870  TrainAUC: 0.9984  ValAUC: 0.9665  TestAUC: 0.9347  TestAUPR: 0.5187  (patience 601/100)
2026-06-07 02:36:31,151 - INFO - Epoch  800  Loss: 0.0702  TrainAUC: 0.9988  ValAUC: 0.9689  TestAUC: 0.9356  TestAUPR: 0.5112  (patience 651/100)
2026-06-07 02:37:27,672 - INFO - Epoch  850  Loss: 0.0600  TrainAUC: 0.9989  ValAUC: 0.9652  TestAUC: 0.9332  TestAUPR: 0.5157  (patience 701/100)
2026-06-07 02:38:23,765 - INFO - Epoch  900  Loss: 0.0702  TrainAUC: 0.9988  ValAUC: 0.9667  TestAUC: 0.9331  TestAUPR: 0.5075  (patience 751/100)
2026-06-07 02:39:18,989 - INFO - Epoch  950  Loss: 0.0669  TrainAUC: 0.9988  ValAUC: 0.9684  TestAUC: 0.9347  TestAUPR: 0.5191  (patience 801/100)
2026-06-07 02:40:14,687 - INFO - Epoch 1000  Loss: 0.0586  TrainAUC: 0.9991  ValAUC: 0.9677  TestAUC: 0.9328  TestAUPR: 0.5183  (patience 851/100)
2026-06-07 02:41:09,917 - INFO - Epoch 1050  Loss: 0.0751  TrainAUC: 0.9990  ValAUC: 0.9681  TestAUC: 0.9338  TestAUPR: 0.5244  (patience 901/100)
2026-06-07 02:42:05,085 - INFO - Epoch 1100  Loss: 0.0685  TrainAUC: 0.9988  ValAUC: 0.9670  TestAUC: 0.9354  TestAUPR: 0.5261  (patience 951/100)
2026-06-07 02:43:00,858 - INFO - Epoch 1150  Loss: 0.0569  TrainAUC: 0.9991  ValAUC: 0.9688  TestAUC: 0.9329  TestAUPR: 0.5306  (patience 1001/100)
2026-06-07 02:43:56,751 - INFO - Epoch 1200  Loss: 0.0638  TrainAUC: 0.9991  ValAUC: 0.9695  TestAUC: 0.9345  TestAUPR: 0.5331  (patience 1051/100)
2026-06-07 02:44:52,867 - INFO - Epoch 1250  Loss: 0.0523  TrainAUC: 0.9992  ValAUC: 0.9673  TestAUC: 0.9328  TestAUPR: 0.5304  (patience 26/100)
2026-06-07 02:45:49,218 - INFO - Epoch 1300  Loss: 0.0538  TrainAUC: 0.9992  ValAUC: 0.9688  TestAUC: 0.9360  TestAUPR: 0.5355  (patience 76/100)
2026-06-07 02:46:45,986 - INFO - Epoch 1350  Loss: 0.0528  TrainAUC: 0.9992  ValAUC: 0.9679  TestAUC: 0.9334  TestAUPR: 0.5356  (patience 126/100)
2026-06-07 02:47:41,098 - INFO - Epoch 1400  Loss: 0.0636  TrainAUC: 0.9991  ValAUC: 0.9680  TestAUC: 0.9320  TestAUPR: 0.5471  (patience 176/100)
2026-06-07 02:48:37,250 - INFO - Epoch 1450  Loss: 0.0556  TrainAUC: 0.9993  ValAUC: 0.9682  TestAUC: 0.9334  TestAUPR: 0.5397  (patience 226/100)
2026-06-07 02:49:33,690 - INFO - Epoch 1500  Loss: 0.0504  TrainAUC: 0.9993  ValAUC: 0.9687  TestAUC: 0.9329  TestAUPR: 0.5339  (patience 276/100)
2026-06-07 02:50:29,391 - INFO - Epoch 1550  Loss: 0.0494  TrainAUC: 0.9993  ValAUC: 0.9683  TestAUC: 0.9327  TestAUPR: 0.5401  (patience 326/100)
2026-06-07 02:51:25,349 - INFO - Epoch 1600  Loss: 0.0520  TrainAUC: 0.9993  ValAUC: 0.9693  TestAUC: 0.9332  TestAUPR: 0.5517  (patience 376/100)
2026-06-07 02:52:20,895 - INFO - Epoch 1650  Loss: 0.0519  TrainAUC: 0.9993  ValAUC: 0.9693  TestAUC: 0.9343  TestAUPR: 0.5297  (patience 426/100)
2026-06-07 02:53:16,794 - INFO - Epoch 1700  Loss: 0.0543  TrainAUC: 0.9992  ValAUC: 0.9686  TestAUC: 0.9323  TestAUPR: 0.5354  (patience 476/100)
2026-06-07 02:54:13,754 - INFO - Epoch 1750  Loss: 0.0513  TrainAUC: 0.9994  ValAUC: 0.9692  TestAUC: 0.9324  TestAUPR: 0.5469  (patience 29/100)
2026-06-07 02:55:10,460 - INFO - Epoch 1800  Loss: 0.0480  TrainAUC: 0.9994  ValAUC: 0.9695  TestAUC: 0.9337  TestAUPR: 0.5415  (patience 79/100)
2026-06-07 02:56:07,322 - INFO - Epoch 1850  Loss: 0.0471  TrainAUC: 0.9994  ValAUC: 0.9712  TestAUC: 0.9310  TestAUPR: 0.5473  (patience 129/100)
2026-06-07 02:57:02,741 - INFO - Epoch 1900  Loss: 0.0480  TrainAUC: 0.9994  ValAUC: 0.9678  TestAUC: 0.9313  TestAUPR: 0.5437  (patience 179/100)
2026-06-07 02:57:58,727 - INFO - Epoch 1950  Loss: 0.0452  TrainAUC: 0.9994  ValAUC: 0.9710  TestAUC: 0.9311  TestAUPR: 0.5392  (patience 29/100)
2026-06-07 02:58:52,886 - INFO - Epoch 2000  Loss: 0.0453  TrainAUC: 0.9994  ValAUC: 0.9693  TestAUC: 0.9312  TestAUPR: 0.5493  (patience 79/100)
2026-06-07 02:59:48,178 - INFO - Epoch 2050  Loss: 0.0401  TrainAUC: 0.9995  ValAUC: 0.9685  TestAUC: 0.9310  TestAUPR: 0.5529  (patience 129/100)
2026-06-07 03:00:44,238 - INFO - Epoch 2100  Loss: 0.0519  TrainAUC: 0.9994  ValAUC: 0.9715  TestAUC: 0.9342  TestAUPR: 0.5490  (patience 179/100)
2026-06-07 03:01:40,989 - INFO - Epoch 2150  Loss: 0.0391  TrainAUC: 0.9995  ValAUC: 0.9693  TestAUC: 0.9318  TestAUPR: 0.5433  (patience 229/100)
2026-06-07 03:02:39,742 - INFO - Epoch 2200  Loss: 0.0412  TrainAUC: 0.9995  ValAUC: 0.9669  TestAUC: 0.9314  TestAUPR: 0.5487  (patience 279/100)
2026-06-07 03:03:38,459 - INFO - Epoch 2250  Loss: 0.0414  TrainAUC: 0.9995  ValAUC: 0.9690  TestAUC: 0.9324  TestAUPR: 0.5482  (patience 329/100)
2026-06-07 03:04:38,138 - INFO - Epoch 2300  Loss: 0.0419  TrainAUC: 0.9995  ValAUC: 0.9668  TestAUC: 0.9306  TestAUPR: 0.5434  (patience 379/100)
2026-06-07 03:05:35,476 - INFO - Epoch 2350  Loss: 0.0424  TrainAUC: 0.9995  ValAUC: 0.9692  TestAUC: 0.9318  TestAUPR: 0.5518  (patience 429/100)
2026-06-07 03:06:30,895 - INFO - Epoch 2400  Loss: 0.0370  TrainAUC: 0.9996  ValAUC: 0.9698  TestAUC: 0.9318  TestAUPR: 0.5463  (patience 479/100)
2026-06-07 03:07:26,415 - INFO - Epoch 2450  Loss: 0.0418  TrainAUC: 0.9995  ValAUC: 0.9691  TestAUC: 0.9316  TestAUPR: 0.5436  (patience 529/100)
2026-06-07 03:08:21,878 - INFO - Epoch 2500  Loss: 0.0412  TrainAUC: 0.9995  ValAUC: 0.9659  TestAUC: 0.9287  TestAUPR: 0.5503  (patience 579/100)
2026-06-07 03:09:19,280 - INFO - Epoch 2550  Loss: 0.0420  TrainAUC: 0.9995  ValAUC: 0.9697  TestAUC: 0.9316  TestAUPR: 0.5487  (patience 629/100)
2026-06-07 03:10:16,055 - INFO - Epoch 2600  Loss: 0.0413  TrainAUC: 0.9995  ValAUC: 0.9687  TestAUC: 0.9302  TestAUPR: 0.5560  (patience 679/100)
2026-06-07 03:11:11,978 - INFO - Epoch 2650  Loss: 0.0359  TrainAUC: 0.9996  ValAUC: 0.9679  TestAUC: 0.9295  TestAUPR: 0.5476  (patience 729/100)
2026-06-07 03:12:07,951 - INFO - Epoch 2700  Loss: 0.0459  TrainAUC: 0.9995  ValAUC: 0.9678  TestAUC: 0.9304  TestAUPR: 0.5608  (patience 779/100)
2026-06-07 03:13:05,983 - INFO - Epoch 2750  Loss: 0.0399  TrainAUC: 0.9996  ValAUC: 0.9663  TestAUC: 0.9277  TestAUPR: 0.5424  (patience 829/100)
2026-06-07 03:14:02,357 - INFO - Epoch 2800  Loss: 0.0377  TrainAUC: 0.9995  ValAUC: 0.9666  TestAUC: 0.9301  TestAUPR: 0.5501  (patience 879/100)
2026-06-07 03:14:58,151 - INFO - Epoch 2850  Loss: 0.0345  TrainAUC: 0.9996  ValAUC: 0.9682  TestAUC: 0.9307  TestAUPR: 0.5651  (patience 929/100)
2026-06-07 03:15:53,708 - INFO - Epoch 2900  Loss: 0.0378  TrainAUC: 0.9996  ValAUC: 0.9666  TestAUC: 0.9321  TestAUPR: 0.5588  (patience 979/100)
2026-06-07 03:16:49,792 - INFO - Epoch 2950  Loss: 0.0367  TrainAUC: 0.9996  ValAUC: 0.9688  TestAUC: 0.9313  TestAUPR: 0.5667  (patience 1029/100)
2026-06-07 03:17:45,743 - INFO - Epoch 3000  Loss: 0.0394  TrainAUC: 0.9996  ValAUC: 0.9698  TestAUC: 0.9331  TestAUPR: 0.5621  (patience 1079/100)
2026-06-07 03:18:41,077 - INFO - Epoch 3050  Loss: 0.0349  TrainAUC: 0.9996  ValAUC: 0.9662  TestAUC: 0.9298  TestAUPR: 0.5631  (patience 1129/100)
2026-06-07 03:19:36,871 - INFO - Epoch 3100  Loss: 0.0312  TrainAUC: 0.9997  ValAUC: 0.9691  TestAUC: 0.9301  TestAUPR: 0.5562  (patience 1179/100)
2026-06-07 03:20:33,093 - INFO - Epoch 3150  Loss: 0.0403  TrainAUC: 0.9996  ValAUC: 0.9668  TestAUC: 0.9288  TestAUPR: 0.5663  (patience 1229/100)
2026-06-07 03:21:29,356 - INFO - Epoch 3200  Loss: 0.0420  TrainAUC: 0.9996  ValAUC: 0.9668  TestAUC: 0.9280  TestAUPR: 0.5477  (patience 1279/100)
2026-06-07 03:22:24,864 - INFO - Epoch 3250  Loss: 0.0359  TrainAUC: 0.9997  ValAUC: 0.9707  TestAUC: 0.9301  TestAUPR: 0.5508  (patience 1329/100)
2026-06-07 03:23:20,362 - INFO - Epoch 3300  Loss: 0.0336  TrainAUC: 0.9997  ValAUC: 0.9655  TestAUC: 0.9309  TestAUPR: 0.5581  (patience 1379/100)
2026-06-07 03:24:16,644 - INFO - Epoch 3350  Loss: 0.0334  TrainAUC: 0.9997  ValAUC: 0.9657  TestAUC: 0.9313  TestAUPR: 0.5553  (patience 1429/100)
2026-06-07 03:25:11,350 - INFO - Epoch 3400  Loss: 0.0402  TrainAUC: 0.9996  ValAUC: 0.9687  TestAUC: 0.9304  TestAUPR: 0.5596  (patience 1479/100)
2026-06-07 03:26:07,384 - INFO - Epoch 3450  Loss: 0.0273  TrainAUC: 0.9998  ValAUC: 0.9695  TestAUC: 0.9324  TestAUPR: 0.5699  (patience 1529/100)
2026-06-07 03:27:02,934 - INFO - Epoch 3500  Loss: 0.0299  TrainAUC: 0.9997  ValAUC: 0.9650  TestAUC: 0.9264  TestAUPR: 0.5604  (patience 1579/100)
2026-06-07 03:27:58,736 - INFO - Epoch 3550  Loss: 0.0399  TrainAUC: 0.9996  ValAUC: 0.9674  TestAUC: 0.9286  TestAUPR: 0.5581  (patience 1629/100)
2026-06-07 03:28:54,179 - INFO - Epoch 3600  Loss: 0.0327  TrainAUC: 0.9997  ValAUC: 0.9686  TestAUC: 0.9291  TestAUPR: 0.5573  (patience 1679/100)
2026-06-07 03:29:49,912 - INFO - Epoch 3650  Loss: 0.0312  TrainAUC: 0.9997  ValAUC: 0.9687  TestAUC: 0.9308  TestAUPR: 0.5709  (patience 1729/100)
2026-06-07 03:30:44,879 - INFO - Epoch 3700  Loss: 0.0330  TrainAUC: 0.9996  ValAUC: 0.9667  TestAUC: 0.9304  TestAUPR: 0.5665  (patience 1779/100)
2026-06-07 03:31:41,485 - INFO - Epoch 3750  Loss: 0.0352  TrainAUC: 0.9996  ValAUC: 0.9692  TestAUC: 0.9326  TestAUPR: 0.5610  (patience 1829/100)
2026-06-07 03:32:36,513 - INFO - Epoch 3800  Loss: 0.0334  TrainAUC: 0.9997  ValAUC: 0.9673  TestAUC: 0.9292  TestAUPR: 0.5636  (patience 18/100)
2026-06-07 03:33:32,483 - INFO - Epoch 3850  Loss: 0.0297  TrainAUC: 0.9997  ValAUC: 0.9669  TestAUC: 0.9298  TestAUPR: 0.5504  (patience 68/100)
2026-06-07 03:34:28,081 - INFO - Epoch 3900  Loss: 0.0310  TrainAUC: 0.9997  ValAUC: 0.9684  TestAUC: 0.9290  TestAUPR: 0.5706  (patience 118/100)
2026-06-07 03:35:23,066 - INFO - Epoch 3950  Loss: 0.0283  TrainAUC: 0.9997  ValAUC: 0.9657  TestAUC: 0.9275  TestAUPR: 0.5670  (patience 168/100)
2026-06-07 03:36:18,281 - INFO - Epoch 4000  Loss: 0.0270  TrainAUC: 0.9997  ValAUC: 0.9668  TestAUC: 0.9315  TestAUPR: 0.5636  (patience 218/100)
2026-06-07 03:37:14,309 - INFO - Epoch 4050  Loss: 0.0304  TrainAUC: 0.9998  ValAUC: 0.9673  TestAUC: 0.9299  TestAUPR: 0.5636  (patience 268/100)
2026-06-07 03:38:10,381 - INFO - Epoch 4100  Loss: 0.0329  TrainAUC: 0.9997  ValAUC: 0.9676  TestAUC: 0.9307  TestAUPR: 0.5618  (patience 318/100)
2026-06-07 03:39:05,869 - INFO - Epoch 4150  Loss: 0.0422  TrainAUC: 0.9997  ValAUC: 0.9660  TestAUC: 0.9298  TestAUPR: 0.5682  (patience 368/100)
2026-06-07 03:40:01,911 - INFO - Epoch 4200  Loss: 0.0334  TrainAUC: 0.9997  ValAUC: 0.9649  TestAUC: 0.9302  TestAUPR: 0.5543  (patience 418/100)
2026-06-07 03:40:57,762 - INFO - Epoch 4250  Loss: 0.0344  TrainAUC: 0.9997  ValAUC: 0.9670  TestAUC: 0.9299  TestAUPR: 0.5609  (patience 468/100)
2026-06-07 03:41:53,316 - INFO - Epoch 4300  Loss: 0.0371  TrainAUC: 0.9996  ValAUC: 0.9668  TestAUC: 0.9290  TestAUPR: 0.5684  (patience 518/100)
2026-06-07 03:42:48,784 - INFO - Epoch 4350  Loss: 0.0345  TrainAUC: 0.9997  ValAUC: 0.9653  TestAUC: 0.9287  TestAUPR: 0.5740  (patience 568/100)
2026-06-07 03:43:45,028 - INFO - Epoch 4400  Loss: 0.0317  TrainAUC: 0.9997  ValAUC: 0.9663  TestAUC: 0.9283  TestAUPR: 0.5636  (patience 618/100)
2026-06-07 03:44:40,667 - INFO - Epoch 4450  Loss: 0.0293  TrainAUC: 0.9997  ValAUC: 0.9650  TestAUC: 0.9318  TestAUPR: 0.5593  (patience 668/100)
2026-06-07 03:45:36,586 - INFO - Epoch 4500  Loss: 0.0301  TrainAUC: 0.9997  ValAUC: 0.9662  TestAUC: 0.9288  TestAUPR: 0.5596  (patience 718/100)
2026-06-07 03:46:32,406 - INFO - Epoch 4550  Loss: 0.0336  TrainAUC: 0.9997  ValAUC: 0.9716  TestAUC: 0.9305  TestAUPR: 0.5712  (patience 768/100)
2026-06-07 03:47:28,718 - INFO - Epoch 4600  Loss: 0.0261  TrainAUC: 0.9998  ValAUC: 0.9677  TestAUC: 0.9295  TestAUPR: 0.5713  (patience 818/100)
2026-06-07 03:48:24,566 - INFO - Epoch 4650  Loss: 0.0309  TrainAUC: 0.9997  ValAUC: 0.9710  TestAUC: 0.9313  TestAUPR: 0.5710  (patience 868/100)
2026-06-07 03:49:19,833 - INFO - Epoch 4700  Loss: 0.0272  TrainAUC: 0.9998  ValAUC: 0.9633  TestAUC: 0.9297  TestAUPR: 0.5624  (patience 918/100)
2026-06-07 03:50:15,386 - INFO - Epoch 4750  Loss: 0.0280  TrainAUC: 0.9998  ValAUC: 0.9667  TestAUC: 0.9299  TestAUPR: 0.5674  (patience 968/100)
2026-06-07 03:51:12,526 - INFO - Epoch 4800  Loss: 0.0315  TrainAUC: 0.9997  ValAUC: 0.9644  TestAUC: 0.9305  TestAUPR: 0.5636  (patience 1018/100)
2026-06-07 03:52:08,141 - INFO - Epoch 4850  Loss: 0.0364  TrainAUC: 0.9997  ValAUC: 0.9658  TestAUC: 0.9319  TestAUPR: 0.5663  (patience 1068/100)
2026-06-07 03:53:04,911 - INFO - Epoch 4900  Loss: 0.0320  TrainAUC: 0.9998  ValAUC: 0.9666  TestAUC: 0.9298  TestAUPR: 0.5727  (patience 1118/100)
2026-06-07 03:54:00,245 - INFO - Epoch 4950  Loss: 0.0298  TrainAUC: 0.9997  ValAUC: 0.9651  TestAUC: 0.9280  TestAUPR: 0.5591  (patience 1168/100)
2026-06-07 03:54:56,154 - INFO - Epoch 5000  Loss: 0.0325  TrainAUC: 0.9998  ValAUC: 0.9648  TestAUC: 0.9297  TestAUPR: 0.5677  (patience 1218/100)
2026-06-07 03:54:58,212 - INFO - Fold 4 FINAL  AUC: 0.9302  AUPR: 0.5647
2026-06-07 03:54:58,252 - INFO - 
------------------------------------------------------------
2026-06-07 03:54:58,252 - INFO - 5-Fold CV  |  Fold 5
2026-06-07 03:54:58,252 - INFO - ------------------------------------------------------------
2026-06-07 03:54:59,018 - INFO - Graph: Graph(num_nodes={'disease': 409, 'drug': 663},
      num_edges={('disease', 'di_di', 'disease'): 6507, ('disease', 'di_dr', 'drug'): 2532, ('drug', 'dr_di', 'disease'): 2532, ('drug', 'dr_dr', 'drug'): 10582},
      metagraph=[('disease', 'disease', 'di_di'), ('disease', 'drug', 'di_dr'), ('drug', 'disease', 'dr_di'), ('drug', 'drug', 'dr_dr')])
2026-06-07 03:54:59,222 - INFO - Train pairs: 195240  |  Val pairs: 21694  |  Test pairs: 54233
2026-06-07 03:54:59,255 - INFO - Model parameters: 1,075,971
2026-06-07 03:54:59,257 - INFO - BCE pos_weight: 106.075
2026-06-07 03:55:56,958 - INFO - Epoch   50  Loss: 1.1103  TrainAUC: 0.8220  ValAUC: 0.8466  TestAUC: 0.8243  TestAUPR: 0.0658  (patience 0/100)
2026-06-07 03:56:55,351 - INFO - Epoch  100  Loss: 0.4509  TrainAUC: 0.9710  ValAUC: 0.9253  TestAUC: 0.9160  TestAUPR: 0.2795  (patience 10/100)
2026-06-07 03:57:51,307 - INFO - Epoch  150  Loss: 0.5197  TrainAUC: 0.9732  ValAUC: 0.9303  TestAUC: 0.9136  TestAUPR: 0.2623  (patience 5/100)
2026-06-07 03:58:47,966 - INFO - Epoch  200  Loss: 0.2068  TrainAUC: 0.9920  ValAUC: 0.9486  TestAUC: 0.9342  TestAUPR: 0.4448  (patience 19/100)
2026-06-07 03:59:43,994 - INFO - Epoch  250  Loss: 0.1616  TrainAUC: 0.9948  ValAUC: 0.9515  TestAUC: 0.9357  TestAUPR: 0.5036  (patience 22/100)
2026-06-07 04:00:40,622 - INFO - Epoch  300  Loss: 0.1411  TrainAUC: 0.9957  ValAUC: 0.9477  TestAUC: 0.9319  TestAUPR: 0.5027  (patience 37/100)
2026-06-07 04:01:36,470 - INFO - Epoch  350  Loss: 0.1466  TrainAUC: 0.9959  ValAUC: 0.9528  TestAUC: 0.9358  TestAUPR: 0.5433  (patience 32/100)
2026-06-07 04:02:32,087 - INFO - Epoch  400  Loss: 0.1082  TrainAUC: 0.9972  ValAUC: 0.9513  TestAUC: 0.9351  TestAUPR: 0.5700  (patience 82/100)
2026-06-07 04:03:27,144 - INFO - Epoch  450  Loss: 0.1278  TrainAUC: 0.9971  ValAUC: 0.9497  TestAUC: 0.9324  TestAUPR: 0.5823  (patience 23/100)
2026-06-07 04:04:23,963 - INFO - Epoch  500  Loss: 0.1231  TrainAUC: 0.9974  ValAUC: 0.9564  TestAUC: 0.9374  TestAUPR: 0.5908  (patience 73/100)
2026-06-07 04:05:19,392 - INFO - Epoch  550  Loss: 0.1035  TrainAUC: 0.9977  ValAUC: 0.9535  TestAUC: 0.9347  TestAUPR: 0.5658  (patience 123/100)
2026-06-07 04:06:14,966 - INFO - Epoch  600  Loss: 0.0901  TrainAUC: 0.9980  ValAUC: 0.9518  TestAUC: 0.9336  TestAUPR: 0.5975  (patience 173/100)
2026-06-07 04:07:10,977 - INFO - Epoch  650  Loss: 0.0845  TrainAUC: 0.9982  ValAUC: 0.9513  TestAUC: 0.9349  TestAUPR: 0.5903  (patience 223/100)
2026-06-07 04:08:08,189 - INFO - Epoch  700  Loss: 0.0820  TrainAUC: 0.9982  ValAUC: 0.9482  TestAUC: 0.9338  TestAUPR: 0.6026  (patience 273/100)
2026-06-07 04:09:04,229 - INFO - Epoch  750  Loss: 0.0731  TrainAUC: 0.9985  ValAUC: 0.9457  TestAUC: 0.9312  TestAUPR: 0.5991  (patience 323/100)
2026-06-07 04:10:00,402 - INFO - Epoch  800  Loss: 0.0926  TrainAUC: 0.9983  ValAUC: 0.9506  TestAUC: 0.9332  TestAUPR: 0.6029  (patience 373/100)
2026-06-07 04:10:56,270 - INFO - Epoch  850  Loss: 0.0629  TrainAUC: 0.9989  ValAUC: 0.9486  TestAUC: 0.9324  TestAUPR: 0.6119  (patience 423/100)
2026-06-07 04:11:53,186 - INFO - Epoch  900  Loss: 0.0741  TrainAUC: 0.9988  ValAUC: 0.9486  TestAUC: 0.9334  TestAUPR: 0.6140  (patience 473/100)
2026-06-07 04:12:48,931 - INFO - Epoch  950  Loss: 0.0670  TrainAUC: 0.9988  ValAUC: 0.9506  TestAUC: 0.9334  TestAUPR: 0.6249  (patience 523/100)
2026-06-07 04:13:44,725 - INFO - Epoch 1000  Loss: 0.0656  TrainAUC: 0.9988  ValAUC: 0.9474  TestAUC: 0.9329  TestAUPR: 0.6180  (patience 573/100)
2026-06-07 04:14:40,114 - INFO - Epoch 1050  Loss: 0.0704  TrainAUC: 0.9988  ValAUC: 0.9439  TestAUC: 0.9316  TestAUPR: 0.6115  (patience 623/100)
2026-06-07 04:15:36,076 - INFO - Epoch 1100  Loss: 0.0660  TrainAUC: 0.9988  ValAUC: 0.9465  TestAUC: 0.9336  TestAUPR: 0.6186  (patience 673/100)
2026-06-07 04:16:31,656 - INFO - Epoch 1150  Loss: 0.0603  TrainAUC: 0.9990  ValAUC: 0.9472  TestAUC: 0.9324  TestAUPR: 0.6274  (patience 723/100)
2026-06-07 04:17:27,470 - INFO - Epoch 1200  Loss: 0.0543  TrainAUC: 0.9992  ValAUC: 0.9462  TestAUC: 0.9319  TestAUPR: 0.6294  (patience 773/100)
2026-06-07 04:18:23,903 - INFO - Epoch 1250  Loss: 0.0570  TrainAUC: 0.9991  ValAUC: 0.9494  TestAUC: 0.9347  TestAUPR: 0.6327  (patience 823/100)
2026-06-07 04:19:19,504 - INFO - Epoch 1300  Loss: 0.0638  TrainAUC: 0.9990  ValAUC: 0.9464  TestAUC: 0.9314  TestAUPR: 0.6276  (patience 873/100)
2026-06-07 04:20:14,484 - INFO - Epoch 1350  Loss: 0.0547  TrainAUC: 0.9992  ValAUC: 0.9442  TestAUC: 0.9293  TestAUPR: 0.6330  (patience 923/100)
2026-06-07 04:21:11,031 - INFO - Epoch 1400  Loss: 0.0595  TrainAUC: 0.9991  ValAUC: 0.9442  TestAUC: 0.9327  TestAUPR: 0.6280  (patience 973/100)
2026-06-07 04:22:05,950 - INFO - Epoch 1450  Loss: 0.0555  TrainAUC: 0.9991  ValAUC: 0.9480  TestAUC: 0.9318  TestAUPR: 0.6301  (patience 1023/100)
2026-06-07 04:23:01,273 - INFO - Epoch 1500  Loss: 0.0506  TrainAUC: 0.9992  ValAUC: 0.9430  TestAUC: 0.9311  TestAUPR: 0.6283  (patience 1073/100)
2026-06-07 04:23:57,292 - INFO - Epoch 1550  Loss: 0.0550  TrainAUC: 0.9993  ValAUC: 0.9422  TestAUC: 0.9314  TestAUPR: 0.6307  (patience 1123/100)
2026-06-07 04:24:53,690 - INFO - Epoch 1600  Loss: 0.0615  TrainAUC: 0.9990  ValAUC: 0.9471  TestAUC: 0.9318  TestAUPR: 0.6336  (patience 1173/100)
2026-06-07 04:25:49,018 - INFO - Epoch 1650  Loss: 0.0534  TrainAUC: 0.9993  ValAUC: 0.9433  TestAUC: 0.9315  TestAUPR: 0.6340  (patience 1223/100)
2026-06-07 04:26:44,947 - INFO - Epoch 1700  Loss: 0.0465  TrainAUC: 0.9994  ValAUC: 0.9456  TestAUC: 0.9307  TestAUPR: 0.6355  (patience 1273/100)
2026-06-07 04:27:40,493 - INFO - Epoch 1750  Loss: 0.0489  TrainAUC: 0.9994  ValAUC: 0.9421  TestAUC: 0.9305  TestAUPR: 0.6377  (patience 1323/100)
2026-06-07 04:28:36,531 - INFO - Epoch 1800  Loss: 0.0527  TrainAUC: 0.9993  ValAUC: 0.9454  TestAUC: 0.9295  TestAUPR: 0.6358  (patience 1373/100)
2026-06-07 04:29:34,409 - INFO - Epoch 1850  Loss: 0.0440  TrainAUC: 0.9994  ValAUC: 0.9435  TestAUC: 0.9291  TestAUPR: 0.6344  (patience 1423/100)
2026-06-07 04:30:26,779 - INFO - Epoch 1900  Loss: 0.0483  TrainAUC: 0.9993  ValAUC: 0.9422  TestAUC: 0.9295  TestAUPR: 0.6348  (patience 1473/100)
2026-06-07 04:31:11,542 - INFO - Epoch 1950  Loss: 0.0493  TrainAUC: 0.9994  ValAUC: 0.9420  TestAUC: 0.9290  TestAUPR: 0.6468  (patience 1523/100)
2026-06-07 04:31:54,688 - INFO - Epoch 2000  Loss: 0.0447  TrainAUC: 0.9994  ValAUC: 0.9427  TestAUC: 0.9304  TestAUPR: 0.6456  (patience 1573/100)
2026-06-07 04:32:38,015 - INFO - Epoch 2050  Loss: 0.0420  TrainAUC: 0.9994  ValAUC: 0.9460  TestAUC: 0.9327  TestAUPR: 0.6360  (patience 1623/100)
2026-06-07 04:33:20,956 - INFO - Epoch 2100  Loss: 0.0431  TrainAUC: 0.9994  ValAUC: 0.9380  TestAUC: 0.9280  TestAUPR: 0.6303  (patience 1673/100)
2026-06-07 04:34:04,083 - INFO - Epoch 2150  Loss: 0.0454  TrainAUC: 0.9994  ValAUC: 0.9389  TestAUC: 0.9282  TestAUPR: 0.6363  (patience 1723/100)
2026-06-07 04:34:46,734 - INFO - Epoch 2200  Loss: 0.0446  TrainAUC: 0.9995  ValAUC: 0.9409  TestAUC: 0.9306  TestAUPR: 0.6377  (patience 1773/100)
2026-06-07 04:35:29,361 - INFO - Epoch 2250  Loss: 0.0505  TrainAUC: 0.9994  ValAUC: 0.9444  TestAUC: 0.9307  TestAUPR: 0.6401  (patience 1823/100)
2026-06-07 04:36:12,290 - INFO - Epoch 2300  Loss: 0.0428  TrainAUC: 0.9995  ValAUC: 0.9391  TestAUC: 0.9277  TestAUPR: 0.6514  (patience 1873/100)
2026-06-07 04:36:55,137 - INFO - Epoch 2350  Loss: 0.0422  TrainAUC: 0.9995  ValAUC: 0.9420  TestAUC: 0.9298  TestAUPR: 0.6455  (patience 1923/100)
2026-06-07 04:37:37,879 - INFO - Epoch 2400  Loss: 0.0423  TrainAUC: 0.9995  ValAUC: 0.9399  TestAUC: 0.9277  TestAUPR: 0.6402  (patience 1973/100)
2026-06-07 04:38:21,527 - INFO - Epoch 2450  Loss: 0.0512  TrainAUC: 0.9994  ValAUC: 0.9401  TestAUC: 0.9265  TestAUPR: 0.6396  (patience 2023/100)
2026-06-07 04:39:04,427 - INFO - Epoch 2500  Loss: 0.0434  TrainAUC: 0.9995  ValAUC: 0.9393  TestAUC: 0.9287  TestAUPR: 0.6424  (patience 2073/100)
2026-06-07 04:39:47,343 - INFO - Epoch 2550  Loss: 0.0425  TrainAUC: 0.9995  ValAUC: 0.9397  TestAUC: 0.9290  TestAUPR: 0.6513  (patience 2123/100)
2026-06-07 04:40:30,236 - INFO - Epoch 2600  Loss: 0.0447  TrainAUC: 0.9996  ValAUC: 0.9376  TestAUC: 0.9288  TestAUPR: 0.6421  (patience 2173/100)
2026-06-07 04:41:13,200 - INFO - Epoch 2650  Loss: 0.0410  TrainAUC: 0.9995  ValAUC: 0.9382  TestAUC: 0.9276  TestAUPR: 0.6486  (patience 2223/100)
2026-06-07 04:41:55,874 - INFO - Epoch 2700  Loss: 0.0407  TrainAUC: 0.9996  ValAUC: 0.9421  TestAUC: 0.9296  TestAUPR: 0.6514  (patience 2273/100)
2026-06-07 04:42:38,898 - INFO - Epoch 2750  Loss: 0.0417  TrainAUC: 0.9995  ValAUC: 0.9408  TestAUC: 0.9280  TestAUPR: 0.6478  (patience 2323/100)
2026-06-07 04:43:21,398 - INFO - Epoch 2800  Loss: 0.0386  TrainAUC: 0.9996  ValAUC: 0.9339  TestAUC: 0.9257  TestAUPR: 0.6426  (patience 2373/100)
2026-06-07 04:44:04,337 - INFO - Epoch 2850  Loss: 0.0434  TrainAUC: 0.9996  ValAUC: 0.9367  TestAUC: 0.9286  TestAUPR: 0.6499  (patience 2423/100)
2026-06-07 04:44:47,352 - INFO - Epoch 2900  Loss: 0.0398  TrainAUC: 0.9996  ValAUC: 0.9409  TestAUC: 0.9306  TestAUPR: 0.6450  (patience 2473/100)
2026-06-07 04:45:30,260 - INFO - Epoch 2950  Loss: 0.0385  TrainAUC: 0.9996  ValAUC: 0.9384  TestAUC: 0.9293  TestAUPR: 0.6464  (patience 2523/100)
2026-06-07 04:46:13,874 - INFO - Epoch 3000  Loss: 0.0389  TrainAUC: 0.9996  ValAUC: 0.9386  TestAUC: 0.9282  TestAUPR: 0.6507  (patience 2573/100)
2026-06-07 04:46:56,986 - INFO - Epoch 3050  Loss: 0.0373  TrainAUC: 0.9996  ValAUC: 0.9364  TestAUC: 0.9311  TestAUPR: 0.6374  (patience 2623/100)
2026-06-07 04:47:39,552 - INFO - Epoch 3100  Loss: 0.0401  TrainAUC: 0.9996  ValAUC: 0.9336  TestAUC: 0.9267  TestAUPR: 0.6500  (patience 2673/100)
2026-06-07 04:48:22,056 - INFO - Epoch 3150  Loss: 0.0381  TrainAUC: 0.9996  ValAUC: 0.9349  TestAUC: 0.9286  TestAUPR: 0.6492  (patience 2723/100)
2026-06-07 04:49:05,492 - INFO - Epoch 3200  Loss: 0.0444  TrainAUC: 0.9996  ValAUC: 0.9389  TestAUC: 0.9298  TestAUPR: 0.6401  (patience 2773/100)
2026-06-07 04:49:48,025 - INFO - Epoch 3250  Loss: 0.0343  TrainAUC: 0.9996  ValAUC: 0.9371  TestAUC: 0.9303  TestAUPR: 0.6479  (patience 2823/100)
2026-06-07 04:50:31,054 - INFO - Epoch 3300  Loss: 0.0295  TrainAUC: 0.9997  ValAUC: 0.9369  TestAUC: 0.9273  TestAUPR: 0.6524  (patience 2873/100)
2026-06-07 04:51:14,084 - INFO - Epoch 3350  Loss: 0.0344  TrainAUC: 0.9996  ValAUC: 0.9389  TestAUC: 0.9279  TestAUPR: 0.6478  (patience 2923/100)
2026-06-07 04:51:56,800 - INFO - Epoch 3400  Loss: 0.0364  TrainAUC: 0.9997  ValAUC: 0.9374  TestAUC: 0.9291  TestAUPR: 0.6482  (patience 2973/100)
2026-06-07 04:52:39,346 - INFO - Epoch 3450  Loss: 0.0356  TrainAUC: 0.9996  ValAUC: 0.9428  TestAUC: 0.9263  TestAUPR: 0.6488  (patience 3023/100)
2026-06-07 04:53:22,196 - INFO - Epoch 3500  Loss: 0.0326  TrainAUC: 0.9997  ValAUC: 0.9323  TestAUC: 0.9242  TestAUPR: 0.6438  (patience 3073/100)
2026-06-07 04:54:04,930 - INFO - Epoch 3550  Loss: 0.0374  TrainAUC: 0.9996  ValAUC: 0.9372  TestAUC: 0.9270  TestAUPR: 0.6399  (patience 3123/100)
2026-06-07 04:54:47,824 - INFO - Epoch 3600  Loss: 0.0279  TrainAUC: 0.9998  ValAUC: 0.9363  TestAUC: 0.9268  TestAUPR: 0.6445  (patience 3173/100)
2026-06-07 04:55:30,105 - INFO - Epoch 3650  Loss: 0.0404  TrainAUC: 0.9996  ValAUC: 0.9352  TestAUC: 0.9254  TestAUPR: 0.6536  (patience 3223/100)
2026-06-07 04:56:12,860 - INFO - Epoch 3700  Loss: 0.0355  TrainAUC: 0.9997  ValAUC: 0.9357  TestAUC: 0.9256  TestAUPR: 0.6503  (patience 3273/100)
2026-06-07 04:56:55,286 - INFO - Epoch 3750  Loss: 0.0306  TrainAUC: 0.9997  ValAUC: 0.9350  TestAUC: 0.9292  TestAUPR: 0.6492  (patience 3323/100)
2026-06-07 04:57:37,629 - INFO - Epoch 3800  Loss: 0.0331  TrainAUC: 0.9997  ValAUC: 0.9378  TestAUC: 0.9283  TestAUPR: 0.6538  (patience 3373/100)
2026-06-07 04:58:20,319 - INFO - Epoch 3850  Loss: 0.0334  TrainAUC: 0.9997  ValAUC: 0.9365  TestAUC: 0.9260  TestAUPR: 0.6484  (patience 3423/100)
2026-06-07 04:59:02,726 - INFO - Epoch 3900  Loss: 0.0289  TrainAUC: 0.9997  ValAUC: 0.9362  TestAUC: 0.9273  TestAUPR: 0.6518  (patience 3473/100)
2026-06-07 04:59:45,125 - INFO - Epoch 3950  Loss: 0.0303  TrainAUC: 0.9997  ValAUC: 0.9357  TestAUC: 0.9246  TestAUPR: 0.6478  (patience 3523/100)
2026-06-07 05:00:27,645 - INFO - Epoch 4000  Loss: 0.0294  TrainAUC: 0.9998  ValAUC: 0.9332  TestAUC: 0.9251  TestAUPR: 0.6421  (patience 3573/100)
2026-06-07 05:01:10,492 - INFO - Epoch 4050  Loss: 0.0342  TrainAUC: 0.9997  ValAUC: 0.9351  TestAUC: 0.9261  TestAUPR: 0.6411  (patience 3623/100)
2026-06-07 05:01:53,246 - INFO - Epoch 4100  Loss: 0.0305  TrainAUC: 0.9997  ValAUC: 0.9331  TestAUC: 0.9282  TestAUPR: 0.6507  (patience 3673/100)
2026-06-07 05:02:35,785 - INFO - Epoch 4150  Loss: 0.0372  TrainAUC: 0.9997  ValAUC: 0.9369  TestAUC: 0.9277  TestAUPR: 0.6551  (patience 3723/100)
2026-06-07 05:03:17,952 - INFO - Epoch 4200  Loss: 0.0284  TrainAUC: 0.9998  ValAUC: 0.9311  TestAUC: 0.9233  TestAUPR: 0.6540  (patience 3773/100)
2026-06-07 05:04:00,365 - INFO - Epoch 4250  Loss: 0.0369  TrainAUC: 0.9997  ValAUC: 0.9392  TestAUC: 0.9272  TestAUPR: 0.6568  (patience 3823/100)
2026-06-07 05:04:46,240 - INFO - Epoch 4300  Loss: 0.0322  TrainAUC: 0.9997  ValAUC: 0.9380  TestAUC: 0.9274  TestAUPR: 0.6407  (patience 3873/100)
2026-06-07 05:05:30,936 - INFO - Epoch 4350  Loss: 0.0299  TrainAUC: 0.9998  ValAUC: 0.9356  TestAUC: 0.9276  TestAUPR: 0.6456  (patience 3923/100)
2026-06-07 05:06:18,375 - INFO - Epoch 4400  Loss: 0.0371  TrainAUC: 0.9997  ValAUC: 0.9360  TestAUC: 0.9268  TestAUPR: 0.6562  (patience 3973/100)
2026-06-07 05:07:04,523 - INFO - Epoch 4450  Loss: 0.0306  TrainAUC: 0.9997  ValAUC: 0.9414  TestAUC: 0.9297  TestAUPR: 0.6519  (patience 4023/100)
2026-06-07 05:07:49,655 - INFO - Epoch 4500  Loss: 0.0361  TrainAUC: 0.9997  ValAUC: 0.9368  TestAUC: 0.9251  TestAUPR: 0.6542  (patience 4073/100)
2026-06-07 05:08:35,493 - INFO - Epoch 4550  Loss: 0.0266  TrainAUC: 0.9998  ValAUC: 0.9384  TestAUC: 0.9267  TestAUPR: 0.6499  (patience 4123/100)
2026-06-07 05:09:20,880 - INFO - Epoch 4600  Loss: 0.0366  TrainAUC: 0.9997  ValAUC: 0.9431  TestAUC: 0.9252  TestAUPR: 0.6454  (patience 4173/100)
2026-06-07 05:10:06,839 - INFO - Epoch 4650  Loss: 0.0328  TrainAUC: 0.9997  ValAUC: 0.9358  TestAUC: 0.9264  TestAUPR: 0.6457  (patience 4223/100)
2026-06-07 05:10:54,617 - INFO - Epoch 4700  Loss: 0.0314  TrainAUC: 0.9997  ValAUC: 0.9328  TestAUC: 0.9273  TestAUPR: 0.6386  (patience 4273/100)
2026-06-07 05:11:39,656 - INFO - Epoch 4750  Loss: 0.0309  TrainAUC: 0.9997  ValAUC: 0.9297  TestAUC: 0.9263  TestAUPR: 0.6355  (patience 4323/100)
2026-06-07 05:12:25,280 - INFO - Epoch 4800  Loss: 0.0303  TrainAUC: 0.9998  ValAUC: 0.9379  TestAUC: 0.9272  TestAUPR: 0.6429  (patience 4373/100)
2026-06-07 05:13:08,772 - INFO - Epoch 4850  Loss: 0.0262  TrainAUC: 0.9998  ValAUC: 0.9355  TestAUC: 0.9270  TestAUPR: 0.6467  (patience 4423/100)
2026-06-07 05:13:52,560 - INFO - Epoch 4900  Loss: 0.0335  TrainAUC: 0.9997  ValAUC: 0.9333  TestAUC: 0.9254  TestAUPR: 0.6441  (patience 4473/100)
2026-06-07 05:14:36,504 - INFO - Epoch 4950  Loss: 0.0232  TrainAUC: 0.9998  ValAUC: 0.9370  TestAUC: 0.9275  TestAUPR: 0.6453  (patience 4523/100)
2026-06-07 05:15:19,915 - INFO - Epoch 5000  Loss: 0.0272  TrainAUC: 0.9998  ValAUC: 0.9353  TestAUC: 0.9253  TestAUPR: 0.6475  (patience 4573/100)
2026-06-07 05:15:21,818 - INFO - Fold 5 FINAL  AUC: 0.9354  AUPR: 0.5549
2026-06-07 05:16:22,147 - INFO - 
============================================================
2026-06-07 05:16:22,164 - INFO - OVERALL  AUC: 0.9218  AUPR: 0.4498  Acc: 0.9909  F1: 0.4795  Prec: 0.5114  Recall: 0.4514
2026-06-07 05:16:22,164 - INFO - ============================================================
2026-06-07 05:16:24,708 - INFO - 
Done.  Results saved to: ../result\GAT\Cdataset_graph_ae_BERT_5000_0.4_128\0
