
2026-06-07 23:49:34,455 - INFO - Namespace(device_id=None, dataset='Cdataset', BERT_emb=True, LLM_emb=False, saved_path='../result\\GCN\\Cdataset_graph_ae_BERT_5000_0.4_128\\0', seed=0, nfold=5, epoch=5000, learning_rate=0.01, weight_decay=0.0, patience=100, feature_type='BERT', concatenate_type='graph_ae', hidden_feats=128, dropout=0.4, drug_in_feats=1024, disease_in_feats=768, exp_name='GCN', dr_fingerprint=False, dis_prot_assoc=True)
2026-06-07 23:49:34,456 - INFO - Training on cpu
2026-06-07 23:49:35,051 - INFO - 5-Fold CV: Fold 1
2026-06-07 23:49:35,591 - INFO - Graph(num_nodes={'disease': 409, 'drug': 663},
      num_edges={('disease', 'di_di', 'disease'): 6507, ('disease', 'di_dr', 'drug'): 2025, ('drug', 'dr_di', 'disease'): 2025, ('drug', 'dr_dr', 'drug'): 10582},
      metagraph=[('disease', 'disease', 'di_di'), ('disease', 'drug', 'di_dr'), ('drug', 'disease', 'dr_di'), ('drug', 'drug', 'dr_dr')])
2026-06-07 23:49:35,668 - INFO - Train: 216933 samples (2025 pos, 214908 neg) | Test: 54234 samples (507 pos, 53727 neg)
2026-06-07 23:49:48,978 - INFO - Loss pos weight: 106.127
2026-06-07 23:50:20,453 - INFO - Epoch   50 | Loss: 0.6952 | Train AUC: 0.9287 | Test AUC: 0.8394 | Test AUPR: 0.0527
2026-06-07 23:50:49,440 - INFO - Epoch  100 | Loss: 0.5154 | Train AUC: 0.9574 | Test AUC: 0.8565 | Test AUPR: 0.0784
2026-06-07 23:51:17,050 - INFO - Epoch  150 | Loss: 0.4093 | Train AUC: 0.9718 | Test AUC: 0.8624 | Test AUPR: 0.0879
2026-06-07 23:51:46,197 - INFO - Epoch  200 | Loss: 0.3406 | Train AUC: 0.9796 | Test AUC: 0.8699 | Test AUPR: 0.1048
2026-06-07 23:52:10,257 - INFO - Epoch  250 | Loss: 0.3055 | Train AUC: 0.9830 | Test AUC: 0.8829 | Test AUPR: 0.1284
2026-06-07 23:52:38,987 - INFO - Epoch  300 | Loss: 0.2790 | Train AUC: 0.9851 | Test AUC: 0.8896 | Test AUPR: 0.1662
2026-06-07 23:53:04,563 - INFO - Epoch  350 | Loss: 0.2515 | Train AUC: 0.9879 | Test AUC: 0.8898 | Test AUPR: 0.1888
2026-06-07 23:53:27,620 - INFO - Epoch  400 | Loss: 0.2298 | Train AUC: 0.9894 | Test AUC: 0.9040 | Test AUPR: 0.2528
2026-06-07 23:53:51,221 - INFO - Epoch  450 | Loss: 0.2110 | Train AUC: 0.9907 | Test AUC: 0.9037 | Test AUPR: 0.3034
2026-06-07 23:54:14,258 - INFO - Epoch  500 | Loss: 0.1955 | Train AUC: 0.9922 | Test AUC: 0.9054 | Test AUPR: 0.3040
2026-06-07 23:54:37,327 - INFO - Epoch  550 | Loss: 0.1886 | Train AUC: 0.9925 | Test AUC: 0.9058 | Test AUPR: 0.3126
2026-06-07 23:55:00,393 - INFO - Epoch  600 | Loss: 0.1784 | Train AUC: 0.9931 | Test AUC: 0.9058 | Test AUPR: 0.3421
2026-06-07 23:55:30,396 - INFO - Epoch  650 | Loss: 0.1861 | Train AUC: 0.9928 | Test AUC: 0.9095 | Test AUPR: 0.3550
2026-06-07 23:56:04,200 - INFO - Epoch  700 | Loss: 0.1544 | Train AUC: 0.9945 | Test AUC: 0.9075 | Test AUPR: 0.3186
2026-06-07 23:56:37,541 - INFO - Epoch  750 | Loss: 0.1467 | Train AUC: 0.9951 | Test AUC: 0.9064 | Test AUPR: 0.3576
2026-06-07 23:57:12,693 - INFO - Epoch  800 | Loss: 0.1490 | Train AUC: 0.9951 | Test AUC: 0.9039 | Test AUPR: 0.3666
2026-06-07 23:57:46,145 - INFO - Epoch  850 | Loss: 0.1413 | Train AUC: 0.9954 | Test AUC: 0.9085 | Test AUPR: 0.3791
2026-06-07 23:58:19,700 - INFO - Epoch  900 | Loss: 0.1395 | Train AUC: 0.9955 | Test AUC: 0.9062 | Test AUPR: 0.4178
2026-06-07 23:58:52,919 - INFO - Epoch  950 | Loss: 0.1346 | Train AUC: 0.9957 | Test AUC: 0.9049 | Test AUPR: 0.4133
2026-06-07 23:59:25,585 - INFO - Epoch 1000 | Loss: 0.1331 | Train AUC: 0.9960 | Test AUC: 0.9073 | Test AUPR: 0.4451
2026-06-07 23:59:58,341 - INFO - Epoch 1050 | Loss: 0.1170 | Train AUC: 0.9964 | Test AUC: 0.9033 | Test AUPR: 0.4166
2026-06-08 00:00:31,484 - INFO - Epoch 1100 | Loss: 0.1207 | Train AUC: 0.9964 | Test AUC: 0.9035 | Test AUPR: 0.4395
2026-06-08 00:01:04,507 - INFO - Epoch 1150 | Loss: 0.1233 | Train AUC: 0.9964 | Test AUC: 0.9102 | Test AUPR: 0.4665
2026-06-08 00:01:37,284 - INFO - Epoch 1200 | Loss: 0.1141 | Train AUC: 0.9967 | Test AUC: 0.9080 | Test AUPR: 0.4771
2026-06-08 00:02:10,442 - INFO - Epoch 1250 | Loss: 0.1162 | Train AUC: 0.9967 | Test AUC: 0.9061 | Test AUPR: 0.4659
2026-06-08 00:02:43,780 - INFO - Epoch 1300 | Loss: 0.1195 | Train AUC: 0.9964 | Test AUC: 0.9033 | Test AUPR: 0.4476
2026-06-08 00:03:16,927 - INFO - Epoch 1350 | Loss: 0.1094 | Train AUC: 0.9969 | Test AUC: 0.9101 | Test AUPR: 0.5036
2026-06-08 00:03:58,024 - INFO - Epoch 1400 | Loss: 0.1060 | Train AUC: 0.9972 | Test AUC: 0.9061 | Test AUPR: 0.4765
2026-06-08 00:04:36,052 - INFO - Epoch 1450 | Loss: 0.1082 | Train AUC: 0.9969 | Test AUC: 0.9046 | Test AUPR: 0.4869
2026-06-08 00:05:12,872 - INFO - Epoch 1500 | Loss: 0.1048 | Train AUC: 0.9972 | Test AUC: 0.9104 | Test AUPR: 0.4323
2026-06-08 00:05:50,706 - INFO - Epoch 1550 | Loss: 0.1066 | Train AUC: 0.9970 | Test AUC: 0.9068 | Test AUPR: 0.4861
2026-06-08 00:06:29,714 - INFO - Epoch 1600 | Loss: 0.1066 | Train AUC: 0.9974 | Test AUC: 0.9055 | Test AUPR: 0.5177
2026-06-08 00:07:06,033 - INFO - Epoch 1650 | Loss: 0.1029 | Train AUC: 0.9974 | Test AUC: 0.9038 | Test AUPR: 0.4873
2026-06-08 00:07:44,204 - INFO - Epoch 1700 | Loss: 0.1046 | Train AUC: 0.9972 | Test AUC: 0.9029 | Test AUPR: 0.4839
2026-06-08 00:08:19,759 - INFO - Epoch 1750 | Loss: 0.0881 | Train AUC: 0.9978 | Test AUC: 0.9034 | Test AUPR: 0.4843
2026-06-08 00:08:55,186 - INFO - Epoch 1800 | Loss: 0.0897 | Train AUC: 0.9977 | Test AUC: 0.9040 | Test AUPR: 0.4746
2026-06-08 00:09:31,800 - INFO - Epoch 1850 | Loss: 0.0943 | Train AUC: 0.9975 | Test AUC: 0.9005 | Test AUPR: 0.4832
2026-06-08 00:10:08,962 - INFO - Epoch 1900 | Loss: 0.0950 | Train AUC: 0.9977 | Test AUC: 0.9040 | Test AUPR: 0.5332
2026-06-08 00:10:48,133 - INFO - Epoch 1950 | Loss: 0.0911 | Train AUC: 0.9977 | Test AUC: 0.8961 | Test AUPR: 0.5151
2026-06-08 00:11:27,620 - INFO - Epoch 2000 | Loss: 0.0820 | Train AUC: 0.9981 | Test AUC: 0.8993 | Test AUPR: 0.5390
2026-06-08 00:12:05,484 - INFO - Epoch 2050 | Loss: 0.0844 | Train AUC: 0.9979 | Test AUC: 0.8975 | Test AUPR: 0.4866
2026-06-08 00:12:39,386 - INFO - Epoch 2100 | Loss: 0.0878 | Train AUC: 0.9981 | Test AUC: 0.8974 | Test AUPR: 0.5365
2026-06-08 00:13:12,491 - INFO - Epoch 2150 | Loss: 0.0839 | Train AUC: 0.9981 | Test AUC: 0.9016 | Test AUPR: 0.5437
2026-06-08 00:13:49,342 - INFO - Epoch 2200 | Loss: 0.0801 | Train AUC: 0.9981 | Test AUC: 0.9005 | Test AUPR: 0.5254
2026-06-08 00:14:24,725 - INFO - Epoch 2250 | Loss: 0.0828 | Train AUC: 0.9981 | Test AUC: 0.8978 | Test AUPR: 0.5173
2026-06-08 00:14:56,946 - INFO - Epoch 2300 | Loss: 0.0801 | Train AUC: 0.9983 | Test AUC: 0.9006 | Test AUPR: 0.5339
2026-06-08 00:15:30,367 - INFO - Epoch 2350 | Loss: 0.0814 | Train AUC: 0.9981 | Test AUC: 0.8939 | Test AUPR: 0.5003
2026-06-08 00:16:04,402 - INFO - Epoch 2400 | Loss: 0.0857 | Train AUC: 0.9981 | Test AUC: 0.8956 | Test AUPR: 0.5635
2026-06-08 00:16:35,930 - INFO - Epoch 2450 | Loss: 0.0753 | Train AUC: 0.9983 | Test AUC: 0.8971 | Test AUPR: 0.5537
2026-06-08 00:17:08,875 - INFO - Epoch 2500 | Loss: 0.0811 | Train AUC: 0.9983 | Test AUC: 0.9007 | Test AUPR: 0.5470
2026-06-08 00:17:41,719 - INFO - Epoch 2550 | Loss: 0.0733 | Train AUC: 0.9984 | Test AUC: 0.8940 | Test AUPR: 0.5118
2026-06-08 00:18:16,850 - INFO - Epoch 2600 | Loss: 0.0739 | Train AUC: 0.9984 | Test AUC: 0.8953 | Test AUPR: 0.5523
2026-06-08 00:18:56,995 - INFO - Epoch 2650 | Loss: 0.0754 | Train AUC: 0.9983 | Test AUC: 0.8962 | Test AUPR: 0.5458
2026-06-08 00:19:35,315 - INFO - Epoch 2700 | Loss: 0.0690 | Train AUC: 0.9985 | Test AUC: 0.8952 | Test AUPR: 0.5562
2026-06-08 00:20:12,819 - INFO - Epoch 2750 | Loss: 0.0714 | Train AUC: 0.9985 | Test AUC: 0.8957 | Test AUPR: 0.5369
2026-06-08 00:20:50,331 - INFO - Epoch 2800 | Loss: 0.0676 | Train AUC: 0.9986 | Test AUC: 0.9004 | Test AUPR: 0.5333
2026-06-08 00:21:45,458 - INFO - Epoch 2850 | Loss: 0.0735 | Train AUC: 0.9984 | Test AUC: 0.8984 | Test AUPR: 0.5335
2026-06-08 00:22:31,624 - INFO - Epoch 2900 | Loss: 0.0690 | Train AUC: 0.9985 | Test AUC: 0.8999 | Test AUPR: 0.5208
2026-06-08 00:23:10,283 - INFO - Epoch 2950 | Loss: 0.0731 | Train AUC: 0.9984 | Test AUC: 0.8972 | Test AUPR: 0.5573
2026-06-08 00:23:47,931 - INFO - Epoch 3000 | Loss: 0.0703 | Train AUC: 0.9985 | Test AUC: 0.8999 | Test AUPR: 0.5597
2026-06-08 00:24:27,662 - INFO - Epoch 3050 | Loss: 0.0643 | Train AUC: 0.9987 | Test AUC: 0.8953 | Test AUPR: 0.5378
2026-06-08 00:25:03,744 - INFO - Epoch 3100 | Loss: 0.0665 | Train AUC: 0.9986 | Test AUC: 0.8971 | Test AUPR: 0.5597
2026-06-08 00:25:39,348 - INFO - Epoch 3150 | Loss: 0.0671 | Train AUC: 0.9987 | Test AUC: 0.8949 | Test AUPR: 0.5607
2026-06-08 00:26:14,609 - INFO - Epoch 3200 | Loss: 0.0689 | Train AUC: 0.9986 | Test AUC: 0.8992 | Test AUPR: 0.5624
2026-06-08 00:26:49,176 - INFO - Epoch 3250 | Loss: 0.0694 | Train AUC: 0.9986 | Test AUC: 0.8867 | Test AUPR: 0.5073
2026-06-08 00:27:24,400 - INFO - Epoch 3300 | Loss: 0.0644 | Train AUC: 0.9987 | Test AUC: 0.8923 | Test AUPR: 0.5421
2026-06-08 00:27:57,571 - INFO - Epoch 3350 | Loss: 0.0678 | Train AUC: 0.9987 | Test AUC: 0.8895 | Test AUPR: 0.5472
2026-06-08 00:28:36,168 - INFO - Epoch 3400 | Loss: 0.0673 | Train AUC: 0.9987 | Test AUC: 0.8922 | Test AUPR: 0.5562
2026-06-08 00:29:12,302 - INFO - Epoch 3450 | Loss: 0.0653 | Train AUC: 0.9987 | Test AUC: 0.8968 | Test AUPR: 0.5868
2026-06-08 00:29:55,217 - INFO - Epoch 3500 | Loss: 0.0611 | Train AUC: 0.9988 | Test AUC: 0.8921 | Test AUPR: 0.5466
2026-06-08 00:30:29,666 - INFO - Epoch 3550 | Loss: 0.0608 | Train AUC: 0.9988 | Test AUC: 0.8906 | Test AUPR: 0.5382
2026-06-08 00:31:04,164 - INFO - Epoch 3600 | Loss: 0.0607 | Train AUC: 0.9988 | Test AUC: 0.8912 | Test AUPR: 0.5617
2026-06-08 00:31:38,861 - INFO - Epoch 3650 | Loss: 0.0566 | Train AUC: 0.9989 | Test AUC: 0.8932 | Test AUPR: 0.5349
2026-06-08 00:32:13,674 - INFO - Epoch 3700 | Loss: 0.0622 | Train AUC: 0.9988 | Test AUC: 0.8922 | Test AUPR: 0.5479
2026-06-08 00:32:45,753 - INFO - Epoch 3750 | Loss: 0.0610 | Train AUC: 0.9989 | Test AUC: 0.8881 | Test AUPR: 0.5530
2026-06-08 00:33:17,657 - INFO - Epoch 3800 | Loss: 0.0612 | Train AUC: 0.9988 | Test AUC: 0.8900 | Test AUPR: 0.5434
2026-06-08 00:33:50,429 - INFO - Epoch 3850 | Loss: 0.0606 | Train AUC: 0.9989 | Test AUC: 0.8942 | Test AUPR: 0.5671
2026-06-08 00:34:23,538 - INFO - Epoch 3900 | Loss: 0.0573 | Train AUC: 0.9989 | Test AUC: 0.8912 | Test AUPR: 0.5679
2026-06-08 00:35:01,414 - INFO - Epoch 3950 | Loss: 0.0586 | Train AUC: 0.9989 | Test AUC: 0.8929 | Test AUPR: 0.5569
2026-06-08 00:35:40,962 - INFO - Epoch 4000 | Loss: 0.0612 | Train AUC: 0.9989 | Test AUC: 0.8835 | Test AUPR: 0.5581
2026-06-08 00:36:14,648 - INFO - Epoch 4050 | Loss: 0.0541 | Train AUC: 0.9990 | Test AUC: 0.8919 | Test AUPR: 0.5716
2026-06-08 00:36:51,262 - INFO - Epoch 4100 | Loss: 0.0544 | Train AUC: 0.9989 | Test AUC: 0.8866 | Test AUPR: 0.5489
2026-06-08 00:37:26,447 - INFO - Epoch 4150 | Loss: 0.0553 | Train AUC: 0.9989 | Test AUC: 0.8899 | Test AUPR: 0.5665
2026-06-08 00:38:03,190 - INFO - Epoch 4200 | Loss: 0.0615 | Train AUC: 0.9988 | Test AUC: 0.8897 | Test AUPR: 0.5721
2026-06-08 00:38:46,764 - INFO - Epoch 4250 | Loss: 0.0523 | Train AUC: 0.9991 | Test AUC: 0.8955 | Test AUPR: 0.5760
2026-06-08 00:39:19,526 - INFO - Epoch 4300 | Loss: 0.0553 | Train AUC: 0.9990 | Test AUC: 0.8884 | Test AUPR: 0.5805
2026-06-08 00:39:46,623 - INFO - Epoch 4350 | Loss: 0.0540 | Train AUC: 0.9990 | Test AUC: 0.8954 | Test AUPR: 0.5555
2026-06-08 00:40:09,416 - INFO - Epoch 4400 | Loss: 0.0516 | Train AUC: 0.9991 | Test AUC: 0.8954 | Test AUPR: 0.5700
2026-06-08 00:40:42,678 - INFO - Epoch 4450 | Loss: 0.0581 | Train AUC: 0.9989 | Test AUC: 0.8915 | Test AUPR: 0.5569
2026-06-08 00:41:14,169 - INFO - Epoch 4500 | Loss: 0.0506 | Train AUC: 0.9990 | Test AUC: 0.8927 | Test AUPR: 0.5616
2026-06-08 00:41:39,243 - INFO - Epoch 4550 | Loss: 0.0511 | Train AUC: 0.9991 | Test AUC: 0.8981 | Test AUPR: 0.5761
2026-06-08 00:42:02,548 - INFO - Epoch 4600 | Loss: 0.0492 | Train AUC: 0.9991 | Test AUC: 0.8842 | Test AUPR: 0.5515
2026-06-08 00:42:26,167 - INFO - Epoch 4650 | Loss: 0.0487 | Train AUC: 0.9991 | Test AUC: 0.8842 | Test AUPR: 0.5300
2026-06-08 00:42:49,643 - INFO - Epoch 4700 | Loss: 0.0555 | Train AUC: 0.9990 | Test AUC: 0.8859 | Test AUPR: 0.5486
2026-06-08 00:43:12,986 - INFO - Epoch 4750 | Loss: 0.0502 | Train AUC: 0.9991 | Test AUC: 0.8879 | Test AUPR: 0.5724
2026-06-08 00:43:36,225 - INFO - Epoch 4800 | Loss: 0.0491 | Train AUC: 0.9991 | Test AUC: 0.8878 | Test AUPR: 0.5584
2026-06-08 00:43:59,918 - INFO - Epoch 4850 | Loss: 0.0475 | Train AUC: 0.9992 | Test AUC: 0.8849 | Test AUPR: 0.5460
2026-06-08 00:44:22,684 - INFO - Epoch 4900 | Loss: 0.0449 | Train AUC: 0.9993 | Test AUC: 0.8930 | Test AUPR: 0.5541
2026-06-08 00:44:46,973 - INFO - Epoch 4950 | Loss: 0.0516 | Train AUC: 0.9990 | Test AUC: 0.8906 | Test AUPR: 0.5650
2026-06-08 00:45:10,390 - INFO - Epoch 5000 | Loss: 0.0445 | Train AUC: 0.9993 | Test AUC: 0.8893 | Test AUPR: 0.5759
2026-06-08 00:45:10,553 - INFO - 5-Fold CV: Fold 2
2026-06-08 00:45:11,285 - INFO - Graph(num_nodes={'disease': 409, 'drug': 663},
      num_edges={('disease', 'di_di', 'disease'): 6507, ('disease', 'di_dr', 'drug'): 2025, ('drug', 'dr_di', 'disease'): 2025, ('drug', 'dr_dr', 'drug'): 10582},
      metagraph=[('disease', 'disease', 'di_di'), ('disease', 'drug', 'di_dr'), ('drug', 'disease', 'dr_di'), ('drug', 'drug', 'dr_dr')])
2026-06-08 00:45:11,363 - INFO - Train: 216933 samples (2025 pos, 214908 neg) | Test: 54234 samples (507 pos, 53727 neg)
2026-06-08 00:45:11,408 - INFO - Loss pos weight: 106.127
2026-06-08 00:45:34,852 - INFO - Epoch   50 | Loss: 0.6536 | Train AUC: 0.9357 | Test AUC: 0.8291 | Test AUPR: 0.0455
2026-06-08 00:45:58,207 - INFO - Epoch  100 | Loss: 0.5005 | Train AUC: 0.9613 | Test AUC: 0.8617 | Test AUPR: 0.0709
2026-06-08 00:46:21,017 - INFO - Epoch  150 | Loss: 0.3863 | Train AUC: 0.9748 | Test AUC: 0.8734 | Test AUPR: 0.1155
2026-06-08 00:46:43,827 - INFO - Epoch  200 | Loss: 0.3156 | Train AUC: 0.9825 | Test AUC: 0.8853 | Test AUPR: 0.1179
2026-06-08 00:47:07,016 - INFO - Epoch  250 | Loss: 0.2758 | Train AUC: 0.9859 | Test AUC: 0.8995 | Test AUPR: 0.1778
2026-06-08 00:47:29,972 - INFO - Epoch  300 | Loss: 0.2465 | Train AUC: 0.9883 | Test AUC: 0.9068 | Test AUPR: 0.2371
2026-06-08 00:47:52,699 - INFO - Epoch  350 | Loss: 0.2216 | Train AUC: 0.9905 | Test AUC: 0.9074 | Test AUPR: 0.2870
2026-06-08 00:48:15,884 - INFO - Epoch  400 | Loss: 0.1920 | Train AUC: 0.9924 | Test AUC: 0.9059 | Test AUPR: 0.2904
2026-06-08 00:48:39,146 - INFO - Epoch  450 | Loss: 0.1750 | Train AUC: 0.9933 | Test AUC: 0.9077 | Test AUPR: 0.3098
2026-06-08 00:49:02,132 - INFO - Epoch  500 | Loss: 0.1781 | Train AUC: 0.9932 | Test AUC: 0.9063 | Test AUPR: 0.3473
2026-06-08 00:49:25,452 - INFO - Epoch  550 | Loss: 0.1542 | Train AUC: 0.9943 | Test AUC: 0.9099 | Test AUPR: 0.3578
2026-06-08 00:49:48,051 - INFO - Epoch  600 | Loss: 0.1610 | Train AUC: 0.9941 | Test AUC: 0.9143 | Test AUPR: 0.3393
2026-06-08 00:50:09,562 - INFO - Epoch  650 | Loss: 0.1592 | Train AUC: 0.9944 | Test AUC: 0.9131 | Test AUPR: 0.3825
2026-06-08 00:50:31,004 - INFO - Epoch  700 | Loss: 0.1415 | Train AUC: 0.9955 | Test AUC: 0.9084 | Test AUPR: 0.3670
2026-06-08 00:50:52,735 - INFO - Epoch  750 | Loss: 0.1345 | Train AUC: 0.9958 | Test AUC: 0.9101 | Test AUPR: 0.3897
2026-06-08 00:51:14,506 - INFO - Epoch  800 | Loss: 0.1383 | Train AUC: 0.9956 | Test AUC: 0.9097 | Test AUPR: 0.4078
2026-06-08 00:51:36,380 - INFO - Epoch  850 | Loss: 0.1342 | Train AUC: 0.9956 | Test AUC: 0.9121 | Test AUPR: 0.4096
2026-06-08 00:51:57,999 - INFO - Epoch  900 | Loss: 0.1340 | Train AUC: 0.9960 | Test AUC: 0.9103 | Test AUPR: 0.4085
2026-06-08 00:52:19,685 - INFO - Epoch  950 | Loss: 0.1247 | Train AUC: 0.9963 | Test AUC: 0.9099 | Test AUPR: 0.4019
2026-06-08 00:52:41,469 - INFO - Epoch 1000 | Loss: 0.1253 | Train AUC: 0.9963 | Test AUC: 0.9113 | Test AUPR: 0.4389
2026-06-08 00:53:03,072 - INFO - Epoch 1050 | Loss: 0.1113 | Train AUC: 0.9968 | Test AUC: 0.9028 | Test AUPR: 0.4405
2026-06-08 00:53:24,515 - INFO - Epoch 1100 | Loss: 0.1100 | Train AUC: 0.9968 | Test AUC: 0.9078 | Test AUPR: 0.4274
2026-06-08 00:53:46,571 - INFO - Epoch 1150 | Loss: 0.1112 | Train AUC: 0.9968 | Test AUC: 0.9124 | Test AUPR: 0.4284
2026-06-08 00:54:08,090 - INFO - Epoch 1200 | Loss: 0.1023 | Train AUC: 0.9972 | Test AUC: 0.9113 | Test AUPR: 0.4596
2026-06-08 00:54:29,754 - INFO - Epoch 1250 | Loss: 0.1047 | Train AUC: 0.9970 | Test AUC: 0.9065 | Test AUPR: 0.4492
2026-06-08 00:54:52,465 - INFO - Epoch 1300 | Loss: 0.1081 | Train AUC: 0.9971 | Test AUC: 0.9032 | Test AUPR: 0.4097
2026-06-08 00:55:14,109 - INFO - Epoch 1350 | Loss: 0.1003 | Train AUC: 0.9973 | Test AUC: 0.9100 | Test AUPR: 0.4684
2026-06-08 00:55:35,503 - INFO - Epoch 1400 | Loss: 0.1030 | Train AUC: 0.9973 | Test AUC: 0.9052 | Test AUPR: 0.4435
2026-06-08 00:55:57,340 - INFO - Epoch 1450 | Loss: 0.1005 | Train AUC: 0.9975 | Test AUC: 0.9090 | Test AUPR: 0.4604
2026-06-08 00:56:19,111 - INFO - Epoch 1500 | Loss: 0.0984 | Train AUC: 0.9975 | Test AUC: 0.9002 | Test AUPR: 0.4695
2026-06-08 00:56:40,728 - INFO - Epoch 1550 | Loss: 0.0913 | Train AUC: 0.9977 | Test AUC: 0.9101 | Test AUPR: 0.4933
2026-06-08 00:57:02,437 - INFO - Epoch 1600 | Loss: 0.0947 | Train AUC: 0.9977 | Test AUC: 0.9079 | Test AUPR: 0.4844
2026-06-08 00:57:23,748 - INFO - Epoch 1650 | Loss: 0.0873 | Train AUC: 0.9979 | Test AUC: 0.9053 | Test AUPR: 0.4888
2026-06-08 00:57:45,298 - INFO - Epoch 1700 | Loss: 0.0907 | Train AUC: 0.9978 | Test AUC: 0.9077 | Test AUPR: 0.4958
2026-06-08 00:58:07,029 - INFO - Epoch 1750 | Loss: 0.0909 | Train AUC: 0.9978 | Test AUC: 0.9062 | Test AUPR: 0.5059
2026-06-08 00:58:28,713 - INFO - Epoch 1800 | Loss: 0.0822 | Train AUC: 0.9980 | Test AUC: 0.9057 | Test AUPR: 0.4947
2026-06-08 00:58:50,406 - INFO - Epoch 1850 | Loss: 0.0827 | Train AUC: 0.9980 | Test AUC: 0.9075 | Test AUPR: 0.5185
2026-06-08 00:59:12,366 - INFO - Epoch 1900 | Loss: 0.0871 | Train AUC: 0.9978 | Test AUC: 0.9064 | Test AUPR: 0.4829
2026-06-08 00:59:34,046 - INFO - Epoch 1950 | Loss: 0.0821 | Train AUC: 0.9980 | Test AUC: 0.9075 | Test AUPR: 0.5096
2026-06-08 00:59:55,684 - INFO - Epoch 2000 | Loss: 0.0904 | Train AUC: 0.9978 | Test AUC: 0.8991 | Test AUPR: 0.5020
2026-06-08 01:00:17,555 - INFO - Epoch 2050 | Loss: 0.0847 | Train AUC: 0.9981 | Test AUC: 0.9037 | Test AUPR: 0.4830
2026-06-08 01:00:39,226 - INFO - Epoch 2100 | Loss: 0.0799 | Train AUC: 0.9982 | Test AUC: 0.9091 | Test AUPR: 0.5198
2026-06-08 01:01:00,724 - INFO - Epoch 2150 | Loss: 0.0831 | Train AUC: 0.9981 | Test AUC: 0.9008 | Test AUPR: 0.5226
2026-06-08 01:01:22,535 - INFO - Epoch 2200 | Loss: 0.0827 | Train AUC: 0.9983 | Test AUC: 0.9031 | Test AUPR: 0.5192
2026-06-08 01:01:43,985 - INFO - Epoch 2250 | Loss: 0.0772 | Train AUC: 0.9982 | Test AUC: 0.9049 | Test AUPR: 0.4977
2026-06-08 01:02:05,541 - INFO - Epoch 2300 | Loss: 0.0732 | Train AUC: 0.9984 | Test AUC: 0.9011 | Test AUPR: 0.5242
2026-06-08 01:02:27,415 - INFO - Epoch 2350 | Loss: 0.0754 | Train AUC: 0.9983 | Test AUC: 0.9032 | Test AUPR: 0.5213
2026-06-08 01:02:48,907 - INFO - Epoch 2400 | Loss: 0.0693 | Train AUC: 0.9986 | Test AUC: 0.9042 | Test AUPR: 0.5405
2026-06-08 01:03:10,477 - INFO - Epoch 2450 | Loss: 0.0717 | Train AUC: 0.9985 | Test AUC: 0.9026 | Test AUPR: 0.5262
2026-06-08 01:03:32,253 - INFO - Epoch 2500 | Loss: 0.0754 | Train AUC: 0.9984 | Test AUC: 0.8988 | Test AUPR: 0.5261
2026-06-08 01:03:53,958 - INFO - Epoch 2550 | Loss: 0.0685 | Train AUC: 0.9985 | Test AUC: 0.8993 | Test AUPR: 0.5174
2026-06-08 01:04:15,559 - INFO - Epoch 2600 | Loss: 0.0668 | Train AUC: 0.9985 | Test AUC: 0.9025 | Test AUPR: 0.5467
2026-06-08 01:04:37,519 - INFO - Epoch 2650 | Loss: 0.0674 | Train AUC: 0.9985 | Test AUC: 0.9010 | Test AUPR: 0.5404
2026-06-08 01:04:59,029 - INFO - Epoch 2700 | Loss: 0.0673 | Train AUC: 0.9985 | Test AUC: 0.8995 | Test AUPR: 0.5253
2026-06-08 01:05:20,761 - INFO - Epoch 2750 | Loss: 0.0709 | Train AUC: 0.9986 | Test AUC: 0.9007 | Test AUPR: 0.5368
2026-06-08 01:05:42,251 - INFO - Epoch 2800 | Loss: 0.0638 | Train AUC: 0.9988 | Test AUC: 0.8982 | Test AUPR: 0.5487
2026-06-08 01:06:03,845 - INFO - Epoch 2850 | Loss: 0.0659 | Train AUC: 0.9986 | Test AUC: 0.8966 | Test AUPR: 0.5468
2026-06-08 01:06:25,411 - INFO - Epoch 2900 | Loss: 0.0627 | Train AUC: 0.9988 | Test AUC: 0.8977 | Test AUPR: 0.5339
2026-06-08 01:06:47,235 - INFO - Epoch 2950 | Loss: 0.0640 | Train AUC: 0.9987 | Test AUC: 0.8959 | Test AUPR: 0.5519
2026-06-08 01:07:08,891 - INFO - Epoch 3000 | Loss: 0.0629 | Train AUC: 0.9987 | Test AUC: 0.8934 | Test AUPR: 0.5336
2026-06-08 01:07:30,944 - INFO - Epoch 3050 | Loss: 0.0679 | Train AUC: 0.9987 | Test AUC: 0.9003 | Test AUPR: 0.4949
2026-06-08 01:07:52,931 - INFO - Epoch 3100 | Loss: 0.0661 | Train AUC: 0.9986 | Test AUC: 0.8966 | Test AUPR: 0.5300
2026-06-08 01:08:14,539 - INFO - Epoch 3150 | Loss: 0.0641 | Train AUC: 0.9988 | Test AUC: 0.8972 | Test AUPR: 0.5450
2026-06-08 01:08:36,327 - INFO - Epoch 3200 | Loss: 0.0616 | Train AUC: 0.9987 | Test AUC: 0.8950 | Test AUPR: 0.5187
2026-06-08 01:08:58,055 - INFO - Epoch 3250 | Loss: 0.0604 | Train AUC: 0.9988 | Test AUC: 0.9001 | Test AUPR: 0.5289
2026-06-08 01:09:19,727 - INFO - Epoch 3300 | Loss: 0.0602 | Train AUC: 0.9988 | Test AUC: 0.9018 | Test AUPR: 0.5588
2026-06-08 01:09:41,097 - INFO - Epoch 3350 | Loss: 0.0650 | Train AUC: 0.9987 | Test AUC: 0.8956 | Test AUPR: 0.5142
2026-06-08 01:10:02,710 - INFO - Epoch 3400 | Loss: 0.0647 | Train AUC: 0.9986 | Test AUC: 0.8982 | Test AUPR: 0.5087
2026-06-08 01:10:24,448 - INFO - Epoch 3450 | Loss: 0.0549 | Train AUC: 0.9989 | Test AUC: 0.8965 | Test AUPR: 0.5369
2026-06-08 01:10:45,813 - INFO - Epoch 3500 | Loss: 0.0641 | Train AUC: 0.9987 | Test AUC: 0.8906 | Test AUPR: 0.5322
2026-06-08 01:11:07,605 - INFO - Epoch 3550 | Loss: 0.0596 | Train AUC: 0.9988 | Test AUC: 0.8987 | Test AUPR: 0.5268
2026-06-08 01:11:29,374 - INFO - Epoch 3600 | Loss: 0.0593 | Train AUC: 0.9989 | Test AUC: 0.9049 | Test AUPR: 0.5561
2026-06-08 01:11:51,107 - INFO - Epoch 3650 | Loss: 0.0513 | Train AUC: 0.9990 | Test AUC: 0.8992 | Test AUPR: 0.5508
2026-06-08 01:12:12,594 - INFO - Epoch 3700 | Loss: 0.0543 | Train AUC: 0.9990 | Test AUC: 0.8938 | Test AUPR: 0.5292
2026-06-08 01:12:34,481 - INFO - Epoch 3750 | Loss: 0.0519 | Train AUC: 0.9991 | Test AUC: 0.8980 | Test AUPR: 0.5656
2026-06-08 01:12:56,050 - INFO - Epoch 3800 | Loss: 0.0519 | Train AUC: 0.9990 | Test AUC: 0.8916 | Test AUPR: 0.5409
2026-06-08 01:13:17,525 - INFO - Epoch 3850 | Loss: 0.0540 | Train AUC: 0.9990 | Test AUC: 0.8948 | Test AUPR: 0.5358
2026-06-08 01:13:39,522 - INFO - Epoch 3900 | Loss: 0.0515 | Train AUC: 0.9991 | Test AUC: 0.8922 | Test AUPR: 0.5411
2026-06-08 01:14:01,163 - INFO - Epoch 3950 | Loss: 0.0565 | Train AUC: 0.9990 | Test AUC: 0.8883 | Test AUPR: 0.5464
2026-06-08 01:14:22,765 - INFO - Epoch 4000 | Loss: 0.0554 | Train AUC: 0.9990 | Test AUC: 0.8979 | Test AUPR: 0.5615
2026-06-08 01:14:44,824 - INFO - Epoch 4050 | Loss: 0.0598 | Train AUC: 0.9989 | Test AUC: 0.8858 | Test AUPR: 0.5402
2026-06-08 01:15:06,796 - INFO - Epoch 4100 | Loss: 0.0503 | Train AUC: 0.9991 | Test AUC: 0.8957 | Test AUPR: 0.5515
2026-06-08 01:15:28,414 - INFO - Epoch 4150 | Loss: 0.0510 | Train AUC: 0.9991 | Test AUC: 0.8935 | Test AUPR: 0.5532
2026-06-08 01:15:50,307 - INFO - Epoch 4200 | Loss: 0.0498 | Train AUC: 0.9990 | Test AUC: 0.8890 | Test AUPR: 0.5617
2026-06-08 01:16:12,072 - INFO - Epoch 4250 | Loss: 0.0499 | Train AUC: 0.9991 | Test AUC: 0.8945 | Test AUPR: 0.5383
2026-06-08 01:16:33,709 - INFO - Epoch 4300 | Loss: 0.0535 | Train AUC: 0.9989 | Test AUC: 0.8932 | Test AUPR: 0.5343
2026-06-08 01:16:55,486 - INFO - Epoch 4350 | Loss: 0.0486 | Train AUC: 0.9992 | Test AUC: 0.8893 | Test AUPR: 0.5431
2026-06-08 01:17:17,346 - INFO - Epoch 4400 | Loss: 0.0455 | Train AUC: 0.9992 | Test AUC: 0.8965 | Test AUPR: 0.5601
2026-06-08 01:17:38,832 - INFO - Epoch 4450 | Loss: 0.0474 | Train AUC: 0.9991 | Test AUC: 0.8886 | Test AUPR: 0.5508
2026-06-08 01:18:00,783 - INFO - Epoch 4500 | Loss: 0.0515 | Train AUC: 0.9990 | Test AUC: 0.8922 | Test AUPR: 0.5530
2026-06-08 01:18:22,387 - INFO - Epoch 4550 | Loss: 0.0485 | Train AUC: 0.9991 | Test AUC: 0.8899 | Test AUPR: 0.5659
2026-06-08 01:18:44,146 - INFO - Epoch 4600 | Loss: 0.0560 | Train AUC: 0.9990 | Test AUC: 0.8966 | Test AUPR: 0.5220
2026-06-08 01:19:06,160 - INFO - Epoch 4650 | Loss: 0.0548 | Train AUC: 0.9990 | Test AUC: 0.8864 | Test AUPR: 0.5412
2026-06-08 01:19:27,851 - INFO - Epoch 4700 | Loss: 0.0548 | Train AUC: 0.9990 | Test AUC: 0.8984 | Test AUPR: 0.5500
2026-06-08 01:19:49,479 - INFO - Epoch 4750 | Loss: 0.0493 | Train AUC: 0.9991 | Test AUC: 0.8892 | Test AUPR: 0.5464
2026-06-08 01:20:11,359 - INFO - Epoch 4800 | Loss: 0.0459 | Train AUC: 0.9993 | Test AUC: 0.8888 | Test AUPR: 0.5589
2026-06-08 01:20:33,007 - INFO - Epoch 4850 | Loss: 0.0527 | Train AUC: 0.9990 | Test AUC: 0.8975 | Test AUPR: 0.5581
2026-06-08 01:20:54,557 - INFO - Epoch 4900 | Loss: 0.0463 | Train AUC: 0.9992 | Test AUC: 0.8875 | Test AUPR: 0.5453
2026-06-08 01:21:17,154 - INFO - Epoch 4950 | Loss: 0.0505 | Train AUC: 0.9991 | Test AUC: 0.8910 | Test AUPR: 0.5559
2026-06-08 01:21:39,476 - INFO - Epoch 5000 | Loss: 0.0505 | Train AUC: 0.9991 | Test AUC: 0.8955 | Test AUPR: 0.5390
2026-06-08 01:21:39,589 - INFO - 5-Fold CV: Fold 3
2026-06-08 01:21:40,163 - INFO - Graph(num_nodes={'disease': 409, 'drug': 663},
      num_edges={('disease', 'di_di', 'disease'): 6507, ('disease', 'di_dr', 'drug'): 2026, ('drug', 'dr_di', 'disease'): 2026, ('drug', 'dr_dr', 'drug'): 10582},
      metagraph=[('disease', 'disease', 'di_di'), ('disease', 'drug', 'di_dr'), ('drug', 'disease', 'dr_di'), ('drug', 'drug', 'dr_dr')])
2026-06-08 01:21:40,231 - INFO - Train: 216934 samples (2026 pos, 214908 neg) | Test: 54233 samples (506 pos, 53727 neg)
2026-06-08 01:21:40,252 - INFO - Loss pos weight: 106.075
2026-06-08 01:22:02,106 - INFO - Epoch   50 | Loss: 0.7940 | Train AUC: 0.9096 | Test AUC: 0.8083 | Test AUPR: 0.0472
2026-06-08 01:22:24,128 - INFO - Epoch  100 | Loss: 0.5895 | Train AUC: 0.9448 | Test AUC: 0.8254 | Test AUPR: 0.0566
2026-06-08 01:22:45,640 - INFO - Epoch  150 | Loss: 0.5055 | Train AUC: 0.9595 | Test AUC: 0.8195 | Test AUPR: 0.0633
2026-06-08 01:23:07,805 - INFO - Epoch  200 | Loss: 0.4342 | Train AUC: 0.9684 | Test AUC: 0.8426 | Test AUPR: 0.0817
2026-06-08 01:23:29,707 - INFO - Epoch  250 | Loss: 0.3925 | Train AUC: 0.9736 | Test AUC: 0.8525 | Test AUPR: 0.0942
2026-06-08 01:23:51,888 - INFO - Epoch  300 | Loss: 0.3384 | Train AUC: 0.9797 | Test AUC: 0.8560 | Test AUPR: 0.1053
2026-06-08 01:24:13,552 - INFO - Epoch  350 | Loss: 0.3166 | Train AUC: 0.9816 | Test AUC: 0.8613 | Test AUPR: 0.1040
2026-06-08 01:24:35,934 - INFO - Epoch  400 | Loss: 0.2859 | Train AUC: 0.9846 | Test AUC: 0.8657 | Test AUPR: 0.1129
2026-06-08 01:24:57,447 - INFO - Epoch  450 | Loss: 0.2798 | Train AUC: 0.9858 | Test AUC: 0.8722 | Test AUPR: 0.1256
2026-06-08 01:25:19,232 - INFO - Epoch  500 | Loss: 0.2693 | Train AUC: 0.9866 | Test AUC: 0.8775 | Test AUPR: 0.1796
2026-06-08 01:25:41,198 - INFO - Epoch  550 | Loss: 0.2409 | Train AUC: 0.9887 | Test AUC: 0.8829 | Test AUPR: 0.2014
2026-06-08 01:26:02,790 - INFO - Epoch  600 | Loss: 0.2300 | Train AUC: 0.9893 | Test AUC: 0.8875 | Test AUPR: 0.2015
2026-06-08 01:26:24,449 - INFO - Epoch  650 | Loss: 0.2265 | Train AUC: 0.9898 | Test AUC: 0.8853 | Test AUPR: 0.1951
2026-06-08 01:26:46,492 - INFO - Epoch  700 | Loss: 0.2124 | Train AUC: 0.9905 | Test AUC: 0.8960 | Test AUPR: 0.2115
2026-06-08 01:27:08,539 - INFO - Epoch  750 | Loss: 0.2080 | Train AUC: 0.9910 | Test AUC: 0.8969 | Test AUPR: 0.2086
2026-06-08 01:27:30,136 - INFO - Epoch  800 | Loss: 0.1999 | Train AUC: 0.9919 | Test AUC: 0.9037 | Test AUPR: 0.2503
2026-06-08 01:27:51,934 - INFO - Epoch  850 | Loss: 0.1897 | Train AUC: 0.9922 | Test AUC: 0.9008 | Test AUPR: 0.2345
2026-06-08 01:28:13,689 - INFO - Epoch  900 | Loss: 0.1735 | Train AUC: 0.9932 | Test AUC: 0.9060 | Test AUPR: 0.2635
2026-06-08 01:28:35,630 - INFO - Epoch  950 | Loss: 0.1801 | Train AUC: 0.9930 | Test AUC: 0.9119 | Test AUPR: 0.3136
2026-06-08 01:28:57,931 - INFO - Epoch 1000 | Loss: 0.1646 | Train AUC: 0.9940 | Test AUC: 0.9111 | Test AUPR: 0.3099
2026-06-08 01:29:19,741 - INFO - Epoch 1050 | Loss: 0.1719 | Train AUC: 0.9937 | Test AUC: 0.9086 | Test AUPR: 0.2884
2026-06-08 01:29:41,668 - INFO - Epoch 1100 | Loss: 0.1644 | Train AUC: 0.9940 | Test AUC: 0.9124 | Test AUPR: 0.3223
2026-06-08 01:30:08,446 - INFO - Epoch 1150 | Loss: 0.1485 | Train AUC: 0.9949 | Test AUC: 0.9182 | Test AUPR: 0.3169
2026-06-08 01:30:30,654 - INFO - Epoch 1200 | Loss: 0.1482 | Train AUC: 0.9950 | Test AUC: 0.9165 | Test AUPR: 0.3504
2026-06-08 01:30:52,456 - INFO - Epoch 1250 | Loss: 0.1594 | Train AUC: 0.9947 | Test AUC: 0.9134 | Test AUPR: 0.3252
2026-06-08 01:31:14,141 - INFO - Epoch 1300 | Loss: 0.1379 | Train AUC: 0.9955 | Test AUC: 0.9139 | Test AUPR: 0.3429
2026-06-08 01:31:35,740 - INFO - Epoch 1350 | Loss: 0.1376 | Train AUC: 0.9956 | Test AUC: 0.9208 | Test AUPR: 0.3817
2026-06-08 01:31:57,305 - INFO - Epoch 1400 | Loss: 0.1402 | Train AUC: 0.9954 | Test AUC: 0.9212 | Test AUPR: 0.3744
2026-06-08 01:32:18,988 - INFO - Epoch 1450 | Loss: 0.1264 | Train AUC: 0.9960 | Test AUC: 0.9192 | Test AUPR: 0.3959
2026-06-08 01:32:40,539 - INFO - Epoch 1500 | Loss: 0.1317 | Train AUC: 0.9958 | Test AUC: 0.9230 | Test AUPR: 0.4047
2026-06-08 01:33:02,041 - INFO - Epoch 1550 | Loss: 0.1319 | Train AUC: 0.9960 | Test AUC: 0.9173 | Test AUPR: 0.4014
2026-06-08 01:33:23,889 - INFO - Epoch 1600 | Loss: 0.1252 | Train AUC: 0.9962 | Test AUC: 0.9226 | Test AUPR: 0.4119
2026-06-08 01:33:45,584 - INFO - Epoch 1650 | Loss: 0.1380 | Train AUC: 0.9962 | Test AUC: 0.9197 | Test AUPR: 0.4183
2026-06-08 01:34:07,236 - INFO - Epoch 1700 | Loss: 0.1118 | Train AUC: 0.9968 | Test AUC: 0.9152 | Test AUPR: 0.4072
2026-06-08 01:34:28,878 - INFO - Epoch 1750 | Loss: 0.1244 | Train AUC: 0.9965 | Test AUC: 0.9192 | Test AUPR: 0.4459
2026-06-08 01:34:50,876 - INFO - Epoch 1800 | Loss: 0.1046 | Train AUC: 0.9971 | Test AUC: 0.9191 | Test AUPR: 0.4325
2026-06-08 01:35:12,594 - INFO - Epoch 1850 | Loss: 0.1011 | Train AUC: 0.9973 | Test AUC: 0.9210 | Test AUPR: 0.4664
2026-06-08 01:35:34,567 - INFO - Epoch 1900 | Loss: 0.1083 | Train AUC: 0.9969 | Test AUC: 0.9157 | Test AUPR: 0.4455
2026-06-08 01:35:56,243 - INFO - Epoch 1950 | Loss: 0.1001 | Train AUC: 0.9973 | Test AUC: 0.9231 | Test AUPR: 0.4477
2026-06-08 01:36:17,798 - INFO - Epoch 2000 | Loss: 0.1019 | Train AUC: 0.9972 | Test AUC: 0.9199 | Test AUPR: 0.4727
2026-06-08 01:36:39,588 - INFO - Epoch 2050 | Loss: 0.0980 | Train AUC: 0.9975 | Test AUC: 0.9156 | Test AUPR: 0.4548
2026-06-08 01:37:01,226 - INFO - Epoch 2100 | Loss: 0.0965 | Train AUC: 0.9974 | Test AUC: 0.9147 | Test AUPR: 0.4722
2026-06-08 01:37:22,818 - INFO - Epoch 2150 | Loss: 0.0997 | Train AUC: 0.9974 | Test AUC: 0.9188 | Test AUPR: 0.4687
2026-06-08 01:37:45,094 - INFO - Epoch 2200 | Loss: 0.0942 | Train AUC: 0.9977 | Test AUC: 0.9223 | Test AUPR: 0.4521
2026-06-08 01:38:11,112 - INFO - Epoch 2250 | Loss: 0.1029 | Train AUC: 0.9975 | Test AUC: 0.9123 | Test AUPR: 0.4709
2026-06-08 01:38:33,040 - INFO - Epoch 2300 | Loss: 0.0989 | Train AUC: 0.9976 | Test AUC: 0.9180 | Test AUPR: 0.4754
2026-06-08 01:38:55,112 - INFO - Epoch 2350 | Loss: 0.0910 | Train AUC: 0.9978 | Test AUC: 0.9069 | Test AUPR: 0.4708
2026-06-08 01:39:16,909 - INFO - Epoch 2400 | Loss: 0.0853 | Train AUC: 0.9978 | Test AUC: 0.9153 | Test AUPR: 0.4937
2026-06-08 01:39:38,590 - INFO - Epoch 2450 | Loss: 0.0889 | Train AUC: 0.9978 | Test AUC: 0.9168 | Test AUPR: 0.4979
2026-06-08 01:40:00,369 - INFO - Epoch 2500 | Loss: 0.0927 | Train AUC: 0.9978 | Test AUC: 0.9114 | Test AUPR: 0.4854
2026-06-08 01:40:22,120 - INFO - Epoch 2550 | Loss: 0.0985 | Train AUC: 0.9978 | Test AUC: 0.9151 | Test AUPR: 0.4913
2026-06-08 01:40:43,708 - INFO - Epoch 2600 | Loss: 0.0876 | Train AUC: 0.9979 | Test AUC: 0.9157 | Test AUPR: 0.4950
2026-06-08 01:41:05,608 - INFO - Epoch 2650 | Loss: 0.0841 | Train AUC: 0.9980 | Test AUC: 0.9153 | Test AUPR: 0.4988
2026-06-08 01:41:27,168 - INFO - Epoch 2700 | Loss: 0.0849 | Train AUC: 0.9979 | Test AUC: 0.9164 | Test AUPR: 0.4835
2026-06-08 01:41:48,802 - INFO - Epoch 2750 | Loss: 0.0758 | Train AUC: 0.9983 | Test AUC: 0.9175 | Test AUPR: 0.4932
2026-06-08 01:42:11,106 - INFO - Epoch 2800 | Loss: 0.0787 | Train AUC: 0.9983 | Test AUC: 0.9084 | Test AUPR: 0.5002
2026-06-08 01:42:33,059 - INFO - Epoch 2850 | Loss: 0.0794 | Train AUC: 0.9982 | Test AUC: 0.9152 | Test AUPR: 0.4996
2026-06-08 01:42:54,971 - INFO - Epoch 2900 | Loss: 0.0844 | Train AUC: 0.9980 | Test AUC: 0.9125 | Test AUPR: 0.4998
2026-06-08 01:43:17,041 - INFO - Epoch 2950 | Loss: 0.0727 | Train AUC: 0.9984 | Test AUC: 0.9121 | Test AUPR: 0.5056
2026-06-08 01:43:38,826 - INFO - Epoch 3000 | Loss: 0.0720 | Train AUC: 0.9984 | Test AUC: 0.9106 | Test AUPR: 0.5100
2026-06-08 01:44:00,491 - INFO - Epoch 3050 | Loss: 0.0674 | Train AUC: 0.9986 | Test AUC: 0.9070 | Test AUPR: 0.4990
2026-06-08 01:44:22,357 - INFO - Epoch 3100 | Loss: 0.0828 | Train AUC: 0.9982 | Test AUC: 0.9077 | Test AUPR: 0.5123
2026-06-08 01:44:45,106 - INFO - Epoch 3150 | Loss: 0.0710 | Train AUC: 0.9986 | Test AUC: 0.9115 | Test AUPR: 0.5058
2026-06-08 01:45:08,180 - INFO - Epoch 3200 | Loss: 0.0731 | Train AUC: 0.9984 | Test AUC: 0.9076 | Test AUPR: 0.5099
2026-06-08 01:45:29,841 - INFO - Epoch 3250 | Loss: 0.0717 | Train AUC: 0.9985 | Test AUC: 0.9099 | Test AUPR: 0.5162
2026-06-08 01:45:52,200 - INFO - Epoch 3300 | Loss: 0.0669 | Train AUC: 0.9987 | Test AUC: 0.9097 | Test AUPR: 0.5148
2026-06-08 01:46:14,076 - INFO - Epoch 3350 | Loss: 0.0732 | Train AUC: 0.9985 | Test AUC: 0.9114 | Test AUPR: 0.5213
2026-06-08 01:46:35,970 - INFO - Epoch 3400 | Loss: 0.0784 | Train AUC: 0.9983 | Test AUC: 0.9163 | Test AUPR: 0.4919
2026-06-08 01:46:57,724 - INFO - Epoch 3450 | Loss: 0.0665 | Train AUC: 0.9986 | Test AUC: 0.9058 | Test AUPR: 0.5265
2026-06-08 01:47:19,374 - INFO - Epoch 3500 | Loss: 0.0778 | Train AUC: 0.9985 | Test AUC: 0.9052 | Test AUPR: 0.5017
2026-06-08 01:47:41,349 - INFO - Epoch 3550 | Loss: 0.0687 | Train AUC: 0.9986 | Test AUC: 0.9115 | Test AUPR: 0.5262
2026-06-08 01:48:03,109 - INFO - Epoch 3600 | Loss: 0.0649 | Train AUC: 0.9986 | Test AUC: 0.9101 | Test AUPR: 0.5050
2026-06-08 01:48:24,831 - INFO - Epoch 3650 | Loss: 0.0637 | Train AUC: 0.9988 | Test AUC: 0.9055 | Test AUPR: 0.5409
2026-06-08 01:48:46,923 - INFO - Epoch 3700 | Loss: 0.0628 | Train AUC: 0.9987 | Test AUC: 0.9131 | Test AUPR: 0.5228
2026-06-08 01:49:08,998 - INFO - Epoch 3750 | Loss: 0.0728 | Train AUC: 0.9986 | Test AUC: 0.9028 | Test AUPR: 0.5188
2026-06-08 01:49:30,829 - INFO - Epoch 3800 | Loss: 0.0605 | Train AUC: 0.9988 | Test AUC: 0.9094 | Test AUPR: 0.5390
2026-06-08 01:49:52,687 - INFO - Epoch 3850 | Loss: 0.0639 | Train AUC: 0.9987 | Test AUC: 0.8956 | Test AUPR: 0.5099
2026-06-08 01:50:14,666 - INFO - Epoch 3900 | Loss: 0.0715 | Train AUC: 0.9985 | Test AUC: 0.9012 | Test AUPR: 0.5145
2026-06-08 01:50:36,553 - INFO - Epoch 3950 | Loss: 0.0582 | Train AUC: 0.9989 | Test AUC: 0.8995 | Test AUPR: 0.5276
2026-06-08 01:50:58,849 - INFO - Epoch 4000 | Loss: 0.0644 | Train AUC: 0.9987 | Test AUC: 0.9050 | Test AUPR: 0.5334
2026-06-08 01:51:20,664 - INFO - Epoch 4050 | Loss: 0.0563 | Train AUC: 0.9989 | Test AUC: 0.8990 | Test AUPR: 0.5308
2026-06-08 01:51:42,377 - INFO - Epoch 4100 | Loss: 0.0604 | Train AUC: 0.9988 | Test AUC: 0.9047 | Test AUPR: 0.5329
2026-06-08 01:52:04,163 - INFO - Epoch 4150 | Loss: 0.0577 | Train AUC: 0.9989 | Test AUC: 0.9062 | Test AUPR: 0.5339
2026-06-08 01:52:25,661 - INFO - Epoch 4200 | Loss: 0.0635 | Train AUC: 0.9988 | Test AUC: 0.8998 | Test AUPR: 0.5260
2026-06-08 01:52:47,174 - INFO - Epoch 4250 | Loss: 0.0607 | Train AUC: 0.9987 | Test AUC: 0.8978 | Test AUPR: 0.5151
2026-06-08 01:53:08,750 - INFO - Epoch 4300 | Loss: 0.0582 | Train AUC: 0.9989 | Test AUC: 0.9054 | Test AUPR: 0.5339
2026-06-08 01:53:30,427 - INFO - Epoch 4350 | Loss: 0.0636 | Train AUC: 0.9988 | Test AUC: 0.8960 | Test AUPR: 0.5172
2026-06-08 01:53:52,040 - INFO - Epoch 4400 | Loss: 0.0583 | Train AUC: 0.9989 | Test AUC: 0.9059 | Test AUPR: 0.5364
2026-06-08 01:54:13,516 - INFO - Epoch 4450 | Loss: 0.0551 | Train AUC: 0.9990 | Test AUC: 0.8962 | Test AUPR: 0.5168
2026-06-08 01:54:35,660 - INFO - Epoch 4500 | Loss: 0.0562 | Train AUC: 0.9989 | Test AUC: 0.8945 | Test AUPR: 0.5002
2026-06-08 01:54:57,366 - INFO - Epoch 4550 | Loss: 0.0550 | Train AUC: 0.9990 | Test AUC: 0.8976 | Test AUPR: 0.5430
2026-06-08 01:55:19,020 - INFO - Epoch 4600 | Loss: 0.0577 | Train AUC: 0.9989 | Test AUC: 0.9028 | Test AUPR: 0.5364
2026-06-08 01:55:40,750 - INFO - Epoch 4650 | Loss: 0.0579 | Train AUC: 0.9989 | Test AUC: 0.8987 | Test AUPR: 0.5255
2026-06-08 01:56:02,231 - INFO - Epoch 4700 | Loss: 0.0510 | Train AUC: 0.9990 | Test AUC: 0.8959 | Test AUPR: 0.5374
2026-06-08 01:56:23,645 - INFO - Epoch 4750 | Loss: 0.0543 | Train AUC: 0.9989 | Test AUC: 0.9021 | Test AUPR: 0.4955
2026-06-08 01:56:45,356 - INFO - Epoch 4800 | Loss: 0.0564 | Train AUC: 0.9989 | Test AUC: 0.8933 | Test AUPR: 0.5418
2026-06-08 01:57:06,736 - INFO - Epoch 4850 | Loss: 0.0605 | Train AUC: 0.9989 | Test AUC: 0.9030 | Test AUPR: 0.5081
2026-06-08 01:57:28,117 - INFO - Epoch 4900 | Loss: 0.0543 | Train AUC: 0.9991 | Test AUC: 0.9063 | Test AUPR: 0.5314
2026-06-08 01:57:49,789 - INFO - Epoch 4950 | Loss: 0.0475 | Train AUC: 0.9992 | Test AUC: 0.8908 | Test AUPR: 0.5371
2026-06-08 01:58:11,254 - INFO - Epoch 5000 | Loss: 0.0544 | Train AUC: 0.9990 | Test AUC: 0.8913 | Test AUPR: 0.5116
2026-06-08 01:58:11,365 - INFO - 5-Fold CV: Fold 4
2026-06-08 01:58:11,901 - INFO - Graph(num_nodes={'disease': 409, 'drug': 663},
      num_edges={('disease', 'di_di', 'disease'): 6507, ('disease', 'di_dr', 'drug'): 2026, ('drug', 'dr_di', 'disease'): 2026, ('drug', 'dr_dr', 'drug'): 10582},
      metagraph=[('disease', 'disease', 'di_di'), ('disease', 'drug', 'di_dr'), ('drug', 'disease', 'dr_di'), ('drug', 'drug', 'dr_dr')])
2026-06-08 01:58:11,973 - INFO - Train: 216934 samples (2026 pos, 214908 neg) | Test: 54233 samples (506 pos, 53727 neg)
2026-06-08 01:58:11,996 - INFO - Loss pos weight: 106.075
2026-06-08 01:58:33,669 - INFO - Epoch   50 | Loss: 0.6844 | Train AUC: 0.9310 | Test AUC: 0.8396 | Test AUPR: 0.0518
2026-06-08 01:58:55,367 - INFO - Epoch  100 | Loss: 0.4883 | Train AUC: 0.9611 | Test AUC: 0.8519 | Test AUPR: 0.0614
2026-06-08 01:59:17,095 - INFO - Epoch  150 | Loss: 0.3778 | Train AUC: 0.9761 | Test AUC: 0.8753 | Test AUPR: 0.1008
2026-06-08 01:59:38,298 - INFO - Epoch  200 | Loss: 0.3129 | Train AUC: 0.9828 | Test AUC: 0.8905 | Test AUPR: 0.1768
2026-06-08 02:00:00,262 - INFO - Epoch  250 | Loss: 0.2646 | Train AUC: 0.9873 | Test AUC: 0.8969 | Test AUPR: 0.2268
2026-06-08 02:00:21,601 - INFO - Epoch  300 | Loss: 0.2355 | Train AUC: 0.9890 | Test AUC: 0.8989 | Test AUPR: 0.2569
2026-06-08 02:00:43,116 - INFO - Epoch  350 | Loss: 0.2086 | Train AUC: 0.9912 | Test AUC: 0.9035 | Test AUPR: 0.2960
2026-06-08 02:01:04,881 - INFO - Epoch  400 | Loss: 0.1857 | Train AUC: 0.9928 | Test AUC: 0.9050 | Test AUPR: 0.3314
2026-06-08 02:01:26,303 - INFO - Epoch  450 | Loss: 0.1832 | Train AUC: 0.9933 | Test AUC: 0.9065 | Test AUPR: 0.3767
2026-06-08 02:01:47,692 - INFO - Epoch  500 | Loss: 0.1822 | Train AUC: 0.9933 | Test AUC: 0.9010 | Test AUPR: 0.3964
2026-06-08 02:02:09,272 - INFO - Epoch  550 | Loss: 0.1785 | Train AUC: 0.9936 | Test AUC: 0.9057 | Test AUPR: 0.3750
2026-06-08 02:02:30,754 - INFO - Epoch  600 | Loss: 0.1537 | Train AUC: 0.9947 | Test AUC: 0.9075 | Test AUPR: 0.4141
2026-06-08 02:02:52,125 - INFO - Epoch  650 | Loss: 0.1461 | Train AUC: 0.9951 | Test AUC: 0.9081 | Test AUPR: 0.4460
2026-06-08 02:03:13,833 - INFO - Epoch  700 | Loss: 0.1378 | Train AUC: 0.9956 | Test AUC: 0.9050 | Test AUPR: 0.4398
2026-06-08 02:03:35,274 - INFO - Epoch  750 | Loss: 0.1446 | Train AUC: 0.9956 | Test AUC: 0.9017 | Test AUPR: 0.4215
2026-06-08 02:03:56,721 - INFO - Epoch  800 | Loss: 0.1215 | Train AUC: 0.9963 | Test AUC: 0.9110 | Test AUPR: 0.4681
2026-06-08 02:04:18,407 - INFO - Epoch  850 | Loss: 0.1287 | Train AUC: 0.9961 | Test AUC: 0.9104 | Test AUPR: 0.4555
2026-06-08 02:04:40,245 - INFO - Epoch  900 | Loss: 0.1270 | Train AUC: 0.9963 | Test AUC: 0.9049 | Test AUPR: 0.3939
2026-06-08 02:05:01,736 - INFO - Epoch  950 | Loss: 0.1201 | Train AUC: 0.9965 | Test AUC: 0.9081 | Test AUPR: 0.4702
2026-06-08 02:05:23,689 - INFO - Epoch 1000 | Loss: 0.1106 | Train AUC: 0.9970 | Test AUC: 0.9032 | Test AUPR: 0.4894
2026-06-08 02:05:45,048 - INFO - Epoch 1050 | Loss: 0.1186 | Train AUC: 0.9965 | Test AUC: 0.8955 | Test AUPR: 0.4355
2026-06-08 02:06:06,737 - INFO - Epoch 1100 | Loss: 0.1089 | Train AUC: 0.9971 | Test AUC: 0.9069 | Test AUPR: 0.4948
2026-06-08 02:06:28,348 - INFO - Epoch 1150 | Loss: 0.1056 | Train AUC: 0.9973 | Test AUC: 0.9020 | Test AUPR: 0.4656
2026-06-08 02:06:49,696 - INFO - Epoch 1200 | Loss: 0.1117 | Train AUC: 0.9970 | Test AUC: 0.9110 | Test AUPR: 0.4941
2026-06-08 02:07:11,497 - INFO - Epoch 1250 | Loss: 0.0965 | Train AUC: 0.9975 | Test AUC: 0.9032 | Test AUPR: 0.4843
2026-06-08 02:07:33,359 - INFO - Epoch 1300 | Loss: 0.1086 | Train AUC: 0.9972 | Test AUC: 0.9009 | Test AUPR: 0.4734
2026-06-08 02:07:55,050 - INFO - Epoch 1350 | Loss: 0.0984 | Train AUC: 0.9974 | Test AUC: 0.9004 | Test AUPR: 0.4563
2026-06-08 02:08:16,624 - INFO - Epoch 1400 | Loss: 0.0953 | Train AUC: 0.9977 | Test AUC: 0.9038 | Test AUPR: 0.4852
2026-06-08 02:08:38,413 - INFO - Epoch 1450 | Loss: 0.0961 | Train AUC: 0.9975 | Test AUC: 0.8975 | Test AUPR: 0.4856
2026-06-08 02:08:59,824 - INFO - Epoch 1500 | Loss: 0.0970 | Train AUC: 0.9976 | Test AUC: 0.9019 | Test AUPR: 0.4984
2026-06-08 02:09:21,567 - INFO - Epoch 1550 | Loss: 0.0944 | Train AUC: 0.9977 | Test AUC: 0.9056 | Test AUPR: 0.5079
2026-06-08 02:09:43,498 - INFO - Epoch 1600 | Loss: 0.0956 | Train AUC: 0.9978 | Test AUC: 0.8991 | Test AUPR: 0.4953
2026-06-08 02:10:05,064 - INFO - Epoch 1650 | Loss: 0.0890 | Train AUC: 0.9978 | Test AUC: 0.9033 | Test AUPR: 0.4774
2026-06-08 02:10:26,443 - INFO - Epoch 1700 | Loss: 0.0907 | Train AUC: 0.9978 | Test AUC: 0.9055 | Test AUPR: 0.4897
2026-06-08 02:10:48,300 - INFO - Epoch 1750 | Loss: 0.0854 | Train AUC: 0.9980 | Test AUC: 0.9047 | Test AUPR: 0.4988
2026-06-08 02:11:09,732 - INFO - Epoch 1800 | Loss: 0.0833 | Train AUC: 0.9982 | Test AUC: 0.8978 | Test AUPR: 0.5003
2026-06-08 02:11:31,400 - INFO - Epoch 1850 | Loss: 0.0819 | Train AUC: 0.9981 | Test AUC: 0.9046 | Test AUPR: 0.5231
2026-06-08 02:11:53,388 - INFO - Epoch 1900 | Loss: 0.0869 | Train AUC: 0.9980 | Test AUC: 0.9014 | Test AUPR: 0.4844
2026-06-08 02:12:14,918 - INFO - Epoch 1950 | Loss: 0.0882 | Train AUC: 0.9979 | Test AUC: 0.9040 | Test AUPR: 0.5080
2026-06-08 02:12:36,361 - INFO - Epoch 2000 | Loss: 0.0884 | Train AUC: 0.9980 | Test AUC: 0.8984 | Test AUPR: 0.4486
2026-06-08 02:12:58,138 - INFO - Epoch 2050 | Loss: 0.0817 | Train AUC: 0.9981 | Test AUC: 0.9028 | Test AUPR: 0.4714
2026-06-08 02:13:19,818 - INFO - Epoch 2100 | Loss: 0.0746 | Train AUC: 0.9983 | Test AUC: 0.8988 | Test AUPR: 0.5153
2026-06-08 02:13:41,514 - INFO - Epoch 2150 | Loss: 0.0705 | Train AUC: 0.9984 | Test AUC: 0.9056 | Test AUPR: 0.5136
2026-06-08 02:14:03,278 - INFO - Epoch 2200 | Loss: 0.0754 | Train AUC: 0.9982 | Test AUC: 0.9025 | Test AUPR: 0.4986
2026-06-08 02:14:25,197 - INFO - Epoch 2250 | Loss: 0.0694 | Train AUC: 0.9984 | Test AUC: 0.8961 | Test AUPR: 0.5246
2026-06-08 02:14:47,181 - INFO - Epoch 2300 | Loss: 0.0750 | Train AUC: 0.9983 | Test AUC: 0.8948 | Test AUPR: 0.4685
2026-06-08 02:15:08,893 - INFO - Epoch 2350 | Loss: 0.0674 | Train AUC: 0.9985 | Test AUC: 0.8965 | Test AUPR: 0.4958
2026-06-08 02:15:30,456 - INFO - Epoch 2400 | Loss: 0.0715 | Train AUC: 0.9986 | Test AUC: 0.8902 | Test AUPR: 0.4857
2026-06-08 02:15:52,095 - INFO - Epoch 2450 | Loss: 0.0780 | Train AUC: 0.9984 | Test AUC: 0.8970 | Test AUPR: 0.5042
2026-06-08 02:16:13,905 - INFO - Epoch 2500 | Loss: 0.0631 | Train AUC: 0.9987 | Test AUC: 0.8978 | Test AUPR: 0.5043
2026-06-08 02:16:35,530 - INFO - Epoch 2550 | Loss: 0.0717 | Train AUC: 0.9986 | Test AUC: 0.8945 | Test AUPR: 0.5135
2026-06-08 02:16:57,132 - INFO - Epoch 2600 | Loss: 0.0682 | Train AUC: 0.9986 | Test AUC: 0.8986 | Test AUPR: 0.5183
2026-06-08 02:17:18,788 - INFO - Epoch 2650 | Loss: 0.0688 | Train AUC: 0.9986 | Test AUC: 0.9014 | Test AUPR: 0.5243
2026-06-08 02:17:40,344 - INFO - Epoch 2700 | Loss: 0.0662 | Train AUC: 0.9987 | Test AUC: 0.8985 | Test AUPR: 0.5267
2026-06-08 02:18:02,048 - INFO - Epoch 2750 | Loss: 0.0650 | Train AUC: 0.9987 | Test AUC: 0.8793 | Test AUPR: 0.4666
2026-06-08 02:18:23,632 - INFO - Epoch 2800 | Loss: 0.0636 | Train AUC: 0.9987 | Test AUC: 0.8981 | Test AUPR: 0.5407
2026-06-08 02:18:45,366 - INFO - Epoch 2850 | Loss: 0.0655 | Train AUC: 0.9987 | Test AUC: 0.8900 | Test AUPR: 0.5297
2026-06-08 02:19:07,122 - INFO - Epoch 2900 | Loss: 0.0646 | Train AUC: 0.9987 | Test AUC: 0.8961 | Test AUPR: 0.5049
2026-06-08 02:19:28,817 - INFO - Epoch 2950 | Loss: 0.0663 | Train AUC: 0.9987 | Test AUC: 0.8945 | Test AUPR: 0.5312
2026-06-08 02:19:50,427 - INFO - Epoch 3000 | Loss: 0.0659 | Train AUC: 0.9987 | Test AUC: 0.8946 | Test AUPR: 0.4997
2026-06-08 02:20:12,086 - INFO - Epoch 3050 | Loss: 0.0609 | Train AUC: 0.9988 | Test AUC: 0.9030 | Test AUPR: 0.5274
2026-06-08 02:20:33,452 - INFO - Epoch 3100 | Loss: 0.0570 | Train AUC: 0.9988 | Test AUC: 0.9020 | Test AUPR: 0.5166
2026-06-08 02:20:55,196 - INFO - Epoch 3150 | Loss: 0.0602 | Train AUC: 0.9988 | Test AUC: 0.8852 | Test AUPR: 0.4619
2026-06-08 02:21:16,766 - INFO - Epoch 3200 | Loss: 0.0549 | Train AUC: 0.9989 | Test AUC: 0.8954 | Test AUPR: 0.5375
2026-06-08 02:21:38,316 - INFO - Epoch 3250 | Loss: 0.0605 | Train AUC: 0.9988 | Test AUC: 0.8933 | Test AUPR: 0.4673
2026-06-08 02:22:01,333 - INFO - Epoch 3300 | Loss: 0.0599 | Train AUC: 0.9989 | Test AUC: 0.8936 | Test AUPR: 0.5337
2026-06-08 02:22:22,972 - INFO - Epoch 3350 | Loss: 0.0583 | Train AUC: 0.9988 | Test AUC: 0.8980 | Test AUPR: 0.5371
2026-06-08 02:22:44,975 - INFO - Epoch 3400 | Loss: 0.0593 | Train AUC: 0.9989 | Test AUC: 0.8980 | Test AUPR: 0.5417
2026-06-08 02:23:06,853 - INFO - Epoch 3450 | Loss: 0.0585 | Train AUC: 0.9989 | Test AUC: 0.8953 | Test AUPR: 0.5352
2026-06-08 02:23:28,340 - INFO - Epoch 3500 | Loss: 0.0549 | Train AUC: 0.9989 | Test AUC: 0.8965 | Test AUPR: 0.5173
2026-06-08 02:23:50,190 - INFO - Epoch 3550 | Loss: 0.0553 | Train AUC: 0.9990 | Test AUC: 0.8906 | Test AUPR: 0.5273
2026-06-08 02:24:11,803 - INFO - Epoch 3600 | Loss: 0.0564 | Train AUC: 0.9989 | Test AUC: 0.8889 | Test AUPR: 0.5152
2026-06-08 02:24:33,492 - INFO - Epoch 3650 | Loss: 0.0568 | Train AUC: 0.9989 | Test AUC: 0.8953 | Test AUPR: 0.5056
2026-06-08 02:24:55,481 - INFO - Epoch 3700 | Loss: 0.0641 | Train AUC: 0.9988 | Test AUC: 0.8869 | Test AUPR: 0.5310
2026-06-08 02:25:17,419 - INFO - Epoch 3750 | Loss: 0.0541 | Train AUC: 0.9991 | Test AUC: 0.8923 | Test AUPR: 0.5445
2026-06-08 02:25:38,825 - INFO - Epoch 3800 | Loss: 0.0568 | Train AUC: 0.9991 | Test AUC: 0.8970 | Test AUPR: 0.5205
2026-06-08 02:26:00,354 - INFO - Epoch 3850 | Loss: 0.0474 | Train AUC: 0.9992 | Test AUC: 0.8900 | Test AUPR: 0.5335
2026-06-08 02:26:21,962 - INFO - Epoch 3900 | Loss: 0.0510 | Train AUC: 0.9990 | Test AUC: 0.8860 | Test AUPR: 0.5134
2026-06-08 02:26:43,224 - INFO - Epoch 3950 | Loss: 0.0509 | Train AUC: 0.9991 | Test AUC: 0.9015 | Test AUPR: 0.5438
2026-06-08 02:27:05,113 - INFO - Epoch 4000 | Loss: 0.0523 | Train AUC: 0.9991 | Test AUC: 0.8952 | Test AUPR: 0.5362
2026-06-08 02:27:27,198 - INFO - Epoch 4050 | Loss: 0.0472 | Train AUC: 0.9992 | Test AUC: 0.8939 | Test AUPR: 0.5461
2026-06-08 02:27:48,613 - INFO - Epoch 4100 | Loss: 0.0549 | Train AUC: 0.9990 | Test AUC: 0.8867 | Test AUPR: 0.5280
2026-06-08 02:28:10,037 - INFO - Epoch 4150 | Loss: 0.0493 | Train AUC: 0.9991 | Test AUC: 0.9012 | Test AUPR: 0.5425
2026-06-08 02:28:31,568 - INFO - Epoch 4200 | Loss: 0.0530 | Train AUC: 0.9990 | Test AUC: 0.8976 | Test AUPR: 0.5315
2026-06-08 02:28:53,133 - INFO - Epoch 4250 | Loss: 0.0549 | Train AUC: 0.9990 | Test AUC: 0.8901 | Test AUPR: 0.5152
2026-06-08 02:29:14,625 - INFO - Epoch 4300 | Loss: 0.0501 | Train AUC: 0.9991 | Test AUC: 0.8771 | Test AUPR: 0.5059
2026-06-08 02:29:36,603 - INFO - Epoch 4350 | Loss: 0.0508 | Train AUC: 0.9992 | Test AUC: 0.8874 | Test AUPR: 0.4861
2026-06-08 02:29:58,404 - INFO - Epoch 4400 | Loss: 0.0491 | Train AUC: 0.9991 | Test AUC: 0.8958 | Test AUPR: 0.5355
2026-06-08 02:30:19,948 - INFO - Epoch 4450 | Loss: 0.0441 | Train AUC: 0.9992 | Test AUC: 0.8919 | Test AUPR: 0.5312
2026-06-08 02:30:41,358 - INFO - Epoch 4500 | Loss: 0.0491 | Train AUC: 0.9991 | Test AUC: 0.8881 | Test AUPR: 0.5212
2026-06-08 02:31:02,894 - INFO - Epoch 4550 | Loss: 0.0480 | Train AUC: 0.9993 | Test AUC: 0.8871 | Test AUPR: 0.5252
2026-06-08 02:31:24,400 - INFO - Epoch 4600 | Loss: 0.0501 | Train AUC: 0.9991 | Test AUC: 0.8893 | Test AUPR: 0.5381
2026-06-08 02:31:46,099 - INFO - Epoch 4650 | Loss: 0.0500 | Train AUC: 0.9992 | Test AUC: 0.8918 | Test AUPR: 0.5217
2026-06-08 02:32:07,607 - INFO - Epoch 4700 | Loss: 0.0511 | Train AUC: 0.9992 | Test AUC: 0.8935 | Test AUPR: 0.5441
2026-06-08 02:32:29,139 - INFO - Epoch 4750 | Loss: 0.0454 | Train AUC: 0.9992 | Test AUC: 0.8937 | Test AUPR: 0.5213
2026-06-08 02:32:50,838 - INFO - Epoch 4800 | Loss: 0.0388 | Train AUC: 0.9994 | Test AUC: 0.8946 | Test AUPR: 0.5145
2026-06-08 02:33:12,257 - INFO - Epoch 4850 | Loss: 0.0486 | Train AUC: 0.9992 | Test AUC: 0.8841 | Test AUPR: 0.5097
2026-06-08 02:33:33,568 - INFO - Epoch 4900 | Loss: 0.0434 | Train AUC: 0.9993 | Test AUC: 0.8905 | Test AUPR: 0.5345
2026-06-08 02:33:55,257 - INFO - Epoch 4950 | Loss: 0.0466 | Train AUC: 0.9992 | Test AUC: 0.8902 | Test AUPR: 0.5353
2026-06-08 02:34:16,801 - INFO - Epoch 5000 | Loss: 0.0485 | Train AUC: 0.9992 | Test AUC: 0.8909 | Test AUPR: 0.4668
2026-06-08 02:34:16,896 - INFO - 5-Fold CV: Fold 5
2026-06-08 02:34:17,380 - INFO - Graph(num_nodes={'disease': 409, 'drug': 663},
      num_edges={('disease', 'di_di', 'disease'): 6507, ('disease', 'di_dr', 'drug'): 2026, ('drug', 'dr_di', 'disease'): 2026, ('drug', 'dr_dr', 'drug'): 10582},
      metagraph=[('disease', 'disease', 'di_di'), ('disease', 'drug', 'di_dr'), ('drug', 'disease', 'dr_di'), ('drug', 'drug', 'dr_dr')])
2026-06-08 02:34:17,450 - INFO - Train: 216934 samples (2026 pos, 214908 neg) | Test: 54233 samples (506 pos, 53727 neg)
2026-06-08 02:34:17,468 - INFO - Loss pos weight: 106.075
2026-06-08 02:34:39,281 - INFO - Epoch   50 | Loss: 0.6642 | Train AUC: 0.9332 | Test AUC: 0.8220 | Test AUPR: 0.0597
2026-06-08 02:35:01,177 - INFO - Epoch  100 | Loss: 0.5117 | Train AUC: 0.9582 | Test AUC: 0.8449 | Test AUPR: 0.0678
2026-06-08 02:35:22,661 - INFO - Epoch  150 | Loss: 0.4072 | Train AUC: 0.9719 | Test AUC: 0.8619 | Test AUPR: 0.1002
2026-06-08 02:35:44,313 - INFO - Epoch  200 | Loss: 0.3521 | Train AUC: 0.9786 | Test AUC: 0.8740 | Test AUPR: 0.1301
2026-06-08 02:36:06,194 - INFO - Epoch  250 | Loss: 0.3027 | Train AUC: 0.9833 | Test AUC: 0.8930 | Test AUPR: 0.2162
2026-06-08 02:36:27,783 - INFO - Epoch  300 | Loss: 0.2717 | Train AUC: 0.9861 | Test AUC: 0.9001 | Test AUPR: 0.2125
2026-06-08 02:36:49,493 - INFO - Epoch  350 | Loss: 0.2415 | Train AUC: 0.9889 | Test AUC: 0.9050 | Test AUPR: 0.2419
2026-06-08 02:37:11,076 - INFO - Epoch  400 | Loss: 0.2169 | Train AUC: 0.9907 | Test AUC: 0.9129 | Test AUPR: 0.3114
2026-06-08 02:37:32,786 - INFO - Epoch  450 | Loss: 0.2008 | Train AUC: 0.9917 | Test AUC: 0.9142 | Test AUPR: 0.3499
2026-06-08 02:37:54,347 - INFO - Epoch  500 | Loss: 0.1847 | Train AUC: 0.9928 | Test AUC: 0.9131 | Test AUPR: 0.3017
2026-06-08 02:38:16,742 - INFO - Epoch  550 | Loss: 0.1798 | Train AUC: 0.9931 | Test AUC: 0.9157 | Test AUPR: 0.3649
2026-06-08 02:38:38,670 - INFO - Epoch  600 | Loss: 0.1702 | Train AUC: 0.9938 | Test AUC: 0.9162 | Test AUPR: 0.4086
2026-06-08 02:39:00,390 - INFO - Epoch  650 | Loss: 0.1599 | Train AUC: 0.9942 | Test AUC: 0.9172 | Test AUPR: 0.3990
2026-06-08 02:39:22,164 - INFO - Epoch  700 | Loss: 0.1566 | Train AUC: 0.9946 | Test AUC: 0.9142 | Test AUPR: 0.3996
2026-06-08 02:39:43,715 - INFO - Epoch  750 | Loss: 0.1463 | Train AUC: 0.9951 | Test AUC: 0.9175 | Test AUPR: 0.4085
2026-06-08 02:40:05,212 - INFO - Epoch  800 | Loss: 0.1496 | Train AUC: 0.9951 | Test AUC: 0.9173 | Test AUPR: 0.4436
2026-06-08 02:40:26,900 - INFO - Epoch  850 | Loss: 0.1359 | Train AUC: 0.9956 | Test AUC: 0.9145 | Test AUPR: 0.4490
2026-06-08 02:40:48,440 - INFO - Epoch  900 | Loss: 0.1361 | Train AUC: 0.9957 | Test AUC: 0.9116 | Test AUPR: 0.4056
2026-06-08 02:41:09,889 - INFO - Epoch  950 | Loss: 0.1244 | Train AUC: 0.9962 | Test AUC: 0.9170 | Test AUPR: 0.4633
2026-06-08 02:41:31,701 - INFO - Epoch 1000 | Loss: 0.1197 | Train AUC: 0.9965 | Test AUC: 0.9149 | Test AUPR: 0.4629
2026-06-08 02:41:53,416 - INFO - Epoch 1050 | Loss: 0.1119 | Train AUC: 0.9968 | Test AUC: 0.9163 | Test AUPR: 0.4497
2026-06-08 02:42:14,562 - INFO - Epoch 1100 | Loss: 0.1202 | Train AUC: 0.9965 | Test AUC: 0.9147 | Test AUPR: 0.4754
2026-06-08 02:42:36,263 - INFO - Epoch 1150 | Loss: 0.1181 | Train AUC: 0.9966 | Test AUC: 0.9151 | Test AUPR: 0.4949
2026-06-08 02:42:57,861 - INFO - Epoch 1200 | Loss: 0.1071 | Train AUC: 0.9970 | Test AUC: 0.9077 | Test AUPR: 0.4465
2026-06-08 02:43:19,318 - INFO - Epoch 1250 | Loss: 0.1072 | Train AUC: 0.9970 | Test AUC: 0.9174 | Test AUPR: 0.4947
2026-06-08 02:43:41,284 - INFO - Epoch 1300 | Loss: 0.1051 | Train AUC: 0.9971 | Test AUC: 0.9153 | Test AUPR: 0.4868
2026-06-08 02:44:02,978 - INFO - Epoch 1350 | Loss: 0.1007 | Train AUC: 0.9973 | Test AUC: 0.9153 | Test AUPR: 0.5123
2026-06-08 02:44:24,452 - INFO - Epoch 1400 | Loss: 0.0991 | Train AUC: 0.9975 | Test AUC: 0.9083 | Test AUPR: 0.4901
2026-06-08 02:44:46,895 - INFO - Epoch 1450 | Loss: 0.0971 | Train AUC: 0.9975 | Test AUC: 0.9108 | Test AUPR: 0.4982
2026-06-08 02:45:08,668 - INFO - Epoch 1500 | Loss: 0.0992 | Train AUC: 0.9975 | Test AUC: 0.9131 | Test AUPR: 0.4950
2026-06-08 02:45:30,158 - INFO - Epoch 1550 | Loss: 0.0939 | Train AUC: 0.9976 | Test AUC: 0.9115 | Test AUPR: 0.5008
2026-06-08 02:45:52,100 - INFO - Epoch 1600 | Loss: 0.0903 | Train AUC: 0.9976 | Test AUC: 0.9114 | Test AUPR: 0.5187
2026-06-08 02:46:13,791 - INFO - Epoch 1650 | Loss: 0.0930 | Train AUC: 0.9976 | Test AUC: 0.9160 | Test AUPR: 0.5200
2026-06-08 02:46:35,280 - INFO - Epoch 1700 | Loss: 0.0971 | Train AUC: 0.9975 | Test AUC: 0.9175 | Test AUPR: 0.4911
2026-06-08 02:46:57,108 - INFO - Epoch 1750 | Loss: 0.0838 | Train AUC: 0.9980 | Test AUC: 0.9074 | Test AUPR: 0.5311
2026-06-08 02:47:18,551 - INFO - Epoch 1800 | Loss: 0.0881 | Train AUC: 0.9979 | Test AUC: 0.9064 | Test AUPR: 0.5289
2026-06-08 02:47:40,293 - INFO - Epoch 1850 | Loss: 0.0861 | Train AUC: 0.9980 | Test AUC: 0.9093 | Test AUPR: 0.5271
2026-06-08 02:48:01,842 - INFO - Epoch 1900 | Loss: 0.0846 | Train AUC: 0.9980 | Test AUC: 0.9092 | Test AUPR: 0.5392
2026-06-08 02:48:23,493 - INFO - Epoch 1950 | Loss: 0.0880 | Train AUC: 0.9979 | Test AUC: 0.9066 | Test AUPR: 0.5039
2026-06-08 02:48:45,437 - INFO - Epoch 2000 | Loss: 0.0801 | Train AUC: 0.9981 | Test AUC: 0.9108 | Test AUPR: 0.4939
2026-06-08 02:49:07,079 - INFO - Epoch 2050 | Loss: 0.0784 | Train AUC: 0.9982 | Test AUC: 0.9058 | Test AUPR: 0.5328
2026-06-08 02:49:28,804 - INFO - Epoch 2100 | Loss: 0.0790 | Train AUC: 0.9982 | Test AUC: 0.9130 | Test AUPR: 0.5471
2026-06-08 02:49:50,229 - INFO - Epoch 2150 | Loss: 0.0788 | Train AUC: 0.9981 | Test AUC: 0.9027 | Test AUPR: 0.5155
2026-06-08 02:50:11,726 - INFO - Epoch 2200 | Loss: 0.0751 | Train AUC: 0.9983 | Test AUC: 0.9088 | Test AUPR: 0.5386
2026-06-08 02:50:33,405 - INFO - Epoch 2250 | Loss: 0.0787 | Train AUC: 0.9982 | Test AUC: 0.9119 | Test AUPR: 0.5186
2026-06-08 02:50:55,106 - INFO - Epoch 2300 | Loss: 0.0803 | Train AUC: 0.9982 | Test AUC: 0.9052 | Test AUPR: 0.5399
2026-06-08 02:51:16,963 - INFO - Epoch 2350 | Loss: 0.0761 | Train AUC: 0.9983 | Test AUC: 0.9040 | Test AUPR: 0.5137
2026-06-08 02:51:38,474 - INFO - Epoch 2400 | Loss: 0.0751 | Train AUC: 0.9983 | Test AUC: 0.9073 | Test AUPR: 0.5347
2026-06-08 02:52:00,031 - INFO - Epoch 2450 | Loss: 0.0734 | Train AUC: 0.9983 | Test AUC: 0.9106 | Test AUPR: 0.5243
2026-06-08 02:52:21,704 - INFO - Epoch 2500 | Loss: 0.0681 | Train AUC: 0.9985 | Test AUC: 0.9103 | Test AUPR: 0.5440
2026-06-08 02:52:43,493 - INFO - Epoch 2550 | Loss: 0.0751 | Train AUC: 0.9984 | Test AUC: 0.9092 | Test AUPR: 0.5226
2026-06-08 02:53:04,976 - INFO - Epoch 2600 | Loss: 0.0681 | Train AUC: 0.9985 | Test AUC: 0.9079 | Test AUPR: 0.5478
2026-06-08 02:53:26,574 - INFO - Epoch 2650 | Loss: 0.0650 | Train AUC: 0.9987 | Test AUC: 0.9034 | Test AUPR: 0.5211
2026-06-08 02:53:48,756 - INFO - Epoch 2700 | Loss: 0.0766 | Train AUC: 0.9985 | Test AUC: 0.9045 | Test AUPR: 0.5599
2026-06-08 02:54:10,181 - INFO - Epoch 2750 | Loss: 0.0663 | Train AUC: 0.9986 | Test AUC: 0.9059 | Test AUPR: 0.5303
2026-06-08 02:54:31,617 - INFO - Epoch 2800 | Loss: 0.0691 | Train AUC: 0.9985 | Test AUC: 0.8997 | Test AUPR: 0.5131
2026-06-08 02:54:53,814 - INFO - Epoch 2850 | Loss: 0.0622 | Train AUC: 0.9986 | Test AUC: 0.9045 | Test AUPR: 0.5449
2026-06-08 02:55:15,553 - INFO - Epoch 2900 | Loss: 0.0698 | Train AUC: 0.9986 | Test AUC: 0.9050 | Test AUPR: 0.4859
2026-06-08 02:55:36,878 - INFO - Epoch 2950 | Loss: 0.0644 | Train AUC: 0.9987 | Test AUC: 0.8993 | Test AUPR: 0.5167
2026-06-08 02:55:58,739 - INFO - Epoch 3000 | Loss: 0.0631 | Train AUC: 0.9987 | Test AUC: 0.9092 | Test AUPR: 0.5527
2026-06-08 02:56:20,283 - INFO - Epoch 3050 | Loss: 0.0627 | Train AUC: 0.9988 | Test AUC: 0.8987 | Test AUPR: 0.5404
2026-06-08 02:56:41,928 - INFO - Epoch 3100 | Loss: 0.0626 | Train AUC: 0.9987 | Test AUC: 0.9053 | Test AUPR: 0.5498
2026-06-08 02:57:03,682 - INFO - Epoch 3150 | Loss: 0.0694 | Train AUC: 0.9987 | Test AUC: 0.9031 | Test AUPR: 0.5595
2026-06-08 02:57:25,101 - INFO - Epoch 3200 | Loss: 0.0680 | Train AUC: 0.9987 | Test AUC: 0.9050 | Test AUPR: 0.5594
2026-06-08 02:57:46,498 - INFO - Epoch 3250 | Loss: 0.0643 | Train AUC: 0.9987 | Test AUC: 0.9037 | Test AUPR: 0.5494
2026-06-08 02:58:08,158 - INFO - Epoch 3300 | Loss: 0.0558 | Train AUC: 0.9989 | Test AUC: 0.8986 | Test AUPR: 0.5262
2026-06-08 02:58:29,782 - INFO - Epoch 3350 | Loss: 0.0646 | Train AUC: 0.9987 | Test AUC: 0.8989 | Test AUPR: 0.5638
2026-06-08 02:58:51,387 - INFO - Epoch 3400 | Loss: 0.0572 | Train AUC: 0.9989 | Test AUC: 0.9017 | Test AUPR: 0.5645
2026-06-08 02:59:13,191 - INFO - Epoch 3450 | Loss: 0.0588 | Train AUC: 0.9989 | Test AUC: 0.9009 | Test AUPR: 0.5594
2026-06-08 02:59:34,747 - INFO - Epoch 3500 | Loss: 0.0615 | Train AUC: 0.9986 | Test AUC: 0.8974 | Test AUPR: 0.5586
2026-06-08 02:59:56,371 - INFO - Epoch 3550 | Loss: 0.0712 | Train AUC: 0.9987 | Test AUC: 0.8978 | Test AUPR: 0.5287
2026-06-08 03:00:18,025 - INFO - Epoch 3600 | Loss: 0.0597 | Train AUC: 0.9988 | Test AUC: 0.9005 | Test AUPR: 0.5459
2026-06-08 03:00:39,668 - INFO - Epoch 3650 | Loss: 0.0523 | Train AUC: 0.9990 | Test AUC: 0.9005 | Test AUPR: 0.5593
2026-06-08 03:01:01,075 - INFO - Epoch 3700 | Loss: 0.0574 | Train AUC: 0.9988 | Test AUC: 0.9034 | Test AUPR: 0.5021
2026-06-08 03:01:22,721 - INFO - Epoch 3750 | Loss: 0.0573 | Train AUC: 0.9988 | Test AUC: 0.8969 | Test AUPR: 0.5469
2026-06-08 03:01:44,593 - INFO - Epoch 3800 | Loss: 0.0501 | Train AUC: 0.9991 | Test AUC: 0.9029 | Test AUPR: 0.5594
2026-06-08 03:02:06,153 - INFO - Epoch 3850 | Loss: 0.0569 | Train AUC: 0.9990 | Test AUC: 0.9041 | Test AUPR: 0.5887
2026-06-08 03:02:28,051 - INFO - Epoch 3900 | Loss: 0.0601 | Train AUC: 0.9989 | Test AUC: 0.8938 | Test AUPR: 0.5612
2026-06-08 03:02:49,697 - INFO - Epoch 3950 | Loss: 0.0631 | Train AUC: 0.9989 | Test AUC: 0.8917 | Test AUPR: 0.5314
2026-06-08 03:03:11,348 - INFO - Epoch 4000 | Loss: 0.0558 | Train AUC: 0.9988 | Test AUC: 0.8947 | Test AUPR: 0.5486
2026-06-08 03:03:33,268 - INFO - Epoch 4050 | Loss: 0.0593 | Train AUC: 0.9990 | Test AUC: 0.9003 | Test AUPR: 0.5784
2026-06-08 03:03:54,772 - INFO - Epoch 4100 | Loss: 0.0495 | Train AUC: 0.9991 | Test AUC: 0.8984 | Test AUPR: 0.5783
2026-06-08 03:04:16,546 - INFO - Epoch 4150 | Loss: 0.0544 | Train AUC: 0.9990 | Test AUC: 0.8971 | Test AUPR: 0.5625
2026-06-08 03:04:38,794 - INFO - Epoch 4200 | Loss: 0.0510 | Train AUC: 0.9991 | Test AUC: 0.8901 | Test AUPR: 0.5501
2026-06-08 03:05:00,339 - INFO - Epoch 4250 | Loss: 0.0520 | Train AUC: 0.9991 | Test AUC: 0.8980 | Test AUPR: 0.5661
2026-06-08 03:05:22,048 - INFO - Epoch 4300 | Loss: 0.0503 | Train AUC: 0.9991 | Test AUC: 0.8967 | Test AUPR: 0.5707
2026-06-08 03:05:43,795 - INFO - Epoch 4350 | Loss: 0.0429 | Train AUC: 0.9992 | Test AUC: 0.9022 | Test AUPR: 0.5840
2026-06-08 03:06:05,375 - INFO - Epoch 4400 | Loss: 0.0478 | Train AUC: 0.9992 | Test AUC: 0.8982 | Test AUPR: 0.5650
2026-06-08 03:06:26,895 - INFO - Epoch 4450 | Loss: 0.0514 | Train AUC: 0.9991 | Test AUC: 0.8975 | Test AUPR: 0.5636
2026-06-08 03:06:48,574 - INFO - Epoch 4500 | Loss: 0.0501 | Train AUC: 0.9992 | Test AUC: 0.8974 | Test AUPR: 0.5576
2026-06-08 03:07:10,027 - INFO - Epoch 4550 | Loss: 0.0591 | Train AUC: 0.9989 | Test AUC: 0.8864 | Test AUPR: 0.5489
2026-06-08 03:07:31,508 - INFO - Epoch 4600 | Loss: 0.0481 | Train AUC: 0.9992 | Test AUC: 0.8927 | Test AUPR: 0.5647
2026-06-08 03:07:53,364 - INFO - Epoch 4650 | Loss: 0.0503 | Train AUC: 0.9991 | Test AUC: 0.8835 | Test AUPR: 0.5349
2026-06-08 03:08:14,880 - INFO - Epoch 4700 | Loss: 0.0510 | Train AUC: 0.9990 | Test AUC: 0.8958 | Test AUPR: 0.5873
2026-06-08 03:08:36,605 - INFO - Epoch 4750 | Loss: 0.0430 | Train AUC: 0.9992 | Test AUC: 0.8977 | Test AUPR: 0.5793
2026-06-08 03:08:58,344 - INFO - Epoch 4800 | Loss: 0.0458 | Train AUC: 0.9993 | Test AUC: 0.8922 | Test AUPR: 0.5877
2026-06-08 03:09:19,920 - INFO - Epoch 4850 | Loss: 0.0500 | Train AUC: 0.9991 | Test AUC: 0.8970 | Test AUPR: 0.5752
2026-06-08 03:09:41,628 - INFO - Epoch 4900 | Loss: 0.0411 | Train AUC: 0.9994 | Test AUC: 0.9005 | Test AUPR: 0.5800
2026-06-08 03:10:03,978 - INFO - Epoch 4950 | Loss: 0.0446 | Train AUC: 0.9993 | Test AUC: 0.8973 | Test AUPR: 0.5674
2026-06-08 03:10:25,366 - INFO - Epoch 5000 | Loss: 0.0478 | Train AUC: 0.9992 | Test AUC: 0.8939 | Test AUPR: 0.5726
2026-06-08 03:11:20,494 - INFO - Overall Test Metrics   AUC: 0.891; AUPR: 0.541; Acc: 0.993; F1: 0.577; Precision: 0.613; Recall: 0.545
